Archive member included to satisfy reference by file (symbol)

c:/nxp/lpcxpresso_8.2.2_650/lpcxpresso/tools/bin/../lib/gcc/arm-none-eabi/5.4.1/armv7-m\libgcc.a(_arm_addsubsf3.o)
                              unity.o (__aeabi_fsub)
c:/nxp/lpcxpresso_8.2.2_650/lpcxpresso/tools/bin/../lib/gcc/arm-none-eabi/5.4.1/armv7-m\libgcc.a(_arm_muldivsf3.o)
                              unity.o (__aeabi_fmul)
c:/nxp/lpcxpresso_8.2.2_650/lpcxpresso/tools/bin/../lib/gcc/arm-none-eabi/5.4.1/armv7-m\libgcc.a(_arm_cmpsf2.o)
                              unity.o (__aeabi_fcmpeq)
c:/nxp/lpcxpresso_8.2.2_650/lpcxpresso/tools/bin/../lib/gcc/arm-none-eabi/5.4.1/armv7-m\libgcc.a(_arm_unordsf2.o)
                              unity.o (__aeabi_fcmpun)
c:/nxp/lpcxpresso_8.2.2_650/lpcxpresso/tools/bin/../lib/gcc/arm-none-eabi/5.4.1/armv7-m\libgcc.a(_arm_fixsfsi.o)
                              unity.o (__aeabi_f2iz)
c:/nxp/lpcxpresso_8.2.2_650/lpcxpresso/tools/bin/../lib/gcc/arm-none-eabi/5.4.1/armv7-m\libgcc.a(_aeabi_uldivmod.o)
                              system_LPC17xx.o (__aeabi_uldivmod)
c:/nxp/lpcxpresso_8.2.2_650/lpcxpresso/tools/bin/../lib/gcc/arm-none-eabi/5.4.1/armv7-m\libgcc.a(_udivmoddi4.o)
                              c:/nxp/lpcxpresso_8.2.2_650/lpcxpresso/tools/bin/../lib/gcc/arm-none-eabi/5.4.1/armv7-m\libgcc.a(_aeabi_uldivmod.o) (__udivmoddi4)
c:/nxp/lpcxpresso_8.2.2_650/lpcxpresso/tools/bin/../lib/gcc/arm-none-eabi/5.4.1/armv7-m\libgcc.a(_dvmd_tls.o)
                              c:/nxp/lpcxpresso_8.2.2_650/lpcxpresso/tools/bin/../lib/gcc/arm-none-eabi/5.4.1/armv7-m\libgcc.a(_aeabi_uldivmod.o) (__aeabi_ldiv0)
c:/nxp/lpcxpresso_8.2.2_650/lpcxpresso/tools/bin/../lib/gcc/arm-none-eabi/5.4.1/../../../../arm-none-eabi/lib/armv7-m\libc.a(lib_a-impure.o)
                              unity.o (_impure_ptr)
c:/nxp/lpcxpresso_8.2.2_650/lpcxpresso/tools/bin/../lib/gcc/arm-none-eabi/5.4.1/../../../../arm-none-eabi/lib/armv7-m\libc.a(lib_a-malloc.o)
                              event.o (malloc)
c:/nxp/lpcxpresso_8.2.2_650/lpcxpresso/tools/bin/../lib/gcc/arm-none-eabi/5.4.1/../../../../arm-none-eabi/lib/armv7-m\libc.a(lib_a-mallocr.o)
                              c:/nxp/lpcxpresso_8.2.2_650/lpcxpresso/tools/bin/../lib/gcc/arm-none-eabi/5.4.1/../../../../arm-none-eabi/lib/armv7-m\libc.a(lib_a-malloc.o) (_malloc_r)
c:/nxp/lpcxpresso_8.2.2_650/lpcxpresso/tools/bin/../lib/gcc/arm-none-eabi/5.4.1/../../../../arm-none-eabi/lib/armv7-m\libc.a(lib_a-memcpy.o)
                              event.o (memcpy)
c:/nxp/lpcxpresso_8.2.2_650/lpcxpresso/tools/bin/../lib/gcc/arm-none-eabi/5.4.1/../../../../arm-none-eabi/lib/armv7-m\libc.a(lib_a-memset.o)
                              eventos_test_framework.o (memset)
c:/nxp/lpcxpresso_8.2.2_650/lpcxpresso/tools/bin/../lib/gcc/arm-none-eabi/5.4.1/../../../../arm-none-eabi/lib/armv7-m\libc.a(lib_a-mlock.o)
                              c:/nxp/lpcxpresso_8.2.2_650/lpcxpresso/tools/bin/../lib/gcc/arm-none-eabi/5.4.1/../../../../arm-none-eabi/lib/armv7-m\libc.a(lib_a-mallocr.o) (__malloc_lock)
c:/nxp/lpcxpresso_8.2.2_650/lpcxpresso/tools/bin/../lib/gcc/arm-none-eabi/5.4.1/../../../../arm-none-eabi/lib/armv7-m\libc.a(lib_a-printf.o)
                              eventos_log.o (printf)
c:/nxp/lpcxpresso_8.2.2_650/lpcxpresso/tools/bin/../lib/gcc/arm-none-eabi/5.4.1/../../../../arm-none-eabi/lib/armv7-m\libc.a(lib_a-sbrkr.o)
                              c:/nxp/lpcxpresso_8.2.2_650/lpcxpresso/tools/bin/../lib/gcc/arm-none-eabi/5.4.1/../../../../arm-none-eabi/lib/armv7-m\libc.a(lib_a-mallocr.o) (_sbrk_r)
c:/nxp/lpcxpresso_8.2.2_650/lpcxpresso/tools/bin/../lib/gcc/arm-none-eabi/5.4.1/../../../../arm-none-eabi/lib/armv7-m\libc.a(lib_a-setjmp.o)
                              unity.o (setjmp)
c:/nxp/lpcxpresso_8.2.2_650/lpcxpresso/tools/bin/../lib/gcc/arm-none-eabi/5.4.1/../../../../arm-none-eabi/lib/armv7-m\libc.a(lib_a-snprintf.o)
                              eventos_log.o (snprintf)
c:/nxp/lpcxpresso_8.2.2_650/lpcxpresso/tools/bin/../lib/gcc/arm-none-eabi/5.4.1/../../../../arm-none-eabi/lib/armv7-m\libc.a(lib_a-strcmp.o)
                              unity_fixture.o (strcmp)
c:/nxp/lpcxpresso_8.2.2_650/lpcxpresso/tools/bin/../lib/gcc/arm-none-eabi/5.4.1/../../../../arm-none-eabi/lib/armv7-m\libc.a(lib_a-strlen-stub.o)
                              event.o (strlen)
c:/nxp/lpcxpresso_8.2.2_650/lpcxpresso/tools/bin/../lib/gcc/arm-none-eabi/5.4.1/../../../../arm-none-eabi/lib/armv7-m\libc.a(lib_a-strstr.o)
                              unity_fixture.o (strstr)
c:/nxp/lpcxpresso_8.2.2_650/lpcxpresso/tools/bin/../lib/gcc/arm-none-eabi/5.4.1/../../../../arm-none-eabi/lib/armv7-m\libc.a(lib_a-svfprintf.o)
                              c:/nxp/lpcxpresso_8.2.2_650/lpcxpresso/tools/bin/../lib/gcc/arm-none-eabi/5.4.1/../../../../arm-none-eabi/lib/armv7-m\libc.a(lib_a-snprintf.o) (_svfprintf_r)
[...]
Memory Configuration

Name             Origin             Length             Attributes
MFlash512        0x00000000         0x00080000         xr
RamLoc32         0x10000000         0x00008000         xrw
RamAHB32         0x2007c000         0x00008000         xrw
*default*        0x00000000         0xffffffff

Linker script and memory map

LOAD main.o
LOAD core_cm3.o
LOAD system_LPC17xx.o
LOAD cr_startup_lpc17.o
LOAD eventos_test_event.o
LOAD eventos_test_framework.o
LOAD eventos_test_runner.o
LOAD event.o
LOAD list.o
LOAD port.o
LOAD eventos_log.o
LOAD unity.o
LOAD unity_fixture.o
START GROUP
LOAD c:/nxp/lpcxpresso_8.2.2_650/lpcxpresso/tools/bin/../lib/gcc/arm-none-eabi/5.4.1/armv7-m\libgcc.a
LOAD c:/nxp/lpcxpresso_8.2.2_650/lpcxpresso/tools/bin/../lib/gcc/arm-none-eabi/5.4.1/../../../../arm-none-eabi/lib/armv7-m\libc.a
LOAD c:/nxp/lpcxpresso_8.2.2_650/lpcxpresso/tools/bin/../lib/gcc/arm-none-eabi/5.4.1/../../../../arm-none-eabi/lib/armv7-m\libm.a
LOAD c:/nxp/lpcxpresso_8.2.2_650/lpcxpresso/tools/bin/../lib/gcc/arm-none-eabi/5.4.1/../../../../arm-none-eabi/lib/armv7-m\libnosys.a
END GROUP
                0x00000000                __base_MFlash512 = 0x0
                0x00000000                __base_Flash = 0x0
                0x00080000                __top_MFlash512 = 0x80000
                0x00080000                __top_Flash = 0x80000
                0x10000000                __base_RamLoc32 = 0x10000000
                0x10000000                __base_RAM = 0x10000000
                0x10008000                __top_RamLoc32 = 0x10008000
                0x10008000                __top_RAM = 0x10008000
                0x2007c000                __base_RamAHB32 = 0x2007c000
                0x2007c000                __base_RAM2 = 0x2007c000
                0x20084000                __top_RamAHB32 = 0x20084000
                0x20084000                __top_RAM2 = 0x20084000

.text           0x00000000     0x3640
 FILL mask 0xff
                0x00000000                __vectors_start__ = ABSOLUTE (.)
 *(.isr_vector)
 .isr_vector    0x00000000       0xcc cr_startup_lpc17.o
                0x00000000                g_pfnVectors
                0x000000cc                . = ALIGN (0x4)
                0x000000cc                __section_table_start = .
                0x000000cc                __data_section_table = .
                0x000000cc        0x4 LONG 0x3640 LOADADDR (.data)
                0x000000d0        0x4 LONG 0x10000000 ADDR (.data)
                0x000000d4        0x4 LONG 0x84c SIZEOF (.data)
                0x000000d8        0x4 LONG 0x3640 LOADADDR (.data_RAM2)
                0x000000dc        0x4 LONG 0x2007c000 ADDR (.data_RAM2)
                0x000000e0        0x4 LONG 0x0 SIZEOF (.data_RAM2)
                0x000000e4                __data_section_table_end = .
                0x000000e4                __bss_section_table = .
                0x000000e4        0x4 LONG 0x1000084c ADDR (.bss)
                0x000000e8        0x4 LONG 0x4158 SIZEOF (.bss)
                0x000000ec        0x4 LONG 0x2007c000 ADDR (.bss_RAM2)
                0x000000f0        0x4 LONG 0x0 SIZEOF (.bss_RAM2)
                0x000000f4                __bss_section_table_end = .
                0x000000f4                __section_table_end = .
 *(.after_vectors*)
 *(.text*)
 .text.main     0x000000f4       0x10 main.o
                0x000000f4                main
 .text.vApplicationIdleHook
                0x00000104        0xc main.o
                0x00000104                vApplicationIdleHook
 .text.SystemInit
                0x00000110      0x140 system_LPC17xx.o
                0x00000110                SystemInit
 .text.ResetISR
                0x00000250       0x58 cr_startup_lpc17.o
                0x00000250                ResetISR
 .text.NMI_Handler
                0x000002a8        0x8 cr_startup_lpc17.o
                0x000002a8                NMI_Handler
 .text.HardFault_Handler
                0x000002b0        0x8 cr_startup_lpc17.o
                0x000002b0                HardFault_Handler
 .text.MemManage_Handler
                0x000002b8        0x8 cr_startup_lpc17.o
                0x000002b8                MemManage_Handler
 .text.BusFault_Handler
                0x000002c0        0x8 cr_startup_lpc17.o
                0x000002c0                BusFault_Handler
 .text.UsageFault_Handler
                0x000002c8        0x8 cr_startup_lpc17.o
                0x000002c8                UsageFault_Handler
 .text.SVCall_Handler
                0x000002d0        0x8 cr_startup_lpc17.o
                0x000002d0                SVCall_Handler
 .text.DebugMon_Handler
                0x000002d8        0x8 cr_startup_lpc17.o
                0x000002d8                DebugMon_Handler
 .text.SysTick_Handler
                0x000002e0        0x8 cr_startup_lpc17.o
                0x000002e0                SysTick_Handler
 .text.IntDefaultHandler
                0x000002e8        0x8 cr_startup_lpc17.o
                0x000002e8                TIMER2_IRQHandler
                0x000002e8                RIT_IRQHandler
                0x000002e8                I2C0_IRQHandler
                0x000002e8                USBActivity_IRQHandler
                0x000002e8                PWM1_IRQHandler
                0x000002e8                I2C1_IRQHandler
                0x000002e8                EINT2_IRQHandler
                0x000002e8                UART1_IRQHandler
                0x000002e8                EINT3_IRQHandler
                0x000002e8                CANActivity_IRQHandler
                0x000002e8                TIMER3_IRQHandler
                0x000002e8                UART0_IRQHandler
                0x000002e8                IntDefaultHandler
                0x000002e8                PLL0_IRQHandler
                0x000002e8                CAN_IRQHandler
                0x000002e8                PLL1_IRQHandler
                0x000002e8                SSP0_IRQHandler
                0x000002e8                I2S_IRQHandler
                0x000002e8                I2C2_IRQHandler
                0x000002e8                RTC_IRQHandler
                0x000002e8                TIMER0_IRQHandler
                0x000002e8                SPI_IRQHandler
                0x000002e8                EINT1_IRQHandler
                0x000002e8                TIMER1_IRQHandler
                0x000002e8                UART2_IRQHandler
                0x000002e8                ADC_IRQHandler
                0x000002e8                SSP1_IRQHandler
                0x000002e8                USB_IRQHandler
                0x000002e8                BOD_IRQHandler
                0x000002e8                WDT_IRQHandler
                0x000002e8                QEI_IRQHandler
                0x000002e8                EINT0_IRQHandler
                0x000002e8                DMA_IRQHandler
                0x000002e8                UART3_IRQHandler
                0x000002e8                MCPWM_IRQHandler
                0x000002e8                ENET_IRQHandler
 .text.TEST_Full_EVENTOS_EVENT_SETUP
                0x000002f0       0x1c eventos_test_event.o
                0x000002f0                TEST_Full_EVENTOS_EVENT_SETUP
 .text.TEST_Full_EVENTOS_EVENT_TEAR_DOWN
                0x0000030c        0xc eventos_test_event.o
                0x0000030c                TEST_Full_EVENTOS_EVENT_TEAR_DOWN
 .text.TEST_Full_EVENTOS_EVENT_GROUP_RUNNER
                0x00000318       0x28 eventos_test_event.o
                0x00000318                TEST_Full_EVENTOS_EVENT_GROUP_RUNNER
 .text.TEST_Full_EVENTOS_EVENT_RegisterEventWithNullString_run
                0x00000340       0x48 eventos_test_event.o
                0x00000340                TEST_Full_EVENTOS_EVENT_RegisterEventWithNullString_run
 .text.TEST_Full_EVENTOS_EVENT_RegisterEventWithNullString_
                0x00000388       0x58 eventos_test_event.o
                0x00000388                TEST_Full_EVENTOS_EVENT_RegisterEventWithNullString_
 .text.TEST_Full_EVENTOS_EVENT_RegisterEventTwice_run
                0x000003e0       0x48 eventos_test_event.o
                0x000003e0                TEST_Full_EVENTOS_EVENT_RegisterEventTwice_run
 .text.TEST_Full_EVENTOS_EVENT_RegisterEventTwice_
                0x00000428       0x84 eventos_test_event.o
                0x00000428                TEST_Full_EVENTOS_EVENT_RegisterEventTwice_
 .text.TEST_Full_EVENTOS_EVENT_PublishEventBeforeRegister_run
                0x000004ac       0x48 eventos_test_event.o
                0x000004ac                TEST_Full_EVENTOS_EVENT_PublishEventBeforeRegister_run
 .text.TEST_Full_EVENTOS_EVENT_PublishEventBeforeRegister_
                0x000004f4       0x44 eventos_test_event.o
                0x000004f4                TEST_Full_EVENTOS_EVENT_PublishEventBeforeRegister_
 .text.TEST_Full_EVENTOS_EVENT_PublishInvalidEvent_run
                0x00000538       0x48 eventos_test_event.o
                0x00000538                TEST_Full_EVENTOS_EVENT_PublishInvalidEvent_run
 .text.TEST_Full_EVENTOS_EVENT_PublishInvalidEvent_
                0x00000580       0x48 eventos_test_event.o
                0x00000580                TEST_Full_EVENTOS_EVENT_PublishInvalidEvent_
 .text.TEST_Full_EVENTOS_EVENT_PublishInvalidPriority_run
                0x000005c8       0x48 eventos_test_event.o
                0x000005c8                TEST_Full_EVENTOS_EVENT_PublishInvalidPriority_run
 .text.TEST_Full_EVENTOS_EVENT_PublishInvalidPriority_
                0x00000610       0x4c eventos_test_event.o
                0x00000610                TEST_Full_EVENTOS_EVENT_PublishInvalidPriority_
 .text.TEST_Full_EVENTOS_EVENT_PublishInvalidOwner_run
                0x0000065c       0x48 eventos_test_event.o
                0x0000065c                TEST_Full_EVENTOS_EVENT_PublishInvalidOwner_run
 .text.TEST_Full_EVENTOS_EVENT_PublishInvalidOwner_
                0x000006a4       0x70 eventos_test_event.o
                0x000006a4                TEST_Full_EVENTOS_EVENT_PublishInvalidOwner_
 .text.TEST_Full_EVENTOS_EVENT_PublishInvalidPayload_run
                0x00000714       0x48 eventos_test_event.o
                0x00000714                TEST_Full_EVENTOS_EVENT_PublishInvalidPayload_run
 .text.TEST_Full_EVENTOS_EVENT_PublishInvalidPayload_
                0x0000075c       0x48 eventos_test_event.o
                0x0000075c                TEST_Full_EVENTOS_EVENT_PublishInvalidPayload_
 .text.TEST_Full_EVENTOS_EVENT_PublishValidEvent_run
                0x000007a4       0x48 eventos_test_event.o
                0x000007a4                TEST_Full_EVENTOS_EVENT_PublishValidEvent_run
 .text.TEST_Full_EVENTOS_EVENT_PublishValidEvent_
                0x000007ec       0x48 eventos_test_event.o
                0x000007ec                TEST_Full_EVENTOS_EVENT_PublishValidEvent_
 .text.RunTests
                0x00000834        0xc eventos_test_runner.o
 .text.TEST_RUNNER_RunTests
                0x00000840       0x38 eventos_test_runner.o
                0x00000840                TEST_RUNNER_RunTests
 .text.vEvent_startScheduler
                0x00000878        0xc event.o
                0x00000878                vEvent_startScheduler
 .text.xEvent_register
                0x00000884      0x12c event.o
                0x00000884                xEvent_register
 .text.xEvent_publish
                0x000009b0      0x104 event.o
                0x000009b0                xEvent_publish
 .text.vEvent_processEvents
                0x00000ab4       0xe8 event.o
                0x00000ab4                vEvent_processEvents
 .text.vEvent_idleTask
                0x00000b9c        0xc event.o
                0x00000b9c                vEvent_idleTask
 .text.prvEvent_getProcessStamp
                0x00000ba8       0x20 event.o
 .text.prvEvent_initializeEventLists
                0x00000bc8       0x38 event.o
 .text.prvEvent_initializeEventAdmin
                0x00000c00       0x74 event.o
 .text.prvEvent_initializeECBVariables
                0x00000c74       0x60 event.o
 .text.prvEvent_incrementProcessStamp
                0x00000cd4       0x1c event.o
 .text.prvEvent_updateLifeTime
                0x00000cf0       0xe0 event.o
 .text.prvEvent_getNextEvent
                0x00000dd0       0x60 event.o
 .text.prvEvent_increaseEventPriority
                0x00000e30       0x34 event.o
 .text.prvEvent_terminateEvent
                0x00000e64       0x34 event.o
 .text.prvEvent_deleteECB
                0x00000e98       0x28 event.o
 .text.prvEvent_generateEventKey
                0x00000ec0       0x48 event.o
 .text.vList_initialize
                0x00000f08       0x48 list.o
                0x00000f08                vList_initialize
 .text.vList_initialiseNode
                0x00000f50       0x18 list.o
                0x00000f50                vList_initialiseNode
 .text.vList_insert
                0x00000f68       0x70 list.o
                0x00000f68                vList_insert
 .text.vList_remove
                0x00000fd8       0x3c list.o
                0x00000fd8                vList_remove
 .text.xPortStartScheduler
                0x00001014       0x1c port.o
                0x00001014                xPortStartScheduler
 .text.vPortGenerateEvent
                0x00001030       0x18 port.o
                0x00001030                vPortGenerateEvent
 .text.vPortDisableInterrupts
                0x00001048       0x10 port.o
                0x00001048                vPortDisableInterrupts
 .text.vPortEnableInterrupts
                0x00001058       0x10 port.o
                0x00001058                vPortEnableInterrupts
 .text.PendSV_Handler
                0x00001068        0xc port.o
                0x00001068                PendSV_Handler
 .text.__sputc_r
                0x00001074       0x5c unity.o
 .text.UnityPrint
                0x000010d0       0xe4 unity.o
                0x000010d0                UnityPrint
 .text.UnityPrintNumberByStyle
                0x000011b4       0x78 unity.o
                0x000011b4                UnityPrintNumberByStyle
 .text.UnityPrintNumber
                0x0000122c       0x3c unity.o
                0x0000122c                UnityPrintNumber
 .text.UnityPrintNumberUnsigned
                0x00001268       0x7c unity.o
                0x00001268                UnityPrintNumberUnsigned
 .text.UnityPrintNumberHex
                0x000012e4       0x80 unity.o
                0x000012e4                UnityPrintNumberHex
 .text.UnityTestResultsBegin
                0x00001364       0x68 unity.o
 .text.UnityTestResultsFailBegin
                0x000013cc       0x40 unity.o
 .text.UnityAddMsgIfSpecified
                0x0000140c       0x68 unity.o
 .text.UnityAssertEqualNumber
                0x00001474       0x78 unity.o
                0x00001474                UnityAssertEqualNumber
 .text.UnityFail
                0x000014ec       0xcc unity.o
                0x000014ec                UnityFail
 .text.UnityBegin
                0x000015b8       0x54 unity.o
                0x000015b8                UnityBegin
 .text.UnityEnd
                0x0000160c       0xc0 unity.o
                0x0000160c                UnityEnd
 .text.__sputc_r
                0x000016cc       0x5c unity_fixture.o
 .text.selected
                0x00001728       0x30 unity_fixture.o
 .text.testSelected
                0x00001758       0x24 unity_fixture.o
 .text.groupSelected
                0x0000177c       0x24 unity_fixture.o
 .text.UnityTestRunner
                0x000017a0       0xd0 unity_fixture.o
                0x000017a0                UnityTestRunner
 .text.UnityMalloc_StartTest
                0x00001870       0x24 unity_fixture.o
                0x00001870                UnityMalloc_StartTest
 .text.UnityMalloc_EndTest
                0x00001894       0x34 unity_fixture.o
                0x00001894                UnityMalloc_EndTest
 .text.UnityPointer_Init
                0x000018c8       0x18 unity_fixture.o
                0x000018c8                UnityPointer_Init
 .text.UnityPointer_UndoAllSets
                0x000018e0       0x40 unity_fixture.o
                0x000018e0                UnityPointer_UndoAllSets
 .text.UnityConcludeFixtureTest
                0x00001920       0x90 unity_fixture.o
                0x00001920                UnityConcludeFixtureTest
 .text.malloc   0x000019b0       0x10 c:/nxp/lpcxpresso_8.2.2_650/lpcxpresso/tools/bin/../lib/gcc/arm-none-eabi/5.4.1/../../../../arm-none-eabi/lib/armv7-m\libc.a(lib_a-malloc.o)
                0x000019b0                malloc
 .text.free     0x000019c0       0x10 c:/nxp/lpcxpresso_8.2.2_650/lpcxpresso/tools/bin/../lib/gcc/arm-none-eabi/5.4.1/../../../../arm-none-eabi/lib/armv7-m\libc.a(lib_a-malloc.o)
                0x000019c0                free
 .text._malloc_r
                0x000019d0      0x558 c:/nxp/lpcxpresso_8.2.2_650/lpcxpresso/tools/bin/../lib/gcc/arm-none-eabi/5.4.1/../../../../arm-none-eabi/lib/armv7-m\libc.a(lib_a-mallocr.o)
                0x000019d0                _malloc_r
 .text          0x00001f28       0xec c:/nxp/lpcxpresso_8.2.2_650/lpcxpresso/tools/bin/../lib/gcc/arm-none-eabi/5.4.1/../../../../arm-none-eabi/lib/armv7-m\libc.a(lib_a-memcpy.o)
                0x00001f28                memcpy
 .text.memset   0x00002014       0x9c c:/nxp/lpcxpresso_8.2.2_650/lpcxpresso/tools/bin/../lib/gcc/arm-none-eabi/5.4.1/../../../../arm-none-eabi/lib/armv7-m\libc.a(lib_a-memset.o)
                0x00002014                memset
 .text.__malloc_lock
                0x000020b0        0x4 c:/nxp/lpcxpresso_8.2.2_650/lpcxpresso/tools/bin/../lib/gcc/arm-none-eabi/5.4.1/../../../../arm-none-eabi/lib/armv7-m\libc.a(lib_a-mlock.o)
                0x000020b0                __malloc_lock
 .text.__malloc_unlock
                0x000020b4        0x4 c:/nxp/lpcxpresso_8.2.2_650/lpcxpresso/tools/bin/../lib/gcc/arm-none-eabi/5.4.1/../../../../arm-none-eabi/lib/armv7-m\libc.a(lib_a-mlock.o)
                0x000020b4                __malloc_unlock
 .text._sbrk_r  0x000020b8       0x24 c:/nxp/lpcxpresso_8.2.2_650/lpcxpresso/tools/bin/../lib/gcc/arm-none-eabi/5.4.1/../../../../arm-none-eabi/lib/armv7-m\libc.a(lib_a-sbrkr.o)
                0x000020b8                _sbrk_r
 .text          0x000020dc       0x1c c:/nxp/lpcxpresso_8.2.2_650/lpcxpresso/tools/bin/../lib/gcc/arm-none-eabi/5.4.1/../../../../arm-none-eabi/lib/armv7-m\libc.a(lib_a-setjmp.o)
                0x000020dc                setjmp
                0x000020e8                longjmp
 .text.strlen   0x000020f8       0x5c c:/nxp/lpcxpresso_8.2.2_650/lpcxpresso/tools/bin/../lib/gcc/arm-none-eabi/5.4.1/../../../../arm-none-eabi/lib/armv7-m\libc.a(lib_a-strlen-stub.o)
                0x000020f8                strlen
 .text.critical_factorization
                0x00002154       0xb8 c:/nxp/lpcxpresso_8.2.2_650/lpcxpresso/tools/bin/../lib/gcc/arm-none-eabi/5.4.1/../../../../arm-none-eabi/lib/armv7-m\libc.a(lib_a-strstr.o)
 .text.two_way_long_needle
                0x0000220c      0x200 c:/nxp/lpcxpresso_8.2.2_650/lpcxpresso/tools/bin/../lib/gcc/arm-none-eabi/5.4.1/../../../../arm-none-eabi/lib/armv7-m\libc.a(lib_a-strstr.o)
 .text.strstr   0x0000240c      0x220 c:/nxp/lpcxpresso_8.2.2_650/lpcxpresso/tools/bin/../lib/gcc/arm-none-eabi/5.4.1/../../../../arm-none-eabi/lib/armv7-m\libc.a(lib_a-strstr.o)
                0x0000240c                strstr
 .text.__swbuf_r
                0x0000262c       0xac c:/nxp/lpcxpresso_8.2.2_650/lpcxpresso/tools/bin/../lib/gcc/arm-none-eabi/5.4.1/../../../../arm-none-eabi/lib/armv7-m\libc.a(lib_a-wbuf.o)
                0x0000262c                __swbuf_r
 .text.__swsetup_r
                0x000026d8       0xc8 c:/nxp/lpcxpresso_8.2.2_650/lpcxpresso/tools/bin/../lib/gcc/arm-none-eabi/5.4.1/../../../../arm-none-eabi/lib/armv7-m\libc.a(lib_a-wsetup.o)
                0x000026d8                __swsetup_r
 .text.__sflush_r
                0x000027a0      0x148 c:/nxp/lpcxpresso_8.2.2_650/lpcxpresso/tools/bin/../lib/gcc/arm-none-eabi/5.4.1/../../../../arm-none-eabi/lib/armv7-m\libc.a(lib_a-fflush.o)
                0x000027a0                __sflush_r
 .text._fflush_r
                0x000028e8       0x2c c:/nxp/lpcxpresso_8.2.2_650/lpcxpresso/tools/bin/../lib/gcc/arm-none-eabi/5.4.1/../../../../arm-none-eabi/lib/armv7-m\libc.a(lib_a-fflush.o)
                0x000028e8                _fflush_r
 .text._cleanup_r
                0x00002914        0xc c:/nxp/lpcxpresso_8.2.2_650/lpcxpresso/tools/bin/../lib/gcc/arm-none-eabi/5.4.1/../../../../arm-none-eabi/lib/armv7-m\libc.a(lib_a-findfp.o)
                0x00002914                _cleanup_r
 .text.__sinit.part.1
                0x00002920       0xf0 c:/nxp/lpcxpresso_8.2.2_650/lpcxpresso/tools/bin/../lib/gcc/arm-none-eabi/5.4.1/../../../../arm-none-eabi/lib/armv7-m\libc.a(lib_a-findfp.o)
 .text.__sinit  0x00002a10        0xc c:/nxp/lpcxpresso_8.2.2_650/lpcxpresso/tools/bin/../lib/gcc/arm-none-eabi/5.4.1/../../../../arm-none-eabi/lib/armv7-m\libc.a(lib_a-findfp.o)
                0x00002a10                __sinit
 .text.__sfp_lock_acquire
                0x00002a1c        0x4 c:/nxp/lpcxpresso_8.2.2_650/lpcxpresso/tools/bin/../lib/gcc/arm-none-eabi/5.4.1/../../../../arm-none-eabi/lib/armv7-m\libc.a(lib_a-findfp.o)
                0x00002a1c                __sfp_lock_acquire
 .text.__sfp_lock_release
                0x00002a20        0x4 c:/nxp/lpcxpresso_8.2.2_650/lpcxpresso/tools/bin/../lib/gcc/arm-none-eabi/5.4.1/../../../../arm-none-eabi/lib/armv7-m\libc.a(lib_a-findfp.o)
                0x00002a20                __sfp_lock_release
 .text._malloc_trim_r
                0x00002a24       0x9c c:/nxp/lpcxpresso_8.2.2_650/lpcxpresso/tools/bin/../lib/gcc/arm-none-eabi/5.4.1/../../../../arm-none-eabi/lib/armv7-m\libc.a(lib_a-freer.o)
                0x00002a24                _malloc_trim_r
 .text._free_r  0x00002ac0      0x1d0 c:/nxp/lpcxpresso_8.2.2_650/lpcxpresso/tools/bin/../lib/gcc/arm-none-eabi/5.4.1/../../../../arm-none-eabi/lib/armv7-m\libc.a(lib_a-freer.o)
                0x00002ac0                _free_r
 .text._fwalk_reent
                0x00002c90       0x50 c:/nxp/lpcxpresso_8.2.2_650/lpcxpresso/tools/bin/../lib/gcc/arm-none-eabi/5.4.1/../../../../arm-none-eabi/lib/armv7-m\libc.a(lib_a-fwalk.o)
                0x00002c90                _fwalk_reent
 .text.__swhatbuf_r
                0x00002ce0       0x60 c:/nxp/lpcxpresso_8.2.2_650/lpcxpresso/tools/bin/../lib/gcc/arm-none-eabi/5.4.1/../../../../arm-none-eabi/lib/armv7-m\libc.a(lib_a-makebuf.o)
                0x00002ce0                __swhatbuf_r
 .text.__smakebuf_r
                0x00002d40       0x88 c:/nxp/lpcxpresso_8.2.2_650/lpcxpresso/tools/bin/../lib/gcc/arm-none-eabi/5.4.1/../../../../arm-none-eabi/lib/armv7-m\libc.a(lib_a-makebuf.o)
                0x00002d40                __smakebuf_r
 .text.memchr   0x00002dc8       0x8c c:/nxp/lpcxpresso_8.2.2_650/lpcxpresso/tools/bin/../lib/gcc/arm-none-eabi/5.4.1/../../../../arm-none-eabi/lib/armv7-m\libc.a(lib_a-memchr-stub.o)
                0x00002dc8                memchr
 .text.memcmp   0x00002e54       0x64 c:/nxp/lpcxpresso_8.2.2_650/lpcxpresso/tools/bin/../lib/gcc/arm-none-eabi/5.4.1/../../../../arm-none-eabi/lib/armv7-m\libc.a(lib_a-memcmp.o)
                0x00002e54                memcmp
 .text.__sread  0x00002eb8       0x24 c:/nxp/lpcxpresso_8.2.2_650/lpcxpresso/tools/bin/../lib/gcc/arm-none-eabi/5.4.1/../../../../arm-none-eabi/lib/armv7-m\libc.a(lib_a-stdio.o)
                0x00002eb8                __sread
 .text.__swrite
                0x00002edc       0x3c c:/nxp/lpcxpresso_8.2.2_650/lpcxpresso/tools/bin/../lib/gcc/arm-none-eabi/5.4.1/../../../../arm-none-eabi/lib/armv7-m\libc.a(lib_a-stdio.o)
                0x00002edc                __swrite
 .text.__sseek  0x00002f18       0x20 c:/nxp/lpcxpresso_8.2.2_650/lpcxpresso/tools/bin/../lib/gcc/arm-none-eabi/5.4.1/../../../../arm-none-eabi/lib/armv7-m\libc.a(lib_a-stdio.o)
                0x00002f18                __sseek
 .text.__sclose
                0x00002f38        0x8 c:/nxp/lpcxpresso_8.2.2_650/lpcxpresso/tools/bin/../lib/gcc/arm-none-eabi/5.4.1/../../../../arm-none-eabi/lib/armv7-m\libc.a(lib_a-stdio.o)
                0x00002f38                __sclose
 .text.strchr   0x00002f40       0xd0 c:/nxp/lpcxpresso_8.2.2_650/lpcxpresso/tools/bin/../lib/gcc/arm-none-eabi/5.4.1/../../../../arm-none-eabi/lib/armv7-m\libc.a(lib_a-strchr.o)
                0x00002f40                strchr
 .text._write_r
                0x00003010       0x2c c:/nxp/lpcxpresso_8.2.2_650/lpcxpresso/tools/bin/../lib/gcc/arm-none-eabi/5.4.1/../../../../arm-none-eabi/lib/armv7-m\libc.a(lib_a-writer.o)
                0x00003010                _write_r
 .text._close_r
                0x0000303c       0x24 c:/nxp/lpcxpresso_8.2.2_650/lpcxpresso/tools/bin/../lib/gcc/arm-none-eabi/5.4.1/../../../../arm-none-eabi/lib/armv7-m\libc.a(lib_a-closer.o)
                0x0000303c                _close_r
 .text._fclose_r
                0x00003060       0x84 c:/nxp/lpcxpresso_8.2.2_650/lpcxpresso/tools/bin/../lib/gcc/arm-none-eabi/5.4.1/../../../../arm-none-eabi/lib/armv7-m\libc.a(lib_a-fclose.o)
                0x00003060                _fclose_r
 .text._fstat_r
                0x000030e4       0x28 c:/nxp/lpcxpresso_8.2.2_650/lpcxpresso/tools/bin/../lib/gcc/arm-none-eabi/5.4.1/../../../../arm-none-eabi/lib/armv7-m\libc.a(lib_a-fstatr.o)
                0x000030e4                _fstat_r
 .text._isatty_r
                0x0000310c       0x24 c:/nxp/lpcxpresso_8.2.2_650/lpcxpresso/tools/bin/../lib/gcc/arm-none-eabi/5.4.1/../../../../arm-none-eabi/lib/armv7-m\libc.a(lib_a-isattyr.o)
                0x0000310c                _isatty_r
 .text._lseek_r
                0x00003130       0x2c c:/nxp/lpcxpresso_8.2.2_650/lpcxpresso/tools/bin/../lib/gcc/arm-none-eabi/5.4.1/../../../../arm-none-eabi/lib/armv7-m\libc.a(lib_a-lseekr.o)
                0x00003130                _lseek_r
 .text._read_r  0x0000315c       0x2c c:/nxp/lpcxpresso_8.2.2_650/lpcxpresso/tools/bin/../lib/gcc/arm-none-eabi/5.4.1/../../../../arm-none-eabi/lib/armv7-m\libc.a(lib_a-readr.o)
                0x0000315c                _read_r
 .text._close   0x00003188       0x10 c:/nxp/lpcxpresso_8.2.2_650/lpcxpresso/tools/bin/../lib/gcc/arm-none-eabi/5.4.1/../../../../arm-none-eabi/lib/armv7-m\libnosys.a(close.o)
                0x00003188                _close
 .text._fstat   0x00003198       0x10 c:/nxp/lpcxpresso_8.2.2_650/lpcxpresso/tools/bin/../lib/gcc/arm-none-eabi/5.4.1/../../../../arm-none-eabi/lib/armv7-m\libnosys.a(fstat.o)
                0x00003198                _fstat
 .text._isatty  0x000031a8       0x10 c:/nxp/lpcxpresso_8.2.2_650/lpcxpresso/tools/bin/../lib/gcc/arm-none-eabi/5.4.1/../../../../arm-none-eabi/lib/armv7-m\libnosys.a(isatty.o)
                0x000031a8                _isatty
 .text._lseek   0x000031b8       0x10 c:/nxp/lpcxpresso_8.2.2_650/lpcxpresso/tools/bin/../lib/gcc/arm-none-eabi/5.4.1/../../../../arm-none-eabi/lib/armv7-m\libnosys.a(lseek.o)
                0x000031b8                _lseek
 .text._read    0x000031c8       0x10 c:/nxp/lpcxpresso_8.2.2_650/lpcxpresso/tools/bin/../lib/gcc/arm-none-eabi/5.4.1/../../../../arm-none-eabi/lib/armv7-m\libnosys.a(read.o)
                0x000031c8                _read
 .text._sbrk    0x000031d8       0x1c c:/nxp/lpcxpresso_8.2.2_650/lpcxpresso/tools/bin/../lib/gcc/arm-none-eabi/5.4.1/../../../../arm-none-eabi/lib/armv7-m\libnosys.a(sbrk.o)
                0x000031d8                _sbrk
 .text._write   0x000031f4       0x10 c:/nxp/lpcxpresso_8.2.2_650/lpcxpresso/tools/bin/../lib/gcc/arm-none-eabi/5.4.1/../../../../arm-none-eabi/lib/armv7-m\libnosys.a(write.o)
                0x000031f4                _write
 *(.rodata .rodata.* .constdata .constdata.*)
 .rodata        0x00003204      0x2d2 eventos_test_event.o
 *fill*         0x000034d6        0x2 ff
 .rodata        0x000034d8       0x3e eventos_test_runner.o
 *fill*         0x00003516        0x2 ff
 .rodata.UnityStrOk
                0x00003518        0x3 unity.o
 *fill*         0x0000351b        0x1 ff
 .rodata.UnityStrFail
                0x0000351c        0x5 unity.o
 *fill*         0x00003521        0x3 ff
 .rodata.UnityStrSpacer
                0x00003524        0x3 unity.o
 *fill*         0x00003527        0x1 ff
 .rodata.UnityStrExpected
                0x00003528        0xb unity.o
 *fill*         0x00003533        0x1 ff
 .rodata.UnityStrWas
                0x00003534        0x6 unity.o
 *fill*         0x0000353a        0x2 ff
 .rodata.UnityStrBreaker
                0x0000353c       0x18 unity.o
 .rodata.UnityStrResultsTests
                0x00003554        0x8 unity.o
 .rodata.UnityStrResultsFailures
                0x0000355c        0xb unity.o
 *fill*         0x00003567        0x1 ff
 .rodata.UnityStrResultsIgnored
                0x00003568        0xa unity.o
 *fill*         0x00003572        0x2 ff
 .rodata.UnityStrDetail1Name
                0x00003574        0xa unity.o
 *fill*         0x0000357e        0x2 ff
 .rodata.UnityStrDetail2Name
                0x00003580        0xb unity.o
 *fill*         0x0000358b        0x1 ff
 .rodata        0x0000358c       0xae unity_fixture.o
 *fill*         0x0000363a        0x2 ff
 .rodata.str1.4
                0x0000363c        0x4 c:/nxp/lpcxpresso_8.2.2_650/lpcxpresso/tools/bin/../lib/gcc/arm-none-eabi/5.4.1/../../../../arm-none-eabi/lib/armv7-m\libc.a(lib_a-impure.o)
                                  0x2 (size before relaxing)
                0x00003640                . = ALIGN (0x4)

.glue_7         0x00003640        0x0
 .glue_7        0x00003640        0x0 linker stubs

.glue_7t        0x00003640        0x0
 .glue_7t       0x00003640        0x0 linker stubs

.vfp11_veneer   0x00003640        0x0
 .vfp11_veneer  0x00003640        0x0 linker stubs

.v4_bx          0x00003640        0x0
 .v4_bx         0x00003640        0x0 linker stubs

.iplt           0x00003640        0x0
 .iplt          0x00003640        0x0 main.o

.rel.dyn        0x00003640        0x0
 .rel.iplt      0x00003640        0x0 main.o

.ARM.extab
 *(.ARM.extab* .gnu.linkonce.armextab.*)
                0x00003640                __exidx_start = .

.ARM.exidx
 *(.ARM.exidx* .gnu.linkonce.armexidx.*)
                0x00003640                __exidx_end = .
                0x00003640                _etext = .

.data_RAM2      0x2007c000        0x0 load address 0x00003640
 FILL mask 0xff
                [!provide]                PROVIDE (__start_data_RAM2, .)
 *(.ramfunc.$RAM2)
 *(.ramfunc.$RamAHB32)
 *(.data.$RAM2*)
 *(.data.$RamAHB32*)
                0x2007c000                . = ALIGN (0x4)
                [!provide]                PROVIDE (__end_data_RAM2, .)

.uninit_RESERVED
                0x10000000        0x0
 *(.bss.$RESERVED*)
                0x10000000                . = ALIGN (0x4)
                0x10000000                _end_uninit_RESERVED = .

.data           0x10000000      0x84c load address 0x00003640
 FILL mask 0xff
                0x10000000                _data = .
 *(vtable)
 *(.ramfunc*)
 *(.data*)
 .data.TEST_event_id
                0x10000000        0x4 eventos_test_event.o
 .data.TEST_GROUP_Full_EVENTOS_EVENT
                0x10000004        0x4 eventos_test_event.o
 .data.malloc_fail_countdown
                0x10000008        0x4 unity_fixture.o
 *fill*         0x1000000c        0x4 ff
 .data.impure_data
                0x10000010      0x428 c:/nxp/lpcxpresso_8.2.2_650/lpcxpresso/tools/bin/../lib/gcc/arm-none-eabi/5.4.1/../../../../arm-none-eabi/lib/armv7-m\libc.a(lib_a-impure.o)
 .data._impure_ptr
                0x10000438        0x4 c:/nxp/lpcxpresso_8.2.2_650/lpcxpresso/tools/bin/../lib/gcc/arm-none-eabi/5.4.1/../../../../arm-none-eabi/lib/armv7-m\libc.a(lib_a-impure.o)
                0x10000438                _impure_ptr
 .data.__malloc_av_
                0x1000043c      0x408 c:/nxp/lpcxpresso_8.2.2_650/lpcxpresso/tools/bin/../lib/gcc/arm-none-eabi/5.4.1/../../../../arm-none-eabi/lib/armv7-m\libc.a(lib_a-mallocr.o)
                0x1000043c                __malloc_av_
 .data.__malloc_trim_threshold
                0x10000844        0x4 c:/nxp/lpcxpresso_8.2.2_650/lpcxpresso/tools/bin/../lib/gcc/arm-none-eabi/5.4.1/../../../../arm-none-eabi/lib/armv7-m\libc.a(lib_a-mallocr.o)
                0x10000844                __malloc_trim_threshold
 .data.__malloc_sbrk_base
                0x10000848        0x4 c:/nxp/lpcxpresso_8.2.2_650/lpcxpresso/tools/bin/../lib/gcc/arm-none-eabi/5.4.1/../../../../arm-none-eabi/lib/armv7-m\libc.a(lib_a-mallocr.o)
                0x10000848                __malloc_sbrk_base
                0x1000084c                . = ALIGN (0x4)
                0x1000084c                _edata = .

.igot.plt       0x1000084c        0x0 load address 0x00003e8c
 .igot.plt      0x1000084c        0x0 main.o

.bss_RAM2       0x2007c000        0x0
                [!provide]                PROVIDE (__start_bss_RAM2, .)
 *(.bss.$RAM2*)
 *(.bss.$RamAHB32*)
                0x2007c000                . = ALIGN ((. != 0x0)?0x4:0x1)
                [!provide]                PROVIDE (__end_bss_RAM2, .)

.bss            0x1000084c     0x4158
                0x1000084c                _bss = .
 *(.bss*)
 .bss.TEST_event_key
                0x1000084c        0x4 eventos_test_event.o
 .bss.TEST_event_pvHandler
                0x10000850        0x4 eventos_test_event.o
 .bss.pxEventsLists
                0x10000854       0x3c event.o
 .bss.pxEventAdminList
                0x10000890     0x4000 event.o
 .bss.pxCurrentECB
                0x10004890        0x4 event.o
 .bss.evt_ulCurrentNumberOfPubEvents
                0x10004894        0x4 event.o
 .bss.evt_ulCurrentNumberOfRegEvents
                0x10004898        0x4 event.o
 .bss.evt_ulProcessStamp
                0x1000489c        0x4 event.o
 .bss.pxSCB.5438
                0x100048a0        0x4 event.o
 .bss.Unity     0x100048a4       0x84 unity.o
                0x100048a4                Unity
 .bss.UnityFixture
                0x10004928       0x10 unity_fixture.o
                0x10004928                UnityFixture
 .bss.malloc_count
                0x10004938        0x4 unity_fixture.o
 .bss.pointer_store
                0x1000493c       0x28 unity_fixture.o
 .bss.pointer_index
                0x10004964        0x4 unity_fixture.o
 .bss.__malloc_max_total_mem
                0x10004968        0x4 c:/nxp/lpcxpresso_8.2.2_650/lpcxpresso/tools/bin/../lib/gcc/arm-none-eabi/5.4.1/../../../../arm-none-eabi/lib/armv7-m\libc.a(lib_a-mallocr.o)
                0x10004968                __malloc_max_total_mem
 .bss.__malloc_max_sbrked_mem
                0x1000496c        0x4 c:/nxp/lpcxpresso_8.2.2_650/lpcxpresso/tools/bin/../lib/gcc/arm-none-eabi/5.4.1/../../../../arm-none-eabi/lib/armv7-m\libc.a(lib_a-mallocr.o)
                0x1000496c                __malloc_max_sbrked_mem
 .bss.__malloc_top_pad
                0x10004970        0x4 c:/nxp/lpcxpresso_8.2.2_650/lpcxpresso/tools/bin/../lib/gcc/arm-none-eabi/5.4.1/../../../../arm-none-eabi/lib/armv7-m\libc.a(lib_a-mallocr.o)
                0x10004970                __malloc_top_pad
 .bss.__malloc_current_mallinfo
                0x10004974       0x28 c:/nxp/lpcxpresso_8.2.2_650/lpcxpresso/tools/bin/../lib/gcc/arm-none-eabi/5.4.1/../../../../arm-none-eabi/lib/armv7-m\libc.a(lib_a-mallocr.o)
                0x10004974                __malloc_current_mallinfo
 .bss.heap_end.4167
                0x1000499c        0x4 c:/nxp/lpcxpresso_8.2.2_650/lpcxpresso/tools/bin/../lib/gcc/arm-none-eabi/5.4.1/../../../../arm-none-eabi/lib/armv7-m\libnosys.a(sbrk.o)
 *(COMMON)
 COMMON         0x100049a0        0x4 c:/nxp/lpcxpresso_8.2.2_650/lpcxpresso/tools/bin/../lib/gcc/arm-none-eabi/5.4.1/../../../../arm-none-eabi/lib/armv7-m\libc.a(lib_a-reent.o)
                0x100049a0                errno
                0x100049a4                . = ALIGN (0x4)
                0x100049a4                _ebss = .
                0x100049a4                PROVIDE (end, .)

.noinit_RAM2    0x2007c000        0x0
 *(.noinit.$RAM2*)
 *(.noinit.$RamAHB32*)
                0x2007c000                . = ALIGN (0x4)

.noinit         0x100049a4        0x0
                0x100049a4                _noinit = .
 *(.noinit*)
                0x100049a4                . = ALIGN (0x4)
                0x100049a4                _end_noinit = .
                [!provide]                PROVIDE (_pvHeapStart, DEFINED (__user_heap_base)?__user_heap_base:.)
                0x10008000                PROVIDE (_vStackTop, DEFINED (__user_stack_top)?__user_stack_top:(__top_RamLoc32 - 0x0))
                [!provide]                PROVIDE (__valid_user_code_checksum, (0x0 - ((((((_vStackTop + (ResetISR + 0x1)) + (NMI_Handler + 0x1)) + (HardFault_Handler + 0x1)) + (DEFINED (MemManage_Handler)?MemManage_Handler:0x0 + 0x1)) + (DEFINED (BusFault_Handler)?BusFault_Handler:0x0 + 0x1)) + (DEFINED (UsageFault_Handler)?UsageFault_Handler:0x0 + 0x1))))
OUTPUT(EventOS_unit_tests.axf elf32-littlearm)

.debug_info     0x00000000     0x4562
 .debug_info    0x00000000       0xb9 main.o
 .debug_info    0x000000b9      0x32e system_LPC17xx.o
 .debug_info    0x000003e7      0x1b6 cr_startup_lpc17.o
 .debug_info    0x0000059d      0x4db eventos_test_event.o
 .debug_info    0x00000a78      0x225 eventos_test_runner.o
 .debug_info    0x00000c9d      0x809 event.o
 .debug_info    0x000014a6      0x287 list.o
 .debug_info    0x0000172d      0x549 port.o
 .debug_info    0x00001c76     0x1aaa unity.o
 .debug_info    0x00003720      0xe42 unity_fixture.o

.debug_abbrev   0x00000000      0xe21
 .debug_abbrev  0x00000000       0x5d main.o
 .debug_abbrev  0x0000005d       0xe6 system_LPC17xx.o
 .debug_abbrev  0x00000143       0xb9 cr_startup_lpc17.o
 .debug_abbrev  0x000001fc      0x10a eventos_test_event.o
 .debug_abbrev  0x00000306      0x129 eventos_test_runner.o
 .debug_abbrev  0x0000042f      0x1fb event.o
 .debug_abbrev  0x0000062a       0xbf list.o
 .debug_abbrev  0x000006e9      0x15f port.o
 .debug_abbrev  0x00000848      0x2f1 unity.o
 .debug_abbrev  0x00000b39      0x2e8 unity_fixture.o

.debug_aranges  0x00000000      0x4e8
 .debug_aranges
                0x00000000       0x28 main.o
 .debug_aranges
                0x00000028       0x28 system_LPC17xx.o
 .debug_aranges
                0x00000050       0x70 cr_startup_lpc17.o
 .debug_aranges
                0x000000c0       0xb0 eventos_test_event.o
 .debug_aranges
                0x00000170       0x28 eventos_test_runner.o
 .debug_aranges
                0x00000198       0xa8 event.o
 .debug_aranges
                0x00000240       0x40 list.o
 .debug_aranges
                0x00000280       0x48 port.o
 .debug_aranges
                0x000002c8      0x158 unity.o
 .debug_aranges
                0x00000420       0xc8 unity_fixture.o

.debug_ranges   0x00000000      0x448
 .debug_ranges  0x00000000       0x18 main.o
 .debug_ranges  0x00000018       0x18 system_LPC17xx.o
 .debug_ranges  0x00000030       0x60 cr_startup_lpc17.o
 .debug_ranges  0x00000090       0xa0 eventos_test_event.o
 .debug_ranges  0x00000130       0x18 eventos_test_runner.o
 .debug_ranges  0x00000148       0x98 event.o
 .debug_ranges  0x000001e0       0x30 list.o
 .debug_ranges  0x00000210       0x38 port.o
 .debug_ranges  0x00000248      0x148 unity.o
 .debug_ranges  0x00000390       0xb8 unity_fixture.o

.debug_macro    0x00000000     0x5580
 .debug_macro   0x00000000      0x2b5 main.o
 .debug_macro   0x000002b5      0x874 main.o
 .debug_macro   0x00000b29       0x22 main.o
 .debug_macro   0x00000b4b       0x40 main.o
 .debug_macro   0x00000b8b       0x8d main.o
 .debug_macro   0x00000c18       0x3c main.o
 .debug_macro   0x00000c54       0x9c main.o
 .debug_macro   0x00000cf0       0x16 main.o
 .debug_macro   0x00000d06      0x10e main.o
 .debug_macro   0x00000e14       0x86 main.o
 .debug_macro   0x00000e9a       0x4a main.o
 .debug_macro   0x00000ee4       0x52 main.o
 .debug_macro   0x00000f36       0x1f main.o
 .debug_macro   0x00000f55       0x43 main.o
 .debug_macro   0x00000f98       0x20 main.o
 .debug_macro   0x00000fb8      0x1a3 main.o
 .debug_macro   0x0000115b      0x330 main.o
 .debug_macro   0x0000148b       0x16 main.o
 .debug_macro   0x000014a1       0x29 main.o
 .debug_macro   0x000014ca       0x1c main.o
 .debug_macro   0x000014e6       0x35 main.o
 .debug_macro   0x0000151b       0x10 main.o
 .debug_macro   0x0000152b       0x10 main.o
 .debug_macro   0x0000153b       0x5e main.o
 .debug_macro   0x00001599       0x1c main.o
 .debug_macro   0x000015b5       0x52 main.o
 .debug_macro   0x00001607       0x40 main.o
 .debug_macro   0x00001647       0x10 main.o
 .debug_macro   0x00001657       0x40 main.o
 .debug_macro   0x00001697       0xd7 main.o
 .debug_macro   0x0000176e       0x16 main.o
 .debug_macro   0x00001784      0x15f main.o
 .debug_macro   0x000018e3       0xfd main.o
 .debug_macro   0x000019e0      0x1df main.o
 .debug_macro   0x00001bbf       0x34 main.o
 .debug_macro   0x00001bf3       0xa6 main.o
 .debug_macro   0x00001c99       0x2f main.o
 .debug_macro   0x00001cc8       0x16 main.o
 .debug_macro   0x00001cde       0x10 main.o
 .debug_macro   0x00001cee      0x1e1 main.o
 .debug_macro   0x00001ecf       0x2b main.o
 .debug_macro   0x00001efa      0x118 main.o
 .debug_macro   0x00002012       0x16 main.o
 .debug_macro   0x00002028       0x10 main.o
 .debug_macro   0x00002038       0x41 main.o
 .debug_macro   0x00002079      0x54f main.o
 .debug_macro   0x000025c8      0x94a main.o
 .debug_macro   0x00002f12      0x152 system_LPC17xx.o
 .debug_macro   0x00003064       0x1c system_LPC17xx.o
 .debug_macro   0x00003080       0x2e system_LPC17xx.o
 .debug_macro   0x000030ae       0x18 system_LPC17xx.o
 .debug_macro   0x000030c6      0x7af system_LPC17xx.o
 .debug_macro   0x00003875      0x2c7 system_LPC17xx.o
 .debug_macro   0x00003b3c       0x79 cr_startup_lpc17.o
 .debug_macro   0x00003bb5      0x2fc eventos_test_event.o
 .debug_macro   0x00003eb1       0x22 eventos_test_event.o
 .debug_macro   0x00003ed3       0x46 eventos_test_event.o
 .debug_macro   0x00003f19      0x16d eventos_test_event.o
 .debug_macro   0x00004086       0x10 eventos_test_event.o
 .debug_macro   0x00004096       0x3a eventos_test_event.o
 .debug_macro   0x000040d0       0x10 eventos_test_event.o
 .debug_macro   0x000040e0       0x35 eventos_test_event.o
 .debug_macro   0x00004115       0x4e eventos_test_event.o
 .debug_macro   0x00004163      0x505 eventos_test_event.o
 .debug_macro   0x00004668       0x28 eventos_test_event.o
 .debug_macro   0x00004690       0x10 eventos_test_event.o
 .debug_macro   0x000046a0       0x64 eventos_test_event.o
 .debug_macro   0x00004704      0x30e eventos_test_runner.o
 .debug_macro   0x00004a12       0x16 eventos_test_runner.o
 .debug_macro   0x00004a28      0x242 event.o
 .debug_macro   0x00004c6a       0x58 event.o
 .debug_macro   0x00004cc2      0x15b list.o
 .debug_macro   0x00004e1d      0x22e port.o
 .debug_macro   0x0000504b      0x268 unity.o
 .debug_macro   0x000052b3      0x2cd unity_fixture.o

.debug_line     0x00000000     0x3f34
 .debug_line    0x00000000      0x5fe main.o
 .debug_line    0x000005fe      0x331 system_LPC17xx.o
 .debug_line    0x0000092f      0x34b cr_startup_lpc17.o
 .debug_line    0x00000c7a      0x785 eventos_test_event.o
 .debug_line    0x000013ff      0x6b8 eventos_test_runner.o
 .debug_line    0x00001ab7      0x738 event.o
 .debug_line    0x000021ef      0x42d list.o
 .debug_line    0x0000261c      0x54f port.o
 .debug_line    0x00002b6b      0xc18 unity.o
 .debug_line    0x00003783      0x7b1 unity_fixture.o

.debug_str      0x00000000    0x235e2
 .debug_str     0x00000000    0x1c107 main.o
                              0x1c363 (size before relaxing)
 .debug_str     0x0001c107     0x455e system_LPC17xx.o
                               0x790c (size before relaxing)
 .debug_str     0x00020665      0x15f cr_startup_lpc17.o
                               0x352f (size before relaxing)
 .debug_str     0x000207c4      0xe3d eventos_test_event.o
                              0x1d10f (size before relaxing)
 .debug_str     0x00021601      0x16c eventos_test_runner.o
                              0x1cd18 (size before relaxing)
 .debug_str     0x0002176d      0x85a event.o
                               0x85c2 (size before relaxing)
 .debug_str     0x00021fc7       0xbc list.o
                               0x6cff (size before relaxing)
 .debug_str     0x00022083      0x1f9 port.o
                               0xbfea (size before relaxing)
 .debug_str     0x0002227c     0x10ba unity.o
                              0x1cce4 (size before relaxing)
 .debug_str     0x00023336      0x2ac unity_fixture.o
                              0x1cb31 (size before relaxing)

.comment        0x00000000       0x6e
 .comment       0x00000000       0x6e main.o
                                 0x6f (size before relaxing)
 .comment       0x0000006e       0x6f system_LPC17xx.o
 .comment       0x0000006e       0x6f cr_startup_lpc17.o
 .comment       0x0000006e       0x6f eventos_test_event.o
 .comment       0x0000006e       0x6f eventos_test_runner.o
 .comment       0x0000006e       0x6f event.o
 .comment       0x0000006e       0x6f list.o
 .comment       0x0000006e       0x6f port.o
 .comment       0x0000006e       0x6f unity.o
 .comment       0x0000006e       0x6f unity_fixture.o

.ARM.attributes
                0x00000000       0x31
 .ARM.attributes
                0x00000000       0x33 main.o
 .ARM.attributes
                0x00000033       0x33 system_LPC17xx.o
 .ARM.attributes
                0x00000066       0x33 cr_startup_lpc17.o
 .ARM.attributes
                0x00000099       0x33 eventos_test_event.o
 .ARM.attributes
                0x000000cc       0x33 eventos_test_runner.o
 .ARM.attributes
                0x000000ff       0x33 event.o
 .ARM.attributes
                0x00000132       0x33 list.o
 .ARM.attributes
                0x00000165       0x33 port.o
 .ARM.attributes
                0x00000198       0x33 unity.o
 .ARM.attributes
                0x000001cb       0x33 unity_fixture.o
 .ARM.attributes
                0x000001fe       0x2d c:/nxp/lpcxpresso_8.2.2_650/lpcxpresso/tools/bin/../lib/gcc/arm-none-eabi/5.4.1/../../../../arm-none-eabi/lib/armv7-m\libc.a(lib_a-impure.o)
 .ARM.attributes
                0x0000022b       0x2d c:/nxp/lpcxpresso_8.2.2_650/lpcxpresso/tools/bin/../lib/gcc/arm-none-eabi/5.4.1/../../../../arm-none-eabi/lib/armv7-m\libc.a(lib_a-malloc.o)
 .ARM.attributes
                0x00000258       0x2d c:/nxp/lpcxpresso_8.2.2_650/lpcxpresso/tools/bin/../lib/gcc/arm-none-eabi/5.4.1/../../../../arm-none-eabi/lib/armv7-m\libc.a(lib_a-mallocr.o)
 .ARM.attributes
                0x00000285       0x1b c:/nxp/lpcxpresso_8.2.2_650/lpcxpresso/tools/bin/../lib/gcc/arm-none-eabi/5.4.1/../../../../arm-none-eabi/lib/armv7-m\libc.a(lib_a-memcpy.o)
 .ARM.attributes
                0x000002a0       0x2d c:/nxp/lpcxpresso_8.2.2_650/lpcxpresso/tools/bin/../lib/gcc/arm-none-eabi/5.4.1/../../../../arm-none-eabi/lib/armv7-m\libc.a(lib_a-memset.o)
 .ARM.attributes
                0x000002cd       0x2d c:/nxp/lpcxpresso_8.2.2_650/lpcxpresso/tools/bin/../lib/gcc/arm-none-eabi/5.4.1/../../../../arm-none-eabi/lib/armv7-m\libc.a(lib_a-mlock.o)
 .ARM.attributes
                0x000002fa       0x2d c:/nxp/lpcxpresso_8.2.2_650/lpcxpresso/tools/bin/../lib/gcc/arm-none-eabi/5.4.1/../../../../arm-none-eabi/lib/armv7-m\libc.a(lib_a-sbrkr.o)
 .ARM.attributes
                0x00000327       0x1b c:/nxp/lpcxpresso_8.2.2_650/lpcxpresso/tools/bin/../lib/gcc/arm-none-eabi/5.4.1/../../../../arm-none-eabi/lib/armv7-m\libc.a(lib_a-setjmp.o)
 .ARM.attributes
                0x00000342       0x2d c:/nxp/lpcxpresso_8.2.2_650/lpcxpresso/tools/bin/../lib/gcc/arm-none-eabi/5.4.1/../../../../arm-none-eabi/lib/armv7-m\libc.a(lib_a-strlen-stub.o)
 .ARM.attributes
                0x0000036f       0x2d c:/nxp/lpcxpresso_8.2.2_650/lpcxpresso/tools/bin/../lib/gcc/arm-none-eabi/5.4.1/../../../../arm-none-eabi/lib/armv7-m\libc.a(lib_a-strstr.o)
 .ARM.attributes
                0x0000039c       0x2d c:/nxp/lpcxpresso_8.2.2_650/lpcxpresso/tools/bin/../lib/gcc/arm-none-eabi/5.4.1/../../../../arm-none-eabi/lib/armv7-m\libc.a(lib_a-wbuf.o)
 .ARM.attributes
                0x000003c9       0x2d c:/nxp/lpcxpresso_8.2.2_650/lpcxpresso/tools/bin/../lib/gcc/arm-none-eabi/5.4.1/../../../../arm-none-eabi/lib/armv7-m\libc.a(lib_a-wsetup.o)
 .ARM.attributes
                0x000003f6       0x2d c:/nxp/lpcxpresso_8.2.2_650/lpcxpresso/tools/bin/../lib/gcc/arm-none-eabi/5.4.1/../../../../arm-none-eabi/lib/armv7-m\libc.a(lib_a-fflush.o)
 .ARM.attributes
                0x00000423       0x2d c:/nxp/lpcxpresso_8.2.2_650/lpcxpresso/tools/bin/../lib/gcc/arm-none-eabi/5.4.1/../../../../arm-none-eabi/lib/armv7-m\libc.a(lib_a-findfp.o)
 .ARM.attributes
                0x00000450       0x2d c:/nxp/lpcxpresso_8.2.2_650/lpcxpresso/tools/bin/../lib/gcc/arm-none-eabi/5.4.1/../../../../arm-none-eabi/lib/armv7-m\libc.a(lib_a-freer.o)
 .ARM.attributes
                0x0000047d       0x2d c:/nxp/lpcxpresso_8.2.2_650/lpcxpresso/tools/bin/../lib/gcc/arm-none-eabi/5.4.1/../../../../arm-none-eabi/lib/armv7-m\libc.a(lib_a-fwalk.o)
 .ARM.attributes
                0x000004aa       0x2d c:/nxp/lpcxpresso_8.2.2_650/lpcxpresso/tools/bin/../lib/gcc/arm-none-eabi/5.4.1/../../../../arm-none-eabi/lib/armv7-m\libc.a(lib_a-makebuf.o)
 .ARM.attributes
                0x000004d7       0x2d c:/nxp/lpcxpresso_8.2.2_650/lpcxpresso/tools/bin/../lib/gcc/arm-none-eabi/5.4.1/../../../../arm-none-eabi/lib/armv7-m\libc.a(lib_a-memchr-stub.o)
 .ARM.attributes
                0x00000504       0x2d c:/nxp/lpcxpresso_8.2.2_650/lpcxpresso/tools/bin/../lib/gcc/arm-none-eabi/5.4.1/../../../../arm-none-eabi/lib/armv7-m\libc.a(lib_a-memcmp.o)
 .ARM.attributes
                0x00000531       0x2d c:/nxp/lpcxpresso_8.2.2_650/lpcxpresso/tools/bin/../lib/gcc/arm-none-eabi/5.4.1/../../../../arm-none-eabi/lib/armv7-m\libc.a(lib_a-reent.o)
 .ARM.attributes
                0x0000055e       0x2d c:/nxp/lpcxpresso_8.2.2_650/lpcxpresso/tools/bin/../lib/gcc/arm-none-eabi/5.4.1/../../../../arm-none-eabi/lib/armv7-m\libc.a(lib_a-stdio.o)
 .ARM.attributes
                0x0000058b       0x2d c:/nxp/lpcxpresso_8.2.2_650/lpcxpresso/tools/bin/../lib/gcc/arm-none-eabi/5.4.1/../../../../arm-none-eabi/lib/armv7-m\libc.a(lib_a-strchr.o)
 .ARM.attributes
                0x000005b8       0x2d c:/nxp/lpcxpresso_8.2.2_650/lpcxpresso/tools/bin/../lib/gcc/arm-none-eabi/5.4.1/../../../../arm-none-eabi/lib/armv7-m\libc.a(lib_a-writer.o)
 .ARM.attributes
                0x000005e5       0x2d c:/nxp/lpcxpresso_8.2.2_650/lpcxpresso/tools/bin/../lib/gcc/arm-none-eabi/5.4.1/../../../../arm-none-eabi/lib/armv7-m\libc.a(lib_a-closer.o)
 .ARM.attributes
                0x00000612       0x2d c:/nxp/lpcxpresso_8.2.2_650/lpcxpresso/tools/bin/../lib/gcc/arm-none-eabi/5.4.1/../../../../arm-none-eabi/lib/armv7-m\libc.a(lib_a-fclose.o)
 .ARM.attributes
                0x0000063f       0x2d c:/nxp/lpcxpresso_8.2.2_650/lpcxpresso/tools/bin/../lib/gcc/arm-none-eabi/5.4.1/../../../../arm-none-eabi/lib/armv7-m\libc.a(lib_a-fstatr.o)
 .ARM.attributes
                0x0000066c       0x2d c:/nxp/lpcxpresso_8.2.2_650/lpcxpresso/tools/bin/../lib/gcc/arm-none-eabi/5.4.1/../../../../arm-none-eabi/lib/armv7-m\libc.a(lib_a-isattyr.o)
 .ARM.attributes
                0x00000699       0x2d c:/nxp/lpcxpresso_8.2.2_650/lpcxpresso/tools/bin/../lib/gcc/arm-none-eabi/5.4.1/../../../../arm-none-eabi/lib/armv7-m\libc.a(lib_a-lseekr.o)
 .ARM.attributes
                0x000006c6       0x2d c:/nxp/lpcxpresso_8.2.2_650/lpcxpresso/tools/bin/../lib/gcc/arm-none-eabi/5.4.1/../../../../arm-none-eabi/lib/armv7-m\libc.a(lib_a-readr.o)
 .ARM.attributes
                0x000006f3       0x2d c:/nxp/lpcxpresso_8.2.2_650/lpcxpresso/tools/bin/../lib/gcc/arm-none-eabi/5.4.1/../../../../arm-none-eabi/lib/armv7-m\libnosys.a(close.o)
 .ARM.attributes
                0x00000720       0x2d c:/nxp/lpcxpresso_8.2.2_650/lpcxpresso/tools/bin/../lib/gcc/arm-none-eabi/5.4.1/../../../../arm-none-eabi/lib/armv7-m\libnosys.a(fstat.o)
 .ARM.attributes
                0x0000074d       0x2d c:/nxp/lpcxpresso_8.2.2_650/lpcxpresso/tools/bin/../lib/gcc/arm-none-eabi/5.4.1/../../../../arm-none-eabi/lib/armv7-m\libnosys.a(isatty.o)
 .ARM.attributes
                0x0000077a       0x2d c:/nxp/lpcxpresso_8.2.2_650/lpcxpresso/tools/bin/../lib/gcc/arm-none-eabi/5.4.1/../../../../arm-none-eabi/lib/armv7-m\libnosys.a(lseek.o)
 .ARM.attributes
                0x000007a7       0x2d c:/nxp/lpcxpresso_8.2.2_650/lpcxpresso/tools/bin/../lib/gcc/arm-none-eabi/5.4.1/../../../../arm-none-eabi/lib/armv7-m\libnosys.a(read.o)
 .ARM.attributes
                0x000007d4       0x2d c:/nxp/lpcxpresso_8.2.2_650/lpcxpresso/tools/bin/../lib/gcc/arm-none-eabi/5.4.1/../../../../arm-none-eabi/lib/armv7-m\libnosys.a(sbrk.o)
 .ARM.attributes
                0x00000801       0x2d c:/nxp/lpcxpresso_8.2.2_650/lpcxpresso/tools/bin/../lib/gcc/arm-none-eabi/5.4.1/../../../../arm-none-eabi/lib/armv7-m\libnosys.a(write.o)

.debug_frame    0x00000000     0x1abc
 .debug_frame   0x00000000       0x48 main.o
 .debug_frame   0x00000048       0x64 system_LPC17xx.o
 .debug_frame   0x000000ac      0x120 cr_startup_lpc17.o
 .debug_frame   0x000001cc      0x2b0 eventos_test_event.o
 .debug_frame   0x0000047c       0x48 eventos_test_runner.o
 .debug_frame   0x000004c4      0x298 event.o
 .debug_frame   0x0000075c       0xd8 list.o
 .debug_frame   0x00000834       0xc8 port.o
 .debug_frame   0x000008fc      0x5b4 unity.o
 .debug_frame   0x00000eb0      0x310 unity_fixture.o
 .debug_frame   0x000011c0       0x30 c:/nxp/lpcxpresso_8.2.2_650/lpcxpresso/tools/bin/../lib/gcc/arm-none-eabi/5.4.1/../../../../arm-none-eabi/lib/armv7-m\libc.a(lib_a-malloc.o)
 .debug_frame   0x000011f0       0x54 c:/nxp/lpcxpresso_8.2.2_650/lpcxpresso/tools/bin/../lib/gcc/arm-none-eabi/5.4.1/../../../../arm-none-eabi/lib/armv7-m\libc.a(lib_a-mallocr.o)
 .debug_frame   0x00001244       0x34 c:/nxp/lpcxpresso_8.2.2_650/lpcxpresso/tools/bin/../lib/gcc/arm-none-eabi/5.4.1/../../../../arm-none-eabi/lib/armv7-m\libc.a(lib_a-memset.o)
 .debug_frame   0x00001278       0x30 c:/nxp/lpcxpresso_8.2.2_650/lpcxpresso/tools/bin/../lib/gcc/arm-none-eabi/5.4.1/../../../../arm-none-eabi/lib/armv7-m\libc.a(lib_a-mlock.o)
 .debug_frame   0x000012a8       0x2c c:/nxp/lpcxpresso_8.2.2_650/lpcxpresso/tools/bin/../lib/gcc/arm-none-eabi/5.4.1/../../../../arm-none-eabi/lib/armv7-m\libc.a(lib_a-sbrkr.o)
 .debug_frame   0x000012d4       0x20 c:/nxp/lpcxpresso_8.2.2_650/lpcxpresso/tools/bin/../lib/gcc/arm-none-eabi/5.4.1/../../../../arm-none-eabi/lib/armv7-m\libc.a(lib_a-strlen-stub.o)
 .debug_frame   0x000012f4       0xd8 c:/nxp/lpcxpresso_8.2.2_650/lpcxpresso/tools/bin/../lib/gcc/arm-none-eabi/5.4.1/../../../../arm-none-eabi/lib/armv7-m\libc.a(lib_a-strstr.o)
 .debug_frame   0x000013cc       0x40 c:/nxp/lpcxpresso_8.2.2_650/lpcxpresso/tools/bin/../lib/gcc/arm-none-eabi/5.4.1/../../../../arm-none-eabi/lib/armv7-m\libc.a(lib_a-wbuf.o)
 .debug_frame   0x0000140c       0x2c c:/nxp/lpcxpresso_8.2.2_650/lpcxpresso/tools/bin/../lib/gcc/arm-none-eabi/5.4.1/../../../../arm-none-eabi/lib/armv7-m\libc.a(lib_a-wsetup.o)
 .debug_frame   0x00001438       0x6c c:/nxp/lpcxpresso_8.2.2_650/lpcxpresso/tools/bin/../lib/gcc/arm-none-eabi/5.4.1/../../../../arm-none-eabi/lib/armv7-m\libc.a(lib_a-fflush.o)
 .debug_frame   0x000014a4      0x124 c:/nxp/lpcxpresso_8.2.2_650/lpcxpresso/tools/bin/../lib/gcc/arm-none-eabi/5.4.1/../../../../arm-none-eabi/lib/armv7-m\libc.a(lib_a-findfp.o)
 .debug_frame   0x000015c8       0x74 c:/nxp/lpcxpresso_8.2.2_650/lpcxpresso/tools/bin/../lib/gcc/arm-none-eabi/5.4.1/../../../../arm-none-eabi/lib/armv7-m\libc.a(lib_a-freer.o)
 .debug_frame   0x0000163c       0x54 c:/nxp/lpcxpresso_8.2.2_650/lpcxpresso/tools/bin/../lib/gcc/arm-none-eabi/5.4.1/../../../../arm-none-eabi/lib/armv7-m\libc.a(lib_a-fwalk.o)
 .debug_frame   0x00001690       0x68 c:/nxp/lpcxpresso_8.2.2_650/lpcxpresso/tools/bin/../lib/gcc/arm-none-eabi/5.4.1/../../../../arm-none-eabi/lib/armv7-m\libc.a(lib_a-makebuf.o)
 .debug_frame   0x000016f8       0x34 c:/nxp/lpcxpresso_8.2.2_650/lpcxpresso/tools/bin/../lib/gcc/arm-none-eabi/5.4.1/../../../../arm-none-eabi/lib/armv7-m\libc.a(lib_a-memchr-stub.o)
 .debug_frame   0x0000172c       0x38 c:/nxp/lpcxpresso_8.2.2_650/lpcxpresso/tools/bin/../lib/gcc/arm-none-eabi/5.4.1/../../../../arm-none-eabi/lib/armv7-m\libc.a(lib_a-memcmp.o)
 .debug_frame   0x00001764       0x58 c:/nxp/lpcxpresso_8.2.2_650/lpcxpresso/tools/bin/../lib/gcc/arm-none-eabi/5.4.1/../../../../arm-none-eabi/lib/armv7-m\libc.a(lib_a-reent.o)
 .debug_frame   0x000017bc       0x88 c:/nxp/lpcxpresso_8.2.2_650/lpcxpresso/tools/bin/../lib/gcc/arm-none-eabi/5.4.1/../../../../arm-none-eabi/lib/armv7-m\libc.a(lib_a-stdio.o)
 .debug_frame   0x00001844       0x4c c:/nxp/lpcxpresso_8.2.2_650/lpcxpresso/tools/bin/../lib/gcc/arm-none-eabi/5.4.1/../../../../arm-none-eabi/lib/armv7-m\libc.a(lib_a-strchr.o)
 .debug_frame   0x00001890       0x2c c:/nxp/lpcxpresso_8.2.2_650/lpcxpresso/tools/bin/../lib/gcc/arm-none-eabi/5.4.1/../../../../arm-none-eabi/lib/armv7-m\libc.a(lib_a-writer.o)
 .debug_frame   0x000018bc       0x2c c:/nxp/lpcxpresso_8.2.2_650/lpcxpresso/tools/bin/../lib/gcc/arm-none-eabi/5.4.1/../../../../arm-none-eabi/lib/armv7-m\libc.a(lib_a-closer.o)
 .debug_frame   0x000018e8       0x44 c:/nxp/lpcxpresso_8.2.2_650/lpcxpresso/tools/bin/../lib/gcc/arm-none-eabi/5.4.1/../../../../arm-none-eabi/lib/armv7-m\libc.a(lib_a-fclose.o)
 .debug_frame   0x0000192c       0x2c c:/nxp/lpcxpresso_8.2.2_650/lpcxpresso/tools/bin/../lib/gcc/arm-none-eabi/5.4.1/../../../../arm-none-eabi/lib/armv7-m\libc.a(lib_a-fstatr.o)
 .debug_frame   0x00001958       0x2c c:/nxp/lpcxpresso_8.2.2_650/lpcxpresso/tools/bin/../lib/gcc/arm-none-eabi/5.4.1/../../../../arm-none-eabi/lib/armv7-m\libc.a(lib_a-isattyr.o)
 .debug_frame   0x00001984       0x2c c:/nxp/lpcxpresso_8.2.2_650/lpcxpresso/tools/bin/../lib/gcc/arm-none-eabi/5.4.1/../../../../arm-none-eabi/lib/armv7-m\libc.a(lib_a-lseekr.o)
 .debug_frame   0x000019b0       0x2c c:/nxp/lpcxpresso_8.2.2_650/lpcxpresso/tools/bin/../lib/gcc/arm-none-eabi/5.4.1/../../../../arm-none-eabi/lib/armv7-m\libc.a(lib_a-readr.o)
 .debug_frame   0x000019dc       0x20 c:/nxp/lpcxpresso_8.2.2_650/lpcxpresso/tools/bin/../lib/gcc/arm-none-eabi/5.4.1/../../../../arm-none-eabi/lib/armv7-m\libnosys.a(close.o)
 .debug_frame   0x000019fc       0x20 c:/nxp/lpcxpresso_8.2.2_650/lpcxpresso/tools/bin/../lib/gcc/arm-none-eabi/5.4.1/../../../../arm-none-eabi/lib/armv7-m\libnosys.a(fstat.o)
 .debug_frame   0x00001a1c       0x20 c:/nxp/lpcxpresso_8.2.2_650/lpcxpresso/tools/bin/../lib/gcc/arm-none-eabi/5.4.1/../../../../arm-none-eabi/lib/armv7-m\libnosys.a(isatty.o)
 .debug_frame   0x00001a3c       0x20 c:/nxp/lpcxpresso_8.2.2_650/lpcxpresso/tools/bin/../lib/gcc/arm-none-eabi/5.4.1/../../../../arm-none-eabi/lib/armv7-m\libnosys.a(lseek.o)
 .debug_frame   0x00001a5c       0x20 c:/nxp/lpcxpresso_8.2.2_650/lpcxpresso/tools/bin/../lib/gcc/arm-none-eabi/5.4.1/../../../../arm-none-eabi/lib/armv7-m\libnosys.a(read.o)
 .debug_frame   0x00001a7c       0x20 c:/nxp/lpcxpresso_8.2.2_650/lpcxpresso/tools/bin/../lib/gcc/arm-none-eabi/5.4.1/../../../../arm-none-eabi/lib/armv7-m\libnosys.a(sbrk.o)
 .debug_frame   0x00001a9c       0x20 c:/nxp/lpcxpresso_8.2.2_650/lpcxpresso/tools/bin/../lib/gcc/arm-none-eabi/5.4.1/../../../../arm-none-eabi/lib/armv7-m\libnosys.a(write.o)

.stab           0x00000000       0x9c
 .stab          0x00000000       0x24 c:/nxp/lpcxpresso_8.2.2_650/lpcxpresso/tools/bin/../lib/gcc/arm-none-eabi/5.4.1/../../../../arm-none-eabi/lib/armv7-m\libnosys.a(close.o)
 .stab          0x00000024       0x18 c:/nxp/lpcxpresso_8.2.2_650/lpcxpresso/tools/bin/../lib/gcc/arm-none-eabi/5.4.1/../../../../arm-none-eabi/lib/armv7-m\libnosys.a(fstat.o)
                                 0x24 (size before relaxing)
 .stab          0x0000003c       0x18 c:/nxp/lpcxpresso_8.2.2_650/lpcxpresso/tools/bin/../lib/gcc/arm-none-eabi/5.4.1/../../../../arm-none-eabi/lib/armv7-m\libnosys.a(isatty.o)
                                 0x24 (size before relaxing)
 .stab          0x00000054       0x18 c:/nxp/lpcxpresso_8.2.2_650/lpcxpresso/tools/bin/../lib/gcc/arm-none-eabi/5.4.1/../../../../arm-none-eabi/lib/armv7-m\libnosys.a(lseek.o)
                                 0x24 (size before relaxing)
 .stab          0x0000006c       0x18 c:/nxp/lpcxpresso_8.2.2_650/lpcxpresso/tools/bin/../lib/gcc/arm-none-eabi/5.4.1/../../../../arm-none-eabi/lib/armv7-m\libnosys.a(read.o)
                                 0x24 (size before relaxing)
 .stab          0x00000084       0x18 c:/nxp/lpcxpresso_8.2.2_650/lpcxpresso/tools/bin/../lib/gcc/arm-none-eabi/5.4.1/../../../../arm-none-eabi/lib/armv7-m\libnosys.a(write.o)
                                 0x24 (size before relaxing)

.stabstr        0x00000000      0x14d
 .stabstr       0x00000000      0x14d c:/nxp/lpcxpresso_8.2.2_650/lpcxpresso/tools/bin/../lib/gcc/arm-none-eabi/5.4.1/../../../../arm-none-eabi/lib/armv7-m\libnosys.a(close.o)
