Archive member included to satisfy reference by file (symbol)

c:/nxp/lpcxpresso_8.2.2_650/lpcxpresso/tools/bin/../lib/gcc/arm-none-eabi/5.4.1/armv7-m\libgcc.a(_arm_addsubsf3.o)
                              unity.o (__aeabi_fsub)
c:/nxp/lpcxpresso_8.2.2_650/lpcxpresso/tools/bin/../lib/gcc/arm-none-eabi/5.4.1/armv7-m\libgcc.a(_arm_muldivsf3.o)
                              unity.o (__aeabi_fmul)
c:/nxp/lpcxpresso_8.2.2_650/lpcxpresso/tools/bin/../lib/gcc/arm-none-eabi/5.4.1/armv7-m\libgcc.a(_arm_cmpsf2.o)
                              unity.o (__aeabi_fcmpeq)
c:/nxp/lpcxpresso_8.2.2_650/lpcxpresso/tools/bin/../lib/gcc/arm-none-eabi/5.4.1/armv7-m\libgcc.a(_arm_unordsf2.o)
                              unity.o (__aeabi_fcmpun)
c:/nxp/lpcxpresso_8.2.2_650/lpcxpresso/tools/bin/../lib/gcc/arm-none-eabi/5.4.1/armv7-m\libgcc.a(_arm_fixsfsi.o)
                              unity.o (__aeabi_f2iz)
c:/nxp/lpcxpresso_8.2.2_650/lpcxpresso/tools/bin/../lib/gcc/arm-none-eabi/5.4.1/armv7-m\libgcc.a(_aeabi_uldivmod.o)
                              system_LPC17xx.o (__aeabi_uldivmod)
c:/nxp/lpcxpresso_8.2.2_650/lpcxpresso/tools/bin/../lib/gcc/arm-none-eabi/5.4.1/armv7-m\libgcc.a(_udivmoddi4.o)
                              c:/nxp/lpcxpresso_8.2.2_650/lpcxpresso/tools/bin/../lib/gcc/arm-none-eabi/5.4.1/armv7-m\libgcc.a(_aeabi_uldivmod.o) (__udivmoddi4)
c:/nxp/lpcxpresso_8.2.2_650/lpcxpresso/tools/bin/../lib/gcc/arm-none-eabi/5.4.1/armv7-m\libgcc.a(_dvmd_tls.o)
                              c:/nxp/lpcxpresso_8.2.2_650/lpcxpresso/tools/bin/../lib/gcc/arm-none-eabi/5.4.1/armv7-m\libgcc.a(_aeabi_uldivmod.o) (__aeabi_ldiv0)
c:/nxp/lpcxpresso_8.2.2_650/lpcxpresso/tools/bin/../lib/gcc/arm-none-eabi/5.4.1/../../../../arm-none-eabi/lib/armv7-m\libc_nano.a(lib_a-impure.o)
                              unity.o (_impure_ptr)
c:/nxp/lpcxpresso_8.2.2_650/lpcxpresso/tools/bin/../lib/gcc/arm-none-eabi/5.4.1/../../../../arm-none-eabi/lib/armv7-m\libc_nano.a(lib_a-malloc.o)
                              event.o (malloc)
c:/nxp/lpcxpresso_8.2.2_650/lpcxpresso/tools/bin/../lib/gcc/arm-none-eabi/5.4.1/../../../../arm-none-eabi/lib/armv7-m\libc_nano.a(lib_a-memcpy-stub.o)
                              event.o (memcpy)
c:/nxp/lpcxpresso_8.2.2_650/lpcxpresso/tools/bin/../lib/gcc/arm-none-eabi/5.4.1/../../../../arm-none-eabi/lib/armv7-m\libc_nano.a(lib_a-memset.o)
                              eventos_test_framework.o (memset)
c:/nxp/lpcxpresso_8.2.2_650/lpcxpresso/tools/bin/../lib/gcc/arm-none-eabi/5.4.1/../../../../arm-none-eabi/lib/armv7-m\libc_nano.a(lib_a-nano-freer.o)
                              c:/nxp/lpcxpresso_8.2.2_650/lpcxpresso/tools/bin/../lib/gcc/arm-none-eabi/5.4.1/../../../../arm-none-eabi/lib/armv7-m\libc_nano.a(lib_a-malloc.o) (_free_r)
c:/nxp/lpcxpresso_8.2.2_650/lpcxpresso/tools/bin/../lib/gcc/arm-none-eabi/5.4.1/../../../../arm-none-eabi/lib/armv7-m\libc_nano.a(lib_a-nano-mallocr.o)
                              c:/nxp/lpcxpresso_8.2.2_650/lpcxpresso/tools/bin/../lib/gcc/arm-none-eabi/5.4.1/../../../../arm-none-eabi/lib/armv7-m\libc_nano.a(lib_a-malloc.o) (_malloc_r)
c:/nxp/lpcxpresso_8.2.2_650/lpcxpresso/tools/bin/../lib/gcc/arm-none-eabi/5.4.1/../../../../arm-none-eabi/lib/armv7-m\libc_nano.a(lib_a-printf.o)
                              port.o (printf)
c:/nxp/lpcxpresso_8.2.2_650/lpcxpresso/tools/bin/../lib/gcc/arm-none-eabi/5.4.1/../../../../arm-none-eabi/lib/armv7-m\libc_nano.a(lib_a-sbrkr.o)
                              c:/nxp/lpcxpresso_8.2.2_650/lpcxpresso/tools/bin/../lib/gcc/arm-none-eabi/5.4.1/../../../../arm-none-eabi/lib/armv7-m\libc_nano.a(lib_a-nano-mallocr.o) (_sbrk_r)
c:/nxp/lpcxpresso_8.2.2_650/lpcxpresso/tools/bin/../lib/gcc/arm-none-eabi/5.4.1/../../../../arm-none-eabi/lib/armv7-m\libc_nano.a(lib_a-setjmp.o)
                              unity.o (setjmp)
c:/nxp/lpcxpresso_8.2.2_650/lpcxpresso/tools/bin/../lib/gcc/arm-none-eabi/5.4.1/../../../../arm-none-eabi/lib/armv7-m\libc_nano.a(lib_a-snprintf.o)
                              eventos_log.o (snprintf)
c:/nxp/lpcxpresso_8.2.2_650/lpcxpresso/tools/bin/../lib/gcc/arm-none-eabi/5.4.1/../../../../arm-none-eabi/lib/armv7-m\libc_nano.a(lib_a-strcmp.o)
                              unity_fixture.o (strcmp)
c:/nxp/lpcxpresso_8.2.2_650/lpcxpresso/tools/bin/../lib/gcc/arm-none-eabi/5.4.1/../../../../arm-none-eabi/lib/armv7-m\libc_nano.a(lib_a-strlen.o)
                              event.o (strlen)
c:/nxp/lpcxpresso_8.2.2_650/lpcxpresso/tools/bin/../lib/gcc/arm-none-eabi/5.4.1/../../../../arm-none-eabi/lib/armv7-m\libc_nano.a(lib_a-strstr.o)
                              unity_fixture.o (strstr)
c:/nxp/lpcxpresso_8.2.2_650/lpcxpresso/tools/bin/../lib/gcc/arm-none-eabi/5.4.1/../../../../arm-none-eabi/lib/armv7-m\libc_nano.a(lib_a-vsnprintf.o)
                              eventos_log.o (vsnprintf)
c:/nxp/lpcxpresso_8.2.2_650/lpcxpresso/tools/bin/../lib/gcc/arm-none-eabi/5.4.1/../../../../arm-none-eabi/lib/armv7-m\libc_nano.a(lib_a-wbuf.o)
[...]
Memory Configuration

Name             Origin             Length             Attributes
MFlash512        0x00000000         0x00080000         xr
RamLoc32         0x10000000         0x00008000         xrw
RamAHB32         0x2007c000         0x00008000         xrw
*default*        0x00000000         0xffffffff

Linker script and memory map

LOAD main.o
LOAD board.o
LOAD core_cm3.o
LOAD system_LPC17xx.o
LOAD cr_startup_lpc17.o
LOAD eventos_test_event.o
LOAD eventos_test_framework.o
LOAD eventos_test_runner.o
LOAD event.o
LOAD list.o
LOAD port.o
LOAD eventos_log.o
LOAD unity.o
LOAD unity_fixture.o
START GROUP
LOAD c:/nxp/lpcxpresso_8.2.2_650/lpcxpresso/tools/bin/../lib/gcc/arm-none-eabi/5.4.1/armv7-m\libgcc.a
LOAD c:/nxp/lpcxpresso_8.2.2_650/lpcxpresso/tools/bin/../lib/gcc/arm-none-eabi/5.4.1/../../../../arm-none-eabi/lib/armv7-m\libc_nano.a
LOAD c:/nxp/lpcxpresso_8.2.2_650/lpcxpresso/tools/bin/../lib/gcc/arm-none-eabi/5.4.1/../../../../arm-none-eabi/lib/armv7-m\libm.a
LOAD c:/nxp/lpcxpresso_8.2.2_650/lpcxpresso/tools/bin/../lib/gcc/arm-none-eabi/5.4.1/../../../../arm-none-eabi/lib/armv7-m\libcr_newlib_semihost.a
END GROUP
                0x00000000                __base_MFlash512 = 0x0
                0x00000000                __base_Flash = 0x0
                0x00080000                __top_MFlash512 = 0x80000
                0x00080000                __top_Flash = 0x80000
                0x10000000                __base_RamLoc32 = 0x10000000
                0x10000000                __base_RAM = 0x10000000
                0x10008000                __top_RamLoc32 = 0x10008000
                0x10008000                __top_RAM = 0x10008000
                0x2007c000                __base_RamAHB32 = 0x2007c000
                0x2007c000                __base_RAM2 = 0x2007c000
                0x20084000                __top_RamAHB32 = 0x20084000
                0x20084000                __top_RAM2 = 0x20084000

.text           0x00000000     0x2c6c
 FILL mask 0xff
                0x00000000                __vectors_start__ = ABSOLUTE (.)
 *(.isr_vector)
 .isr_vector    0x00000000       0xcc cr_startup_lpc17.o
                0x00000000                g_pfnVectors
                0x000000cc                . = ALIGN (0x4)
                0x000000cc                __section_table_start = .
                0x000000cc                __data_section_table = .
                0x000000cc        0x4 LONG 0x2c6c LOADADDR (.data)
                0x000000d0        0x4 LONG 0x10000000 ADDR (.data)
                0x000000d4        0x4 LONG 0x78 SIZEOF (.data)
                0x000000d8        0x4 LONG 0x2c6c LOADADDR (.data_RAM2)
                0x000000dc        0x4 LONG 0x2007c000 ADDR (.data_RAM2)
                0x000000e0        0x4 LONG 0x0 SIZEOF (.data_RAM2)
                0x000000e4                __data_section_table_end = .
                0x000000e4                __bss_section_table = .
                0x000000e4        0x4 LONG 0x10000078 ADDR (.bss)
                0x000000e8        0x4 LONG 0x4170 SIZEOF (.bss)
                0x000000ec        0x4 LONG 0x2007c000 ADDR (.bss_RAM2)
                0x000000f0        0x4 LONG 0x0 SIZEOF (.bss_RAM2)
                0x000000f4                __bss_section_table_end = .
                0x000000f4                __section_table_end = .
 *(.after_vectors*)
 *(.text*)
 .text.main     0x000000f4       0x4c main.o
                0x000000f4                main
 .text.vTest_StartTestEvent
                0x00000140       0x48 main.o
 .text.xPortSysTickHandler
                0x00000188       0x3c main.o
                0x00000188                xPortSysTickHandler
 .text.NVIC_SetPriority
                0x000001c4       0x54 board.o
 .text.SysTick_Config
                0x00000218       0x44 board.o
 .text.Board_initialize
                0x0000025c        0xc board.o
                0x0000025c                Board_initialize
 .text.Board_initSysTick
                0x00000268       0x2c board.o
 .text.SystemInit
                0x00000294      0x140 system_LPC17xx.o
                0x00000294                SystemInit
 .text.ResetISR
                0x000003d4       0x58 cr_startup_lpc17.o
                0x000003d4                ResetISR
 .text.NMI_Handler
                0x0000042c        0x8 cr_startup_lpc17.o
                0x0000042c                NMI_Handler
 .text.HardFault_Handler
                0x00000434        0x8 cr_startup_lpc17.o
                0x00000434                HardFault_Handler
 .text.MemManage_Handler
                0x0000043c        0x8 cr_startup_lpc17.o
                0x0000043c                MemManage_Handler
 .text.BusFault_Handler
                0x00000444        0x8 cr_startup_lpc17.o
                0x00000444                BusFault_Handler
 .text.UsageFault_Handler
                0x0000044c        0x8 cr_startup_lpc17.o
                0x0000044c                UsageFault_Handler
 .text.SVCall_Handler
                0x00000454        0x8 cr_startup_lpc17.o
                0x00000454                SVCall_Handler
 .text.DebugMon_Handler
                0x0000045c        0x8 cr_startup_lpc17.o
                0x0000045c                DebugMon_Handler
 .text.IntDefaultHandler
                0x00000464        0x8 cr_startup_lpc17.o
                0x00000464                TIMER2_IRQHandler
                0x00000464                RIT_IRQHandler
                0x00000464                I2C0_IRQHandler
                0x00000464                USBActivity_IRQHandler
                0x00000464                PWM1_IRQHandler
                0x00000464                I2C1_IRQHandler
                0x00000464                EINT2_IRQHandler
                0x00000464                UART1_IRQHandler
                0x00000464                EINT3_IRQHandler
                0x00000464                CANActivity_IRQHandler
                0x00000464                TIMER3_IRQHandler
                0x00000464                UART0_IRQHandler
                0x00000464                IntDefaultHandler
                0x00000464                PLL0_IRQHandler
                0x00000464                CAN_IRQHandler
                0x00000464                PLL1_IRQHandler
                0x00000464                SSP0_IRQHandler
                0x00000464                I2S_IRQHandler
                0x00000464                I2C2_IRQHandler
                0x00000464                RTC_IRQHandler
                0x00000464                TIMER0_IRQHandler
                0x00000464                SPI_IRQHandler
                0x00000464                EINT1_IRQHandler
                0x00000464                TIMER1_IRQHandler
                0x00000464                UART2_IRQHandler
                0x00000464                ADC_IRQHandler
                0x00000464                SSP1_IRQHandler
                0x00000464                USB_IRQHandler
                0x00000464                BOD_IRQHandler
                0x00000464                WDT_IRQHandler
                0x00000464                QEI_IRQHandler
                0x00000464                EINT0_IRQHandler
                0x00000464                DMA_IRQHandler
                0x00000464                UART3_IRQHandler
                0x00000464                MCPWM_IRQHandler
                0x00000464                ENET_IRQHandler
 .text.TEST_Full_EVENTOS_EVENT_SETUP
                0x0000046c       0x1c eventos_test_event.o
                0x0000046c                TEST_Full_EVENTOS_EVENT_SETUP
 .text.TEST_Full_EVENTOS_EVENT_TEAR_DOWN
                0x00000488        0xc eventos_test_event.o
                0x00000488                TEST_Full_EVENTOS_EVENT_TEAR_DOWN
 .text.TEST_Full_EVENTOS_EVENT_GROUP_RUNNER
                0x00000494       0x24 eventos_test_event.o
                0x00000494                TEST_Full_EVENTOS_EVENT_GROUP_RUNNER
 .text.TEST_Full_EVENTOS_EVENT_RegisterEventWithNullString_run
                0x000004b8       0x48 eventos_test_event.o
                0x000004b8                TEST_Full_EVENTOS_EVENT_RegisterEventWithNullString_run
 .text.TEST_Full_EVENTOS_EVENT_RegisterEventWithNullString_
                0x00000500       0x58 eventos_test_event.o
                0x00000500                TEST_Full_EVENTOS_EVENT_RegisterEventWithNullString_
 .text.TEST_Full_EVENTOS_EVENT_RegisterEventTwice_run
                0x00000558       0x48 eventos_test_event.o
                0x00000558                TEST_Full_EVENTOS_EVENT_RegisterEventTwice_run
 .text.TEST_Full_EVENTOS_EVENT_RegisterEventTwice_
                0x000005a0       0x84 eventos_test_event.o
                0x000005a0                TEST_Full_EVENTOS_EVENT_RegisterEventTwice_
 .text.TEST_Full_EVENTOS_EVENT_PublishInvalidEvent_run
                0x00000624       0x48 eventos_test_event.o
                0x00000624                TEST_Full_EVENTOS_EVENT_PublishInvalidEvent_run
 .text.TEST_Full_EVENTOS_EVENT_PublishInvalidEvent_
                0x0000066c       0x48 eventos_test_event.o
                0x0000066c                TEST_Full_EVENTOS_EVENT_PublishInvalidEvent_
 .text.TEST_Full_EVENTOS_EVENT_PublishInvalidPriority_run
                0x000006b4       0x48 eventos_test_event.o
                0x000006b4                TEST_Full_EVENTOS_EVENT_PublishInvalidPriority_run
 .text.TEST_Full_EVENTOS_EVENT_PublishInvalidPriority_
                0x000006fc       0x4c eventos_test_event.o
                0x000006fc                TEST_Full_EVENTOS_EVENT_PublishInvalidPriority_
 .text.TEST_Full_EVENTOS_EVENT_PublishInvalidOwner_run
                0x00000748       0x48 eventos_test_event.o
                0x00000748                TEST_Full_EVENTOS_EVENT_PublishInvalidOwner_run
 .text.TEST_Full_EVENTOS_EVENT_PublishInvalidOwner_
                0x00000790       0x70 eventos_test_event.o
                0x00000790                TEST_Full_EVENTOS_EVENT_PublishInvalidOwner_
 .text.TEST_Full_EVENTOS_EVENT_PublishInvalidPayload_run
                0x00000800       0x48 eventos_test_event.o
                0x00000800                TEST_Full_EVENTOS_EVENT_PublishInvalidPayload_run
 .text.TEST_Full_EVENTOS_EVENT_PublishInvalidPayload_
                0x00000848       0x48 eventos_test_event.o
                0x00000848                TEST_Full_EVENTOS_EVENT_PublishInvalidPayload_
 .text.TEST_Full_EVENTOS_EVENT_PublishValidEvent_run
                0x00000890       0x48 eventos_test_event.o
                0x00000890                TEST_Full_EVENTOS_EVENT_PublishValidEvent_run
 .text.TEST_Full_EVENTOS_EVENT_PublishValidEvent_
                0x000008d8       0x48 eventos_test_event.o
                0x000008d8                TEST_Full_EVENTOS_EVENT_PublishValidEvent_
 .text.RunTests
                0x00000920        0xc eventos_test_runner.o
 .text.TEST_RUNNER_RunTests
                0x0000092c       0x38 eventos_test_runner.o
                0x0000092c                TEST_RUNNER_RunTests
 .text.vEvent_startScheduler
                0x00000964        0xc event.o
                0x00000964                vEvent_startScheduler
 .text.xEvent_register
                0x00000970      0x12c event.o
                0x00000970                xEvent_register
 .text.xEvent_subscribe
                0x00000a9c       0xac event.o
                0x00000a9c                xEvent_subscribe
 .text.xEvent_publish
                0x00000b48      0x104 event.o
                0x00000b48                xEvent_publish
 .text.vEvent_processEvents
                0x00000c4c       0xe8 event.o
                0x00000c4c                vEvent_processEvents
 .text.prvEvent_getProcessStamp
                0x00000d34       0x20 event.o
 .text.prvEvent_initializeEventLists
                0x00000d54       0x38 event.o
 .text.prvEvent_initializeEventAdmin
                0x00000d8c       0x74 event.o
 .text.prvEvent_initializeSCBVariables
                0x00000e00       0x38 event.o
 .text.prvEvent_initializeECBVariables
                0x00000e38       0x60 event.o
 .text.prvEvent_incrementProcessStamp
                0x00000e98       0x1c event.o
 .text.prvEvent_updateLifeTime
                0x00000eb4       0xe0 event.o
 .text.prvEvent_getNextEvent
                0x00000f94       0x60 event.o
 .text.prvEvent_increaseEventPriority
                0x00000ff4       0x34 event.o
 .text.prvEvent_terminateEvent
                0x00001028       0x34 event.o
 .text.prvEvent_deleteECB
                0x0000105c       0x28 event.o
 .text.prvEvent_generateEventKey
                0x00001084       0x48 event.o
 .text.vList_initialize
                0x000010cc       0x48 list.o
                0x000010cc                vList_initialize
 .text.vList_initialiseNode
                0x00001114       0x18 list.o
                0x00001114                vList_initialiseNode
 .text.vList_insertHead
                0x0000112c       0x48 list.o
                0x0000112c                vList_insertHead
 .text.vList_insert
                0x00001174       0x70 list.o
                0x00001174                vList_insert
 .text.vList_remove
                0x000011e4       0x3c list.o
                0x000011e4                vList_remove
 .text.xPortStartScheduler
                0x00001220       0x20 port.o
                0x00001220                xPortStartScheduler
 .text.vPortEnterSleepMode
                0x00001240        0x8 port.o
                0x00001240                vPortEnterSleepMode
 .text.vPortGenerateEvent
                0x00001248       0x18 port.o
                0x00001248                vPortGenerateEvent
 .text.vPortDisableInterrupts
                0x00001260       0x10 port.o
                0x00001260                vPortDisableInterrupts
 .text.vPortEnableInterrupts
                0x00001270       0x10 port.o
                0x00001270                vPortEnableInterrupts
 .text.xPortPendSVHandler
                0x00001280        0xc port.o
                0x00001280                xPortPendSVHandler
 .text.__sputc_r
                0x0000128c       0x5c unity.o
 .text.UnityPrint
                0x000012e8       0xe4 unity.o
                0x000012e8                UnityPrint
 .text.UnityPrintNumberByStyle
                0x000013cc       0x78 unity.o
                0x000013cc                UnityPrintNumberByStyle
 .text.UnityPrintNumber
                0x00001444       0x3c unity.o
                0x00001444                UnityPrintNumber
 .text.UnityPrintNumberUnsigned
                0x00001480       0x7c unity.o
                0x00001480                UnityPrintNumberUnsigned
 .text.UnityPrintNumberHex
                0x000014fc       0x80 unity.o
                0x000014fc                UnityPrintNumberHex
 .text.UnityTestResultsBegin
                0x0000157c       0x68 unity.o
 .text.UnityTestResultsFailBegin
                0x000015e4       0x40 unity.o
 .text.UnityAddMsgIfSpecified
                0x00001624       0x68 unity.o
 .text.UnityAssertEqualNumber
                0x0000168c       0x78 unity.o
                0x0000168c                UnityAssertEqualNumber
 .text.UnityFail
                0x00001704       0xcc unity.o
                0x00001704                UnityFail
 .text.UnityBegin
                0x000017d0       0x54 unity.o
                0x000017d0                UnityBegin
 .text.UnityEnd
                0x00001824       0xc0 unity.o
                0x00001824                UnityEnd
 .text.__sputc_r
                0x000018e4       0x5c unity_fixture.o
 .text.selected
                0x00001940       0x30 unity_fixture.o
 .text.testSelected
                0x00001970       0x24 unity_fixture.o
 .text.groupSelected
                0x00001994       0x24 unity_fixture.o
 .text.UnityTestRunner
                0x000019b8       0xd0 unity_fixture.o
                0x000019b8                UnityTestRunner
 .text.UnityMalloc_StartTest
                0x00001a88       0x24 unity_fixture.o
                0x00001a88                UnityMalloc_StartTest
 .text.UnityMalloc_EndTest
                0x00001aac       0x34 unity_fixture.o
                0x00001aac                UnityMalloc_EndTest
 .text.UnityPointer_Init
                0x00001ae0       0x18 unity_fixture.o
                0x00001ae0                UnityPointer_Init
 .text.UnityPointer_UndoAllSets
                0x00001af8       0x40 unity_fixture.o
                0x00001af8                UnityPointer_UndoAllSets
 .text.UnityConcludeFixtureTest
                0x00001b38       0x90 unity_fixture.o
                0x00001b38                UnityConcludeFixtureTest
 .text.malloc   0x00001bc8       0x10 c:/nxp/lpcxpresso_8.2.2_650/lpcxpresso/tools/bin/../lib/gcc/arm-none-eabi/5.4.1/../../../../arm-none-eabi/lib/armv7-m\libc_nano.a(lib_a-malloc.o)
                0x00001bc8                malloc
 .text.free     0x00001bd8       0x10 c:/nxp/lpcxpresso_8.2.2_650/lpcxpresso/tools/bin/../lib/gcc/arm-none-eabi/5.4.1/../../../../arm-none-eabi/lib/armv7-m\libc_nano.a(lib_a-malloc.o)
                0x00001bd8                free
 .text.memcpy   0x00001be8       0x16 c:/nxp/lpcxpresso_8.2.2_650/lpcxpresso/tools/bin/../lib/gcc/arm-none-eabi/5.4.1/../../../../arm-none-eabi/lib/armv7-m\libc_nano.a(lib_a-memcpy-stub.o)
                0x00001be8                memcpy
 .text.memset   0x00001bfe       0x10 c:/nxp/lpcxpresso_8.2.2_650/lpcxpresso/tools/bin/../lib/gcc/arm-none-eabi/5.4.1/../../../../arm-none-eabi/lib/armv7-m\libc_nano.a(lib_a-memset.o)
                0x00001bfe                memset
 *fill*         0x00001c0e        0x2 ff
 .text._free_r  0x00001c10       0x98 c:/nxp/lpcxpresso_8.2.2_650/lpcxpresso/tools/bin/../lib/gcc/arm-none-eabi/5.4.1/../../../../arm-none-eabi/lib/armv7-m\libc_nano.a(lib_a-nano-freer.o)
                0x00001c10                _free_r
 .text._malloc_r
                0x00001ca8       0xbc c:/nxp/lpcxpresso_8.2.2_650/lpcxpresso/tools/bin/../lib/gcc/arm-none-eabi/5.4.1/../../../../arm-none-eabi/lib/armv7-m\libc_nano.a(lib_a-nano-mallocr.o)
                0x00001ca8                _malloc_r
 .text._sbrk_r  0x00001d64       0x20 c:/nxp/lpcxpresso_8.2.2_650/lpcxpresso/tools/bin/../lib/gcc/arm-none-eabi/5.4.1/../../../../arm-none-eabi/lib/armv7-m\libc_nano.a(lib_a-sbrkr.o)
                0x00001d64                _sbrk_r
 .text          0x00001d84       0x1c c:/nxp/lpcxpresso_8.2.2_650/lpcxpresso/tools/bin/../lib/gcc/arm-none-eabi/5.4.1/../../../../arm-none-eabi/lib/armv7-m\libc_nano.a(lib_a-setjmp.o)
                0x00001d84                setjmp
                0x00001d90                longjmp
 .text          0x00001da0       0x10 c:/nxp/lpcxpresso_8.2.2_650/lpcxpresso/tools/bin/../lib/gcc/arm-none-eabi/5.4.1/../../../../arm-none-eabi/lib/armv7-m\libc_nano.a(lib_a-strlen.o)
                0x00001da0                strlen
 .text.strstr   0x00001db0       0x34 c:/nxp/lpcxpresso_8.2.2_650/lpcxpresso/tools/bin/../lib/gcc/arm-none-eabi/5.4.1/../../../../arm-none-eabi/lib/armv7-m\libc_nano.a(lib_a-strstr.o)
                0x00001db0                strstr
 .text.__swbuf_r
                0x00001de4       0xa8 c:/nxp/lpcxpresso_8.2.2_650/lpcxpresso/tools/bin/../lib/gcc/arm-none-eabi/5.4.1/../../../../arm-none-eabi/lib/armv7-m\libc_nano.a(lib_a-wbuf.o)
                0x00001de4                __swbuf_r
 .text.__swsetup_r
                0x00001e8c       0xdc c:/nxp/lpcxpresso_8.2.2_650/lpcxpresso/tools/bin/../lib/gcc/arm-none-eabi/5.4.1/../../../../arm-none-eabi/lib/armv7-m\libc_nano.a(lib_a-wsetup.o)
                0x00001e8c                __swsetup_r
 .text.__sflush_r
                0x00001f68      0x10c c:/nxp/lpcxpresso_8.2.2_650/lpcxpresso/tools/bin/../lib/gcc/arm-none-eabi/5.4.1/../../../../arm-none-eabi/lib/armv7-m\libc_nano.a(lib_a-fflush.o)
                0x00001f68                __sflush_r
 .text._fflush_r
                0x00002074       0x54 c:/nxp/lpcxpresso_8.2.2_650/lpcxpresso/tools/bin/../lib/gcc/arm-none-eabi/5.4.1/../../../../arm-none-eabi/lib/armv7-m\libc_nano.a(lib_a-fflush.o)
                0x00002074                _fflush_r
 .text._cleanup_r
                0x000020c8        0xc c:/nxp/lpcxpresso_8.2.2_650/lpcxpresso/tools/bin/../lib/gcc/arm-none-eabi/5.4.1/../../../../arm-none-eabi/lib/armv7-m\libc_nano.a(lib_a-findfp.o)
                0x000020c8                _cleanup_r
 .text.std.isra.0
                0x000020d4       0x48 c:/nxp/lpcxpresso_8.2.2_650/lpcxpresso/tools/bin/../lib/gcc/arm-none-eabi/5.4.1/../../../../arm-none-eabi/lib/armv7-m\libc_nano.a(lib_a-findfp.o)
 .text.__sfmoreglue
                0x0000211c       0x2c c:/nxp/lpcxpresso_8.2.2_650/lpcxpresso/tools/bin/../lib/gcc/arm-none-eabi/5.4.1/../../../../arm-none-eabi/lib/armv7-m\libc_nano.a(lib_a-findfp.o)
                0x0000211c                __sfmoreglue
 .text.__sinit  0x00002148       0x60 c:/nxp/lpcxpresso_8.2.2_650/lpcxpresso/tools/bin/../lib/gcc/arm-none-eabi/5.4.1/../../../../arm-none-eabi/lib/armv7-m\libc_nano.a(lib_a-findfp.o)
                0x00002148                __sinit
 .text.__sfp    0x000021a8       0x78 c:/nxp/lpcxpresso_8.2.2_650/lpcxpresso/tools/bin/../lib/gcc/arm-none-eabi/5.4.1/../../../../arm-none-eabi/lib/armv7-m\libc_nano.a(lib_a-findfp.o)
                0x000021a8                __sfp
 .text._fwalk_reent
                0x00002220       0x3c c:/nxp/lpcxpresso_8.2.2_650/lpcxpresso/tools/bin/../lib/gcc/arm-none-eabi/5.4.1/../../../../arm-none-eabi/lib/armv7-m\libc_nano.a(lib_a-fwalk.o)
                0x00002220                _fwalk_reent
 .text.__swhatbuf_r
                0x0000225c       0x46 c:/nxp/lpcxpresso_8.2.2_650/lpcxpresso/tools/bin/../lib/gcc/arm-none-eabi/5.4.1/../../../../arm-none-eabi/lib/armv7-m\libc_nano.a(lib_a-makebuf.o)
                0x0000225c                __swhatbuf_r
 *fill*         0x000022a2        0x2 ff
 .text.__smakebuf_r
                0x000022a4       0x78 c:/nxp/lpcxpresso_8.2.2_650/lpcxpresso/tools/bin/../lib/gcc/arm-none-eabi/5.4.1/../../../../arm-none-eabi/lib/armv7-m\libc_nano.a(lib_a-makebuf.o)
                0x000022a4                __smakebuf_r
 .text.__malloc_lock
                0x0000231c        0x2 c:/nxp/lpcxpresso_8.2.2_650/lpcxpresso/tools/bin/../lib/gcc/arm-none-eabi/5.4.1/../../../../arm-none-eabi/lib/armv7-m\libc_nano.a(lib_a-mlock.o)
                0x0000231c                __malloc_lock
 .text.__malloc_unlock
                0x0000231e        0x2 c:/nxp/lpcxpresso_8.2.2_650/lpcxpresso/tools/bin/../lib/gcc/arm-none-eabi/5.4.1/../../../../arm-none-eabi/lib/armv7-m\libc_nano.a(lib_a-mlock.o)
                0x0000231e                __malloc_unlock
 .text.__sread  0x00002320       0x22 c:/nxp/lpcxpresso_8.2.2_650/lpcxpresso/tools/bin/../lib/gcc/arm-none-eabi/5.4.1/../../../../arm-none-eabi/lib/armv7-m\libc_nano.a(lib_a-stdio.o)
                0x00002320                __sread
 .text.__swrite
                0x00002342       0x38 c:/nxp/lpcxpresso_8.2.2_650/lpcxpresso/tools/bin/../lib/gcc/arm-none-eabi/5.4.1/../../../../arm-none-eabi/lib/armv7-m\libc_nano.a(lib_a-stdio.o)
                0x00002342                __swrite
 .text.__sseek  0x0000237a       0x24 c:/nxp/lpcxpresso_8.2.2_650/lpcxpresso/tools/bin/../lib/gcc/arm-none-eabi/5.4.1/../../../../arm-none-eabi/lib/armv7-m\libc_nano.a(lib_a-stdio.o)
                0x0000237a                __sseek
 .text.__sclose
                0x0000239e        0x8 c:/nxp/lpcxpresso_8.2.2_650/lpcxpresso/tools/bin/../lib/gcc/arm-none-eabi/5.4.1/../../../../arm-none-eabi/lib/armv7-m\libc_nano.a(lib_a-stdio.o)
                0x0000239e                __sclose
 *fill*         0x000023a6        0x2 ff
 .text._write_r
                0x000023a8       0x24 c:/nxp/lpcxpresso_8.2.2_650/lpcxpresso/tools/bin/../lib/gcc/arm-none-eabi/5.4.1/../../../../arm-none-eabi/lib/armv7-m\libc_nano.a(lib_a-writer.o)
                0x000023a8                _write_r
 .text._close_r
                0x000023cc       0x20 c:/nxp/lpcxpresso_8.2.2_650/lpcxpresso/tools/bin/../lib/gcc/arm-none-eabi/5.4.1/../../../../arm-none-eabi/lib/armv7-m\libc_nano.a(lib_a-closer.o)
                0x000023cc                _close_r
 .text._fstat_r
                0x000023ec       0x24 c:/nxp/lpcxpresso_8.2.2_650/lpcxpresso/tools/bin/../lib/gcc/arm-none-eabi/5.4.1/../../../../arm-none-eabi/lib/armv7-m\libc_nano.a(lib_a-fstatr.o)
                0x000023ec                _fstat_r
 .text._isatty_r
                0x00002410       0x20 c:/nxp/lpcxpresso_8.2.2_650/lpcxpresso/tools/bin/../lib/gcc/arm-none-eabi/5.4.1/../../../../arm-none-eabi/lib/armv7-m\libc_nano.a(lib_a-isattyr.o)
                0x00002410                _isatty_r
 .text._lseek_r
                0x00002430       0x24 c:/nxp/lpcxpresso_8.2.2_650/lpcxpresso/tools/bin/../lib/gcc/arm-none-eabi/5.4.1/../../../../arm-none-eabi/lib/armv7-m\libc_nano.a(lib_a-lseekr.o)
                0x00002430                _lseek_r
 .text._read_r  0x00002454       0x24 c:/nxp/lpcxpresso_8.2.2_650/lpcxpresso/tools/bin/../lib/gcc/arm-none-eabi/5.4.1/../../../../arm-none-eabi/lib/armv7-m\libc_nano.a(lib_a-readr.o)
                0x00002454                _read_r
 .text._sbrk    0x00002478       0x3c c:/nxp/lpcxpresso_8.2.2_650/lpcxpresso/tools/bin/../lib/gcc/arm-none-eabi/5.4.1/../../../../arm-none-eabi/lib/armv7-m\libcr_newlib_semihost.a(_cr_sbrk.o)
                0x00002478                _sbrk
 .text.error    0x000024b4       0x1c c:/nxp/lpcxpresso_8.2.2_650/lpcxpresso/tools/bin/../lib/gcc/arm-none-eabi/5.4.1/../../../../arm-none-eabi/lib/armv7-m\libcr_newlib_semihost.a(syscalls.o)
 .text.initialise_monitor_handles.part.0
                0x000024d0       0xa8 c:/nxp/lpcxpresso_8.2.2_650/lpcxpresso/tools/bin/../lib/gcc/arm-none-eabi/5.4.1/../../../../arm-none-eabi/lib/armv7-m\libcr_newlib_semihost.a(syscalls.o)
 .text.findslot
                0x00002578       0x30 c:/nxp/lpcxpresso_8.2.2_650/lpcxpresso/tools/bin/../lib/gcc/arm-none-eabi/5.4.1/../../../../arm-none-eabi/lib/armv7-m\libcr_newlib_semihost.a(syscalls.o)
 .text.checkerror
                0x000025a8       0x20 c:/nxp/lpcxpresso_8.2.2_650/lpcxpresso/tools/bin/../lib/gcc/arm-none-eabi/5.4.1/../../../../arm-none-eabi/lib/armv7-m\libcr_newlib_semihost.a(syscalls.o)
 .text._swiread
                0x000025c8       0x20 c:/nxp/lpcxpresso_8.2.2_650/lpcxpresso/tools/bin/../lib/gcc/arm-none-eabi/5.4.1/../../../../arm-none-eabi/lib/armv7-m\libcr_newlib_semihost.a(syscalls.o)
                0x000025c8                _swiread
 .text._read    0x000025e8       0x34 c:/nxp/lpcxpresso_8.2.2_650/lpcxpresso/tools/bin/../lib/gcc/arm-none-eabi/5.4.1/../../../../arm-none-eabi/lib/armv7-m\libcr_newlib_semihost.a(syscalls.o)
                0x000025e8                _read
 .text._swilseek
                0x0000261c       0x7a c:/nxp/lpcxpresso_8.2.2_650/lpcxpresso/tools/bin/../lib/gcc/arm-none-eabi/5.4.1/../../../../arm-none-eabi/lib/armv7-m\libcr_newlib_semihost.a(syscalls.o)
                0x0000261c                _swilseek
 .text._lseek   0x00002696        0x4 c:/nxp/lpcxpresso_8.2.2_650/lpcxpresso/tools/bin/../lib/gcc/arm-none-eabi/5.4.1/../../../../arm-none-eabi/lib/armv7-m\libcr_newlib_semihost.a(syscalls.o)
                0x00002696                _lseek
 .text._swiwrite
                0x0000269a       0x20 c:/nxp/lpcxpresso_8.2.2_650/lpcxpresso/tools/bin/../lib/gcc/arm-none-eabi/5.4.1/../../../../arm-none-eabi/lib/armv7-m\libcr_newlib_semihost.a(syscalls.o)
                0x0000269a                _swiwrite
 .text._write   0x000026ba       0x42 c:/nxp/lpcxpresso_8.2.2_650/lpcxpresso/tools/bin/../lib/gcc/arm-none-eabi/5.4.1/../../../../arm-none-eabi/lib/armv7-m\libcr_newlib_semihost.a(syscalls.o)
                0x000026ba                _write
 .text._swiclose
                0x000026fc       0x1c c:/nxp/lpcxpresso_8.2.2_650/lpcxpresso/tools/bin/../lib/gcc/arm-none-eabi/5.4.1/../../../../arm-none-eabi/lib/armv7-m\libcr_newlib_semihost.a(syscalls.o)
                0x000026fc                _swiclose
 .text._close   0x00002718       0x48 c:/nxp/lpcxpresso_8.2.2_650/lpcxpresso/tools/bin/../lib/gcc/arm-none-eabi/5.4.1/../../../../arm-none-eabi/lib/armv7-m\libcr_newlib_semihost.a(syscalls.o)
                0x00002718                _close
 .text._swistat
                0x00002760       0x42 c:/nxp/lpcxpresso_8.2.2_650/lpcxpresso/tools/bin/../lib/gcc/arm-none-eabi/5.4.1/../../../../arm-none-eabi/lib/armv7-m\libcr_newlib_semihost.a(syscalls.o)
                0x00002760                _swistat
 .text._fstat   0x000027a2       0x1c c:/nxp/lpcxpresso_8.2.2_650/lpcxpresso/tools/bin/../lib/gcc/arm-none-eabi/5.4.1/../../../../arm-none-eabi/lib/armv7-m\libcr_newlib_semihost.a(syscalls.o)
                0x000027a2                _fstat
 .text._isatty  0x000027be       0x2a c:/nxp/lpcxpresso_8.2.2_650/lpcxpresso/tools/bin/../lib/gcc/arm-none-eabi/5.4.1/../../../../arm-none-eabi/lib/armv7-m\libcr_newlib_semihost.a(syscalls.o)
                0x000027be                _isatty
 .text.__check_heap_overflow
                0x000027e8       0x18 c:/nxp/lpcxpresso_8.2.2_650/lpcxpresso/tools/bin/../lib/gcc/arm-none-eabi/5.4.1/../../../../arm-none-eabi/lib/armv7-m\libcr_newlib_semihost.a(_cr_check_heap.o)
                0x000027e8                __check_heap_overflow
 .text.__errno  0x00002800        0xc c:/nxp/lpcxpresso_8.2.2_650/lpcxpresso/tools/bin/../lib/gcc/arm-none-eabi/5.4.1/../../../../arm-none-eabi/lib/armv7-m\libc_nano.a(lib_a-errno.o)
                0x00002800                __errno
 *(.rodata .rodata.* .constdata .constdata.*)
 .rodata        0x0000280c       0x12 main.o
 *fill*         0x0000281e        0x2 ff
 .rodata        0x00002820      0x27e eventos_test_event.o
 *fill*         0x00002a9e        0x2 ff
 .rodata        0x00002aa0       0x3e eventos_test_runner.o
 *fill*         0x00002ade        0x2 ff
 .rodata.UnityStrOk
                0x00002ae0        0x3 unity.o
 *fill*         0x00002ae3        0x1 ff
 .rodata.UnityStrFail
                0x00002ae4        0x5 unity.o
 *fill*         0x00002ae9        0x3 ff
 .rodata.UnityStrSpacer
                0x00002aec        0x3 unity.o
 *fill*         0x00002aef        0x1 ff
 .rodata.UnityStrExpected
                0x00002af0        0xb unity.o
 *fill*         0x00002afb        0x1 ff
 .rodata.UnityStrWas
                0x00002afc        0x6 unity.o
 *fill*         0x00002b02        0x2 ff
 .rodata.UnityStrBreaker
                0x00002b04       0x18 unity.o
 .rodata.UnityStrResultsTests
                0x00002b1c        0x8 unity.o
 .rodata.UnityStrResultsFailures
                0x00002b24        0xb unity.o
 *fill*         0x00002b2f        0x1 ff
 .rodata.UnityStrResultsIgnored
                0x00002b30        0xa unity.o
 *fill*         0x00002b3a        0x2 ff
 .rodata.UnityStrDetail1Name
                0x00002b3c        0xa unity.o
 *fill*         0x00002b46        0x2 ff
 .rodata.UnityStrDetail2Name
                0x00002b48        0xb unity.o
 *fill*         0x00002b53        0x1 ff
 .rodata        0x00002b54       0xae unity_fixture.o
 .rodata.str1.1
                0x00002c02        0x2 c:/nxp/lpcxpresso_8.2.2_650/lpcxpresso/tools/bin/../lib/gcc/arm-none-eabi/5.4.1/../../../../arm-none-eabi/lib/armv7-m\libc_nano.a(lib_a-impure.o)
 .rodata._global_impure_ptr
                0x00002c04        0x4 c:/nxp/lpcxpresso_8.2.2_650/lpcxpresso/tools/bin/../lib/gcc/arm-none-eabi/5.4.1/../../../../arm-none-eabi/lib/armv7-m\libc_nano.a(lib_a-impure.o)
                0x00002c04                _global_impure_ptr
 .rodata.__sf_fake_stdin
                0x00002c08       0x20 c:/nxp/lpcxpresso_8.2.2_650/lpcxpresso/tools/bin/../lib/gcc/arm-none-eabi/5.4.1/../../../../arm-none-eabi/lib/armv7-m\libc_nano.a(lib_a-findfp.o)
                0x00002c08                __sf_fake_stdin
 .rodata.__sf_fake_stdout
                0x00002c28       0x20 c:/nxp/lpcxpresso_8.2.2_650/lpcxpresso/tools/bin/../lib/gcc/arm-none-eabi/5.4.1/../../../../arm-none-eabi/lib/armv7-m\libc_nano.a(lib_a-findfp.o)
                0x00002c28                __sf_fake_stdout
 .rodata.__sf_fake_stderr
                0x00002c48       0x20 c:/nxp/lpcxpresso_8.2.2_650/lpcxpresso/tools/bin/../lib/gcc/arm-none-eabi/5.4.1/../../../../arm-none-eabi/lib/armv7-m\libc_nano.a(lib_a-findfp.o)
                0x00002c48                __sf_fake_stderr
 .rodata.str1.1
                0x00002c68        0x4 c:/nxp/lpcxpresso_8.2.2_650/lpcxpresso/tools/bin/../lib/gcc/arm-none-eabi/5.4.1/../../../../arm-none-eabi/lib/armv7-m\libcr_newlib_semihost.a(syscalls.o)
                0x00002c6c                . = ALIGN (0x4)

.glue_7         0x00002c6c        0x0
 .glue_7        0x00002c6c        0x0 linker stubs

.glue_7t        0x00002c6c        0x0
 .glue_7t       0x00002c6c        0x0 linker stubs

.vfp11_veneer   0x00002c6c        0x0
 .vfp11_veneer  0x00002c6c        0x0 linker stubs

.v4_bx          0x00002c6c        0x0
 .v4_bx         0x00002c6c        0x0 linker stubs

.iplt           0x00002c6c        0x0
 .iplt          0x00002c6c        0x0 main.o

.rel.dyn        0x00002c6c        0x0
 .rel.iplt      0x00002c6c        0x0 main.o

.ARM.extab
 *(.ARM.extab* .gnu.linkonce.armextab.*)
                0x00002c6c                __exidx_start = .

.ARM.exidx
 *(.ARM.exidx* .gnu.linkonce.armexidx.*)
                0x00002c6c                __exidx_end = .
                0x00002c6c                _etext = .

.data_RAM2      0x2007c000        0x0 load address 0x00002c6c
 FILL mask 0xff
                [!provide]                PROVIDE (__start_data_RAM2, .)
 *(.ramfunc.$RAM2)
 *(.ramfunc.$RamAHB32)
 *(.data.$RAM2*)
 *(.data.$RamAHB32*)
                0x2007c000                . = ALIGN (0x4)
                [!provide]                PROVIDE (__end_data_RAM2, .)

.uninit_RESERVED
                0x10000000        0x0
 *(.bss.$RESERVED*)
                0x10000000                . = ALIGN (0x4)
                0x10000000                _end_uninit_RESERVED = .

.data           0x10000000       0x78 load address 0x00002c6c
 FILL mask 0xff
                0x10000000                _data = .
 *(vtable)
 *(.ramfunc*)
 *(.data*)
 .data.TEST_main_id
                0x10000000        0x4 main.o
 .data.SystemCoreClock
                0x10000004        0x4 system_LPC17xx.o
                0x10000004                SystemCoreClock
 .data.TEST_event_id
                0x10000008        0x4 eventos_test_event.o
 .data.TEST_GROUP_Full_EVENTOS_EVENT
                0x1000000c        0x4 eventos_test_event.o
 .data.malloc_fail_countdown
                0x10000010        0x4 unity_fixture.o
 .data.impure_data
                0x10000014       0x60 c:/nxp/lpcxpresso_8.2.2_650/lpcxpresso/tools/bin/../lib/gcc/arm-none-eabi/5.4.1/../../../../arm-none-eabi/lib/armv7-m\libc_nano.a(lib_a-impure.o)
 .data._impure_ptr
                0x10000074        0x4 c:/nxp/lpcxpresso_8.2.2_650/lpcxpresso/tools/bin/../lib/gcc/arm-none-eabi/5.4.1/../../../../arm-none-eabi/lib/armv7-m\libc_nano.a(lib_a-impure.o)
                0x10000074                _impure_ptr
                0x10000078                . = ALIGN (0x4)
                0x10000078                _edata = .

.igot.plt       0x10000078        0x0 load address 0x00002ce4
 .igot.plt      0x10000078        0x0 main.o

.bss_RAM2       0x2007c000        0x0
                [!provide]                PROVIDE (__start_bss_RAM2, .)
 *(.bss.$RAM2*)
 *(.bss.$RamAHB32*)
                0x2007c000                . = ALIGN ((. != 0x0)?0x4:0x1)
                [!provide]                PROVIDE (__end_bss_RAM2, .)

.bss            0x10000078     0x4170
                0x10000078                _bss = .
 *(.bss*)
 .bss.TEST_main_key
                0x10000078        0x4 main.o
 .bss.TEST_main_pvHandler
                0x1000007c        0x4 main.o
 .bss.TEST_main_sys_initialized
                0x10000080        0x4 main.o
 .bss.TEST_event_key
                0x10000084        0x4 eventos_test_event.o
 .bss.TEST_event_pvHandler
                0x10000088        0x4 eventos_test_event.o
 .bss.pxEventsLists
                0x1000008c       0x3c event.o
 .bss.pxEventAdminList
                0x100000c8     0x4000 event.o
 .bss.pxCurrentECB
                0x100040c8        0x4 event.o
 .bss.evt_ulCurrentNumberOfPubEvents
                0x100040cc        0x4 event.o
 .bss.evt_ulCurrentNumberOfRegEvents
                0x100040d0        0x4 event.o
 .bss.evt_ulProcessStamp
                0x100040d4        0x4 event.o
 .bss.pxSCB.5417
                0x100040d8        0x4 event.o
 .bss.Unity     0x100040dc       0x84 unity.o
                0x100040dc                Unity
 .bss.UnityFixture
                0x10004160       0x10 unity_fixture.o
                0x10004160                UnityFixture
 .bss.malloc_count
                0x10004170        0x4 unity_fixture.o
 .bss.pointer_store
                0x10004174       0x28 unity_fixture.o
 .bss.pointer_index
                0x1000419c        0x4 unity_fixture.o
 .bss.__malloc_sbrk_start
                0x100041a0        0x4 c:/nxp/lpcxpresso_8.2.2_650/lpcxpresso/tools/bin/../lib/gcc/arm-none-eabi/5.4.1/../../../../arm-none-eabi/lib/armv7-m\libc_nano.a(lib_a-nano-mallocr.o)
                0x100041a0                __malloc_sbrk_start
 .bss.__malloc_free_list
                0x100041a4        0x4 c:/nxp/lpcxpresso_8.2.2_650/lpcxpresso/tools/bin/../lib/gcc/arm-none-eabi/5.4.1/../../../../arm-none-eabi/lib/armv7-m\libc_nano.a(lib_a-nano-mallocr.o)
                0x100041a4                __malloc_free_list
 .bss.__end_of_heap
                0x100041a8        0x4 c:/nxp/lpcxpresso_8.2.2_650/lpcxpresso/tools/bin/../lib/gcc/arm-none-eabi/5.4.1/../../../../arm-none-eabi/lib/armv7-m\libcr_newlib_semihost.a(_cr_sbrk.o)
                0x100041a8                __end_of_heap
 .bss.monitor_stdout
                0x100041ac        0x4 c:/nxp/lpcxpresso_8.2.2_650/lpcxpresso/tools/bin/../lib/gcc/arm-none-eabi/5.4.1/../../../../arm-none-eabi/lib/armv7-m\libcr_newlib_semihost.a(syscalls.o)
 .bss.monitor_stdin
                0x100041b0        0x4 c:/nxp/lpcxpresso_8.2.2_650/lpcxpresso/tools/bin/../lib/gcc/arm-none-eabi/5.4.1/../../../../arm-none-eabi/lib/armv7-m\libcr_newlib_semihost.a(syscalls.o)
 .bss.initialized.5536
                0x100041b4        0x4 c:/nxp/lpcxpresso_8.2.2_650/lpcxpresso/tools/bin/../lib/gcc/arm-none-eabi/5.4.1/../../../../arm-none-eabi/lib/armv7-m\libcr_newlib_semihost.a(syscalls.o)
 .bss.monitor_stderr
                0x100041b8        0x4 c:/nxp/lpcxpresso_8.2.2_650/lpcxpresso/tools/bin/../lib/gcc/arm-none-eabi/5.4.1/../../../../arm-none-eabi/lib/armv7-m\libcr_newlib_semihost.a(syscalls.o)
 .bss.openfiles
                0x100041bc       0x28 c:/nxp/lpcxpresso_8.2.2_650/lpcxpresso/tools/bin/../lib/gcc/arm-none-eabi/5.4.1/../../../../arm-none-eabi/lib/armv7-m\libcr_newlib_semihost.a(syscalls.o)
 *(COMMON)
 COMMON         0x100041e4        0x4 c:/nxp/lpcxpresso_8.2.2_650/lpcxpresso/tools/bin/../lib/gcc/arm-none-eabi/5.4.1/../../../../arm-none-eabi/lib/armv7-m\libc_nano.a(lib_a-reent.o)
                0x100041e4                errno
                0x100041e8                . = ALIGN (0x4)
                0x100041e8                _ebss = .
                [!provide]                PROVIDE (end, .)

.noinit_RAM2    0x2007c000        0x0
 *(.noinit.$RAM2*)
 *(.noinit.$RamAHB32*)
                0x2007c000                . = ALIGN (0x4)

.noinit         0x100041e8        0x0
                0x100041e8                _noinit = .
 *(.noinit*)
                0x100041e8                . = ALIGN (0x4)
                0x100041e8                _end_noinit = .
                0x100041e8                PROVIDE (_pvHeapStart, DEFINED (__user_heap_base)?__user_heap_base:.)
                0x10008000                PROVIDE (_vStackTop, DEFINED (__user_stack_top)?__user_stack_top:(__top_RamLoc32 - 0x0))
                [!provide]                PROVIDE (__valid_user_code_checksum, (0x0 - ((((((_vStackTop + (ResetISR + 0x1)) + (NMI_Handler + 0x1)) + (HardFault_Handler + 0x1)) + (DEFINED (MemManage_Handler)?MemManage_Handler:0x0 + 0x1)) + (DEFINED (BusFault_Handler)?BusFault_Handler:0x0 + 0x1)) + (DEFINED (UsageFault_Handler)?UsageFault_Handler:0x0 + 0x1))))
OUTPUT(EventOS_unit_tests.axf elf32-littlearm)

.debug_info     0x00000000     0x5cf7
 .debug_info    0x00000000      0x19d main.o
 .debug_info    0x0000019d      0x56a board.o
 .debug_info    0x00000707      0x32e system_LPC17xx.o
 .debug_info    0x00000a35      0x1b6 cr_startup_lpc17.o
 .debug_info    0x00000beb      0x491 eventos_test_event.o
 .debug_info    0x0000107c      0x225 eventos_test_runner.o
 .debug_info    0x000012a1      0x7e0 event.o
 .debug_info    0x00001a81      0x287 list.o
 .debug_info    0x00001d08      0x173 port.o
 .debug_info    0x00001e7b     0x1aaa unity.o
 .debug_info    0x00003925      0xe42 unity_fixture.o
 .debug_info    0x00004767      0x124 c:/nxp/lpcxpresso_8.2.2_650/lpcxpresso/tools/bin/../lib/gcc/arm-none-eabi/5.4.1/../../../../arm-none-eabi/lib/armv7-m\libcr_newlib_semihost.a(_cr_sbrk.o)
 .debug_info    0x0000488b     0x1402 c:/nxp/lpcxpresso_8.2.2_650/lpcxpresso/tools/bin/../lib/gcc/arm-none-eabi/5.4.1/../../../../arm-none-eabi/lib/armv7-m\libcr_newlib_semihost.a(syscalls.o)
 .debug_info    0x00005c8d       0x6a c:/nxp/lpcxpresso_8.2.2_650/lpcxpresso/tools/bin/../lib/gcc/arm-none-eabi/5.4.1/../../../../arm-none-eabi/lib/armv7-m\libcr_newlib_semihost.a(_cr_check_heap.o)

.debug_abbrev   0x00000000     0x1448
 .debug_abbrev  0x00000000       0xd9 main.o
 .debug_abbrev  0x000000d9      0x196 board.o
 .debug_abbrev  0x0000026f       0xe6 system_LPC17xx.o
 .debug_abbrev  0x00000355       0xb9 cr_startup_lpc17.o
 .debug_abbrev  0x0000040e      0x10a eventos_test_event.o
 .debug_abbrev  0x00000518      0x129 eventos_test_runner.o
 .debug_abbrev  0x00000641      0x1ea event.o
 .debug_abbrev  0x0000082b       0xbf list.o
 .debug_abbrev  0x000008ea      0x106 port.o
 .debug_abbrev  0x000009f0      0x2f1 unity.o
 .debug_abbrev  0x00000ce1      0x2e8 unity_fixture.o
 .debug_abbrev  0x00000fc9       0xcf c:/nxp/lpcxpresso_8.2.2_650/lpcxpresso/tools/bin/../lib/gcc/arm-none-eabi/5.4.1/../../../../arm-none-eabi/lib/armv7-m\libcr_newlib_semihost.a(_cr_sbrk.o)
 .debug_abbrev  0x00001098      0x34e c:/nxp/lpcxpresso_8.2.2_650/lpcxpresso/tools/bin/../lib/gcc/arm-none-eabi/5.4.1/../../../../arm-none-eabi/lib/armv7-m\libcr_newlib_semihost.a(syscalls.o)
 .debug_abbrev  0x000013e6       0x62 c:/nxp/lpcxpresso_8.2.2_650/lpcxpresso/tools/bin/../lib/gcc/arm-none-eabi/5.4.1/../../../../arm-none-eabi/lib/armv7-m\libcr_newlib_semihost.a(_cr_check_heap.o)

.debug_aranges  0x00000000      0x640
 .debug_aranges
                0x00000000       0x30 main.o
 .debug_aranges
                0x00000030       0x38 board.o
 .debug_aranges
                0x00000068       0x28 system_LPC17xx.o
 .debug_aranges
                0x00000090       0x70 cr_startup_lpc17.o
 .debug_aranges
                0x00000100       0xa0 eventos_test_event.o
 .debug_aranges
                0x000001a0       0x28 eventos_test_runner.o
 .debug_aranges
                0x000001c8       0xa0 event.o
 .debug_aranges
                0x00000268       0x40 list.o
 .debug_aranges
                0x000002a8       0x50 port.o
 .debug_aranges
                0x000002f8      0x158 unity.o
 .debug_aranges
                0x00000450       0xc8 unity_fixture.o
 .debug_aranges
                0x00000518       0x20 c:/nxp/lpcxpresso_8.2.2_650/lpcxpresso/tools/bin/../lib/gcc/arm-none-eabi/5.4.1/../../../../arm-none-eabi/lib/armv7-m\libcr_newlib_semihost.a(_cr_sbrk.o)
 .debug_aranges
                0x00000538       0xe8 c:/nxp/lpcxpresso_8.2.2_650/lpcxpresso/tools/bin/../lib/gcc/arm-none-eabi/5.4.1/../../../../arm-none-eabi/lib/armv7-m\libcr_newlib_semihost.a(syscalls.o)
 .debug_aranges
                0x00000620       0x20 c:/nxp/lpcxpresso_8.2.2_650/lpcxpresso/tools/bin/../lib/gcc/arm-none-eabi/5.4.1/../../../../arm-none-eabi/lib/armv7-m\libcr_newlib_semihost.a(_cr_check_heap.o)

.debug_ranges   0x00000000      0x6a0
 .debug_ranges  0x00000000       0x20 main.o
 .debug_ranges  0x00000020       0x28 board.o
 .debug_ranges  0x00000048       0x18 system_LPC17xx.o
 .debug_ranges  0x00000060       0x60 cr_startup_lpc17.o
 .debug_ranges  0x000000c0       0x90 eventos_test_event.o
 .debug_ranges  0x00000150       0x18 eventos_test_runner.o
 .debug_ranges  0x00000168       0x90 event.o
 .debug_ranges  0x000001f8       0x30 list.o
 .debug_ranges  0x00000228       0x40 port.o
 .debug_ranges  0x00000268      0x148 unity.o
 .debug_ranges  0x000003b0       0xb8 unity_fixture.o
 .debug_ranges  0x00000468       0x10 c:/nxp/lpcxpresso_8.2.2_650/lpcxpresso/tools/bin/../lib/gcc/arm-none-eabi/5.4.1/../../../../arm-none-eabi/lib/armv7-m\libcr_newlib_semihost.a(_cr_sbrk.o)
 .debug_ranges  0x00000478      0x218 c:/nxp/lpcxpresso_8.2.2_650/lpcxpresso/tools/bin/../lib/gcc/arm-none-eabi/5.4.1/../../../../arm-none-eabi/lib/armv7-m\libcr_newlib_semihost.a(syscalls.o)
 .debug_ranges  0x00000690       0x10 c:/nxp/lpcxpresso_8.2.2_650/lpcxpresso/tools/bin/../lib/gcc/arm-none-eabi/5.4.1/../../../../arm-none-eabi/lib/armv7-m\libcr_newlib_semihost.a(_cr_check_heap.o)

.debug_macro    0x00000000     0x58b2
 .debug_macro   0x00000000      0x2f2 main.o
 .debug_macro   0x000002f2      0x874 main.o
 .debug_macro   0x00000b66       0x22 main.o
 .debug_macro   0x00000b88       0x40 main.o
 .debug_macro   0x00000bc8       0x8d main.o
 .debug_macro   0x00000c55       0x3c main.o
 .debug_macro   0x00000c91       0x9c main.o
 .debug_macro   0x00000d2d       0x16 main.o
 .debug_macro   0x00000d43      0x10e main.o
 .debug_macro   0x00000e51       0x86 main.o
 .debug_macro   0x00000ed7       0x4a main.o
 .debug_macro   0x00000f21       0x52 main.o
 .debug_macro   0x00000f73       0x1f main.o
 .debug_macro   0x00000f92       0x43 main.o
 .debug_macro   0x00000fd5       0x20 main.o
 .debug_macro   0x00000ff5      0x1a3 main.o
 .debug_macro   0x00001198      0x330 main.o
 .debug_macro   0x000014c8       0x16 main.o
 .debug_macro   0x000014de       0x29 main.o
 .debug_macro   0x00001507       0x1c main.o
 .debug_macro   0x00001523       0x35 main.o
 .debug_macro   0x00001558       0x10 main.o
 .debug_macro   0x00001568       0x10 main.o
 .debug_macro   0x00001578       0x5e main.o
 .debug_macro   0x000015d6       0x1c main.o
 .debug_macro   0x000015f2       0x52 main.o
 .debug_macro   0x00001644       0x40 main.o
 .debug_macro   0x00001684       0x10 main.o
 .debug_macro   0x00001694       0x40 main.o
 .debug_macro   0x000016d4       0xd7 main.o
 .debug_macro   0x000017ab       0x16 main.o
 .debug_macro   0x000017c1      0x15f main.o
 .debug_macro   0x00001920       0x28 main.o
 .debug_macro   0x00001948       0xa6 main.o
 .debug_macro   0x000019ee       0x2f main.o
 .debug_macro   0x00001a1d       0x16 main.o
 .debug_macro   0x00001a33       0x10 main.o
 .debug_macro   0x00001a43      0x1e1 main.o
 .debug_macro   0x00001c24       0xfd main.o
 .debug_macro   0x00001d21      0x1df main.o
 .debug_macro   0x00001f00       0x2b main.o
 .debug_macro   0x00001f2b      0x118 main.o
 .debug_macro   0x00002043       0x16 main.o
 .debug_macro   0x00002059       0x10 main.o
 .debug_macro   0x00002069       0x41 main.o
 .debug_macro   0x000020aa      0x54f main.o
 .debug_macro   0x000025f9      0x94a main.o
 .debug_macro   0x00002f43       0x1c main.o
 .debug_macro   0x00002f5f       0x2e main.o
 .debug_macro   0x00002f8d       0x18 main.o
 .debug_macro   0x00002fa5      0x7af main.o
 .debug_macro   0x00003754      0x2c7 main.o
 .debug_macro   0x00003a1b      0x203 board.o
 .debug_macro   0x00003c1e       0x16 board.o
 .debug_macro   0x00003c34       0x97 board.o
 .debug_macro   0x00003ccb       0xf6 board.o
 .debug_macro   0x00003dc1      0x152 system_LPC17xx.o
 .debug_macro   0x00003f13       0x79 cr_startup_lpc17.o
 .debug_macro   0x00003f8c      0x2fc eventos_test_event.o
 .debug_macro   0x00004288       0x22 eventos_test_event.o
 .debug_macro   0x000042aa       0x46 eventos_test_event.o
 .debug_macro   0x000042f0      0x16d eventos_test_event.o
 .debug_macro   0x0000445d       0x10 eventos_test_event.o
 .debug_macro   0x0000446d       0x10 eventos_test_event.o
 .debug_macro   0x0000447d       0x35 eventos_test_event.o
 .debug_macro   0x000044b2       0x4e eventos_test_event.o
 .debug_macro   0x00004500      0x505 eventos_test_event.o
 .debug_macro   0x00004a05       0x28 eventos_test_event.o
 .debug_macro   0x00004a2d       0x10 eventos_test_event.o
 .debug_macro   0x00004a3d       0x64 eventos_test_event.o
 .debug_macro   0x00004aa1      0x302 eventos_test_runner.o
 .debug_macro   0x00004da3       0x16 eventos_test_runner.o
 .debug_macro   0x00004db9      0x21a event.o
 .debug_macro   0x00004fd3       0x58 event.o
 .debug_macro   0x0000502b      0x12a list.o
 .debug_macro   0x00005155      0x228 port.o
 .debug_macro   0x0000537d      0x268 unity.o
 .debug_macro   0x000055e5      0x2cd unity_fixture.o

.debug_line     0x00000000     0x4bab
 .debug_line    0x00000000      0x6da main.o
 .debug_line    0x000006da      0x512 board.o
 .debug_line    0x00000bec      0x331 system_LPC17xx.o
 .debug_line    0x00000f1d      0x34b cr_startup_lpc17.o
 .debug_line    0x00001268      0x766 eventos_test_event.o
 .debug_line    0x000019ce      0x6bf eventos_test_runner.o
 .debug_line    0x0000208d      0x706 event.o
 .debug_line    0x00002793      0x402 list.o
 .debug_line    0x00002b95      0x55a port.o
 .debug_line    0x000030ef      0xc18 unity.o
 .debug_line    0x00003d07      0x7b1 unity_fixture.o
 .debug_line    0x000044b8      0x101 c:/nxp/lpcxpresso_8.2.2_650/lpcxpresso/tools/bin/../lib/gcc/arm-none-eabi/5.4.1/../../../../arm-none-eabi/lib/armv7-m\libcr_newlib_semihost.a(_cr_sbrk.o)
 .debug_line    0x000045b9      0x5a5 c:/nxp/lpcxpresso_8.2.2_650/lpcxpresso/tools/bin/../lib/gcc/arm-none-eabi/5.4.1/../../../../arm-none-eabi/lib/armv7-m\libcr_newlib_semihost.a(syscalls.o)
 .debug_line    0x00004b5e       0x4d c:/nxp/lpcxpresso_8.2.2_650/lpcxpresso/tools/bin/../lib/gcc/arm-none-eabi/5.4.1/../../../../arm-none-eabi/lib/armv7-m\libcr_newlib_semihost.a(_cr_check_heap.o)

.debug_str      0x00000000    0x23cfb
 .debug_str     0x00000000    0x20272 main.o
                              0x204e9 (size before relaxing)
 .debug_str     0x00020272      0x38d board.o
                               0xbef7 (size before relaxing)
 .debug_str     0x000205ff      0x428 system_LPC17xx.o
                               0x790c (size before relaxing)
 .debug_str     0x00020a27      0x17e cr_startup_lpc17.o
                               0x352f (size before relaxing)
 .debug_str     0x00020ba5      0xd68 eventos_test_event.o
                              0x1d047 (size before relaxing)
 .debug_str     0x0002190d      0x16c eventos_test_runner.o
                              0x1ccbb (size before relaxing)
 .debug_str     0x00021a79      0x832 event.o
                               0x7b4d (size before relaxing)
 .debug_str     0x000222ab       0xbc list.o
                               0x618d (size before relaxing)
 .debug_str     0x00022367      0x1d7 port.o
                               0xbdec (size before relaxing)
 .debug_str     0x0002253e     0x1093 unity.o
                              0x1cce4 (size before relaxing)
 .debug_str     0x000235d1      0x2ac unity_fixture.o
                              0x1cb31 (size before relaxing)
 .debug_str     0x0002387d      0x186 c:/nxp/lpcxpresso_8.2.2_650/lpcxpresso/tools/bin/../lib/gcc/arm-none-eabi/5.4.1/../../../../arm-none-eabi/lib/armv7-m\libcr_newlib_semihost.a(_cr_sbrk.o)
                                0x22b (size before relaxing)
 .debug_str     0x00023a03      0x2d3 c:/nxp/lpcxpresso_8.2.2_650/lpcxpresso/tools/bin/../lib/gcc/arm-none-eabi/5.4.1/../../../../arm-none-eabi/lib/armv7-m\libcr_newlib_semihost.a(syscalls.o)
                                0x4f7 (size before relaxing)
 .debug_str     0x00023cd6       0x25 c:/nxp/lpcxpresso_8.2.2_650/lpcxpresso/tools/bin/../lib/gcc/arm-none-eabi/5.4.1/../../../../arm-none-eabi/lib/armv7-m\libcr_newlib_semihost.a(_cr_check_heap.o)
                                0x16d (size before relaxing)

.comment        0x00000000       0xdc
 .comment       0x00000000       0x6e main.o
                                 0x6f (size before relaxing)
 .comment       0x0000006e       0x6f board.o
 .comment       0x0000006e       0x6f system_LPC17xx.o
 .comment       0x0000006e       0x6f cr_startup_lpc17.o
 .comment       0x0000006e       0x6f eventos_test_event.o
 .comment       0x0000006e       0x6f eventos_test_runner.o
 .comment       0x0000006e       0x6f event.o
 .comment       0x0000006e       0x6f list.o
 .comment       0x0000006e       0x6f port.o
 .comment       0x0000006e       0x6f unity.o
 .comment       0x0000006e       0x6f unity_fixture.o
 .comment       0x0000006e       0x6e c:/nxp/lpcxpresso_8.2.2_650/lpcxpresso/tools/bin/../lib/gcc/arm-none-eabi/5.4.1/../../../../arm-none-eabi/lib/armv7-m\libcr_newlib_semihost.a(_cr_sbrk.o)
                                 0x6f (size before relaxing)
 .comment       0x000000dc       0x6f c:/nxp/lpcxpresso_8.2.2_650/lpcxpresso/tools/bin/../lib/gcc/arm-none-eabi/5.4.1/../../../../arm-none-eabi/lib/armv7-m\libcr_newlib_semihost.a(syscalls.o)
 .comment       0x000000dc       0x6f c:/nxp/lpcxpresso_8.2.2_650/lpcxpresso/tools/bin/../lib/gcc/arm-none-eabi/5.4.1/../../../../arm-none-eabi/lib/armv7-m\libcr_newlib_semihost.a(_cr_check_heap.o)

.ARM.attributes
                0x00000000       0x31
 .ARM.attributes
                0x00000000       0x33 main.o
 .ARM.attributes
                0x00000033       0x33 board.o
 .ARM.attributes
                0x00000066       0x33 system_LPC17xx.o
 .ARM.attributes
                0x00000099       0x33 cr_startup_lpc17.o
 .ARM.attributes
                0x000000cc       0x33 eventos_test_event.o
 .ARM.attributes
                0x000000ff       0x33 eventos_test_runner.o
 .ARM.attributes
                0x00000132       0x33 event.o
 .ARM.attributes
                0x00000165       0x33 list.o
 .ARM.attributes
                0x00000198       0x33 port.o
 .ARM.attributes
                0x000001cb       0x33 unity.o
 .ARM.attributes
                0x000001fe       0x33 unity_fixture.o
 .ARM.attributes
                0x00000231       0x2d c:/nxp/lpcxpresso_8.2.2_650/lpcxpresso/tools/bin/../lib/gcc/arm-none-eabi/5.4.1/../../../../arm-none-eabi/lib/armv7-m\libc_nano.a(lib_a-impure.o)
 .ARM.attributes
                0x0000025e       0x2d c:/nxp/lpcxpresso_8.2.2_650/lpcxpresso/tools/bin/../lib/gcc/arm-none-eabi/5.4.1/../../../../arm-none-eabi/lib/armv7-m\libc_nano.a(lib_a-malloc.o)
 .ARM.attributes
                0x0000028b       0x2d c:/nxp/lpcxpresso_8.2.2_650/lpcxpresso/tools/bin/../lib/gcc/arm-none-eabi/5.4.1/../../../../arm-none-eabi/lib/armv7-m\libc_nano.a(lib_a-memcpy-stub.o)
 .ARM.attributes
                0x000002b8       0x2d c:/nxp/lpcxpresso_8.2.2_650/lpcxpresso/tools/bin/../lib/gcc/arm-none-eabi/5.4.1/../../../../arm-none-eabi/lib/armv7-m\libc_nano.a(lib_a-memset.o)
 .ARM.attributes
                0x000002e5       0x2d c:/nxp/lpcxpresso_8.2.2_650/lpcxpresso/tools/bin/../lib/gcc/arm-none-eabi/5.4.1/../../../../arm-none-eabi/lib/armv7-m\libc_nano.a(lib_a-nano-freer.o)
 .ARM.attributes
                0x00000312       0x2d c:/nxp/lpcxpresso_8.2.2_650/lpcxpresso/tools/bin/../lib/gcc/arm-none-eabi/5.4.1/../../../../arm-none-eabi/lib/armv7-m\libc_nano.a(lib_a-nano-mallocr.o)
 .ARM.attributes
                0x0000033f       0x2d c:/nxp/lpcxpresso_8.2.2_650/lpcxpresso/tools/bin/../lib/gcc/arm-none-eabi/5.4.1/../../../../arm-none-eabi/lib/armv7-m\libc_nano.a(lib_a-sbrkr.o)
 .ARM.attributes
                0x0000036c       0x1b c:/nxp/lpcxpresso_8.2.2_650/lpcxpresso/tools/bin/../lib/gcc/arm-none-eabi/5.4.1/../../../../arm-none-eabi/lib/armv7-m\libc_nano.a(lib_a-setjmp.o)
 .ARM.attributes
                0x00000387       0x17 c:/nxp/lpcxpresso_8.2.2_650/lpcxpresso/tools/bin/../lib/gcc/arm-none-eabi/5.4.1/../../../../arm-none-eabi/lib/armv7-m\libc_nano.a(lib_a-strlen.o)
 .ARM.attributes
                0x0000039e       0x2d c:/nxp/lpcxpresso_8.2.2_650/lpcxpresso/tools/bin/../lib/gcc/arm-none-eabi/5.4.1/../../../../arm-none-eabi/lib/armv7-m\libc_nano.a(lib_a-strstr.o)
 .ARM.attributes
                0x000003cb       0x2d c:/nxp/lpcxpresso_8.2.2_650/lpcxpresso/tools/bin/../lib/gcc/arm-none-eabi/5.4.1/../../../../arm-none-eabi/lib/armv7-m\libc_nano.a(lib_a-wbuf.o)
 .ARM.attributes
                0x000003f8       0x2d c:/nxp/lpcxpresso_8.2.2_650/lpcxpresso/tools/bin/../lib/gcc/arm-none-eabi/5.4.1/../../../../arm-none-eabi/lib/armv7-m\libc_nano.a(lib_a-wsetup.o)
 .ARM.attributes
                0x00000425       0x2d c:/nxp/lpcxpresso_8.2.2_650/lpcxpresso/tools/bin/../lib/gcc/arm-none-eabi/5.4.1/../../../../arm-none-eabi/lib/armv7-m\libc_nano.a(lib_a-fflush.o)
 .ARM.attributes
                0x00000452       0x2d c:/nxp/lpcxpresso_8.2.2_650/lpcxpresso/tools/bin/../lib/gcc/arm-none-eabi/5.4.1/../../../../arm-none-eabi/lib/armv7-m\libc_nano.a(lib_a-findfp.o)
 .ARM.attributes
                0x0000047f       0x2d c:/nxp/lpcxpresso_8.2.2_650/lpcxpresso/tools/bin/../lib/gcc/arm-none-eabi/5.4.1/../../../../arm-none-eabi/lib/armv7-m\libc_nano.a(lib_a-fwalk.o)
 .ARM.attributes
                0x000004ac       0x2d c:/nxp/lpcxpresso_8.2.2_650/lpcxpresso/tools/bin/../lib/gcc/arm-none-eabi/5.4.1/../../../../arm-none-eabi/lib/armv7-m\libc_nano.a(lib_a-makebuf.o)
 .ARM.attributes
                0x000004d9       0x2d c:/nxp/lpcxpresso_8.2.2_650/lpcxpresso/tools/bin/../lib/gcc/arm-none-eabi/5.4.1/../../../../arm-none-eabi/lib/armv7-m\libc_nano.a(lib_a-mlock.o)
 .ARM.attributes
                0x00000506       0x2d c:/nxp/lpcxpresso_8.2.2_650/lpcxpresso/tools/bin/../lib/gcc/arm-none-eabi/5.4.1/../../../../arm-none-eabi/lib/armv7-m\libc_nano.a(lib_a-reent.o)
 .ARM.attributes
                0x00000533       0x2d c:/nxp/lpcxpresso_8.2.2_650/lpcxpresso/tools/bin/../lib/gcc/arm-none-eabi/5.4.1/../../../../arm-none-eabi/lib/armv7-m\libc_nano.a(lib_a-stdio.o)
 .ARM.attributes
                0x00000560       0x2d c:/nxp/lpcxpresso_8.2.2_650/lpcxpresso/tools/bin/../lib/gcc/arm-none-eabi/5.4.1/../../../../arm-none-eabi/lib/armv7-m\libc_nano.a(lib_a-writer.o)
 .ARM.attributes
                0x0000058d       0x2d c:/nxp/lpcxpresso_8.2.2_650/lpcxpresso/tools/bin/../lib/gcc/arm-none-eabi/5.4.1/../../../../arm-none-eabi/lib/armv7-m\libc_nano.a(lib_a-closer.o)
 .ARM.attributes
                0x000005ba       0x2d c:/nxp/lpcxpresso_8.2.2_650/lpcxpresso/tools/bin/../lib/gcc/arm-none-eabi/5.4.1/../../../../arm-none-eabi/lib/armv7-m\libc_nano.a(lib_a-fstatr.o)
 .ARM.attributes
                0x000005e7       0x2d c:/nxp/lpcxpresso_8.2.2_650/lpcxpresso/tools/bin/../lib/gcc/arm-none-eabi/5.4.1/../../../../arm-none-eabi/lib/armv7-m\libc_nano.a(lib_a-isattyr.o)
 .ARM.attributes
                0x00000614       0x2d c:/nxp/lpcxpresso_8.2.2_650/lpcxpresso/tools/bin/../lib/gcc/arm-none-eabi/5.4.1/../../../../arm-none-eabi/lib/armv7-m\libc_nano.a(lib_a-lseekr.o)
 .ARM.attributes
                0x00000641       0x2d c:/nxp/lpcxpresso_8.2.2_650/lpcxpresso/tools/bin/../lib/gcc/arm-none-eabi/5.4.1/../../../../arm-none-eabi/lib/armv7-m\libc_nano.a(lib_a-readr.o)
 .ARM.attributes
                0x0000066e       0x33 c:/nxp/lpcxpresso_8.2.2_650/lpcxpresso/tools/bin/../lib/gcc/arm-none-eabi/5.4.1/../../../../arm-none-eabi/lib/armv7-m\libcr_newlib_semihost.a(_cr_sbrk.o)
 .ARM.attributes
                0x000006a1       0x33 c:/nxp/lpcxpresso_8.2.2_650/lpcxpresso/tools/bin/../lib/gcc/arm-none-eabi/5.4.1/../../../../arm-none-eabi/lib/armv7-m\libcr_newlib_semihost.a(syscalls.o)
 .ARM.attributes
                0x000006d4       0x33 c:/nxp/lpcxpresso_8.2.2_650/lpcxpresso/tools/bin/../lib/gcc/arm-none-eabi/5.4.1/../../../../arm-none-eabi/lib/armv7-m\libcr_newlib_semihost.a(_cr_check_heap.o)
 .ARM.attributes
                0x00000707       0x2d c:/nxp/lpcxpresso_8.2.2_650/lpcxpresso/tools/bin/../lib/gcc/arm-none-eabi/5.4.1/../../../../arm-none-eabi/lib/armv7-m\libc_nano.a(lib_a-errno.o)

.debug_frame    0x00000000     0x1bb8
 .debug_frame   0x00000000       0x74 main.o
 .debug_frame   0x00000074       0x94 board.o
 .debug_frame   0x00000108       0x64 system_LPC17xx.o
 .debug_frame   0x0000016c      0x120 cr_startup_lpc17.o
 .debug_frame   0x0000028c      0x268 eventos_test_event.o
 .debug_frame   0x000004f4       0x48 eventos_test_runner.o
 .debug_frame   0x0000053c      0x27c event.o
 .debug_frame   0x000007b8       0xd8 list.o
 .debug_frame   0x00000890       0xe4 port.o
 .debug_frame   0x00000974      0x5b4 unity.o
 .debug_frame   0x00000f28      0x310 unity_fixture.o
 .debug_frame   0x00001238       0x30 c:/nxp/lpcxpresso_8.2.2_650/lpcxpresso/tools/bin/../lib/gcc/arm-none-eabi/5.4.1/../../../../arm-none-eabi/lib/armv7-m\libc_nano.a(lib_a-malloc.o)
 .debug_frame   0x00001268       0x28 c:/nxp/lpcxpresso_8.2.2_650/lpcxpresso/tools/bin/../lib/gcc/arm-none-eabi/5.4.1/../../../../arm-none-eabi/lib/armv7-m\libc_nano.a(lib_a-memcpy-stub.o)
 .debug_frame   0x00001290       0x20 c:/nxp/lpcxpresso_8.2.2_650/lpcxpresso/tools/bin/../lib/gcc/arm-none-eabi/5.4.1/../../../../arm-none-eabi/lib/armv7-m\libc_nano.a(lib_a-memset.o)
 .debug_frame   0x000012b0       0x38 c:/nxp/lpcxpresso_8.2.2_650/lpcxpresso/tools/bin/../lib/gcc/arm-none-eabi/5.4.1/../../../../arm-none-eabi/lib/armv7-m\libc_nano.a(lib_a-nano-freer.o)
 .debug_frame   0x000012e8       0x2c c:/nxp/lpcxpresso_8.2.2_650/lpcxpresso/tools/bin/../lib/gcc/arm-none-eabi/5.4.1/../../../../arm-none-eabi/lib/armv7-m\libc_nano.a(lib_a-nano-mallocr.o)
 .debug_frame   0x00001314       0x2c c:/nxp/lpcxpresso_8.2.2_650/lpcxpresso/tools/bin/../lib/gcc/arm-none-eabi/5.4.1/../../../../arm-none-eabi/lib/armv7-m\libc_nano.a(lib_a-sbrkr.o)
 .debug_frame   0x00001340       0x30 c:/nxp/lpcxpresso_8.2.2_650/lpcxpresso/tools/bin/../lib/gcc/arm-none-eabi/5.4.1/../../../../arm-none-eabi/lib/armv7-m\libc_nano.a(lib_a-strstr.o)
 .debug_frame   0x00001370       0x40 c:/nxp/lpcxpresso_8.2.2_650/lpcxpresso/tools/bin/../lib/gcc/arm-none-eabi/5.4.1/../../../../arm-none-eabi/lib/armv7-m\libc_nano.a(lib_a-wbuf.o)
 .debug_frame   0x000013b0       0x2c c:/nxp/lpcxpresso_8.2.2_650/lpcxpresso/tools/bin/../lib/gcc/arm-none-eabi/5.4.1/../../../../arm-none-eabi/lib/armv7-m\libc_nano.a(lib_a-wsetup.o)
 .debug_frame   0x000013dc       0x68 c:/nxp/lpcxpresso_8.2.2_650/lpcxpresso/tools/bin/../lib/gcc/arm-none-eabi/5.4.1/../../../../arm-none-eabi/lib/armv7-m\libc_nano.a(lib_a-fflush.o)
 .debug_frame   0x00001444      0x11c c:/nxp/lpcxpresso_8.2.2_650/lpcxpresso/tools/bin/../lib/gcc/arm-none-eabi/5.4.1/../../../../arm-none-eabi/lib/armv7-m\libc_nano.a(lib_a-findfp.o)
 .debug_frame   0x00001560       0x54 c:/nxp/lpcxpresso_8.2.2_650/lpcxpresso/tools/bin/../lib/gcc/arm-none-eabi/5.4.1/../../../../arm-none-eabi/lib/armv7-m\libc_nano.a(lib_a-fwalk.o)
 .debug_frame   0x000015b4       0x54 c:/nxp/lpcxpresso_8.2.2_650/lpcxpresso/tools/bin/../lib/gcc/arm-none-eabi/5.4.1/../../../../arm-none-eabi/lib/armv7-m\libc_nano.a(lib_a-makebuf.o)
 .debug_frame   0x00001608       0x30 c:/nxp/lpcxpresso_8.2.2_650/lpcxpresso/tools/bin/../lib/gcc/arm-none-eabi/5.4.1/../../../../arm-none-eabi/lib/armv7-m\libc_nano.a(lib_a-mlock.o)
 .debug_frame   0x00001638       0x5c c:/nxp/lpcxpresso_8.2.2_650/lpcxpresso/tools/bin/../lib/gcc/arm-none-eabi/5.4.1/../../../../arm-none-eabi/lib/armv7-m\libc_nano.a(lib_a-reent.o)
 .debug_frame   0x00001694       0x88 c:/nxp/lpcxpresso_8.2.2_650/lpcxpresso/tools/bin/../lib/gcc/arm-none-eabi/5.4.1/../../../../arm-none-eabi/lib/armv7-m\libc_nano.a(lib_a-stdio.o)
 .debug_frame   0x0000171c       0x2c c:/nxp/lpcxpresso_8.2.2_650/lpcxpresso/tools/bin/../lib/gcc/arm-none-eabi/5.4.1/../../../../arm-none-eabi/lib/armv7-m\libc_nano.a(lib_a-writer.o)
 .debug_frame   0x00001748       0x2c c:/nxp/lpcxpresso_8.2.2_650/lpcxpresso/tools/bin/../lib/gcc/arm-none-eabi/5.4.1/../../../../arm-none-eabi/lib/armv7-m\libc_nano.a(lib_a-closer.o)
 .debug_frame   0x00001774       0x2c c:/nxp/lpcxpresso_8.2.2_650/lpcxpresso/tools/bin/../lib/gcc/arm-none-eabi/5.4.1/../../../../arm-none-eabi/lib/armv7-m\libc_nano.a(lib_a-fstatr.o)
 .debug_frame   0x000017a0       0x2c c:/nxp/lpcxpresso_8.2.2_650/lpcxpresso/tools/bin/../lib/gcc/arm-none-eabi/5.4.1/../../../../arm-none-eabi/lib/armv7-m\libc_nano.a(lib_a-isattyr.o)
 .debug_frame   0x000017cc       0x2c c:/nxp/lpcxpresso_8.2.2_650/lpcxpresso/tools/bin/../lib/gcc/arm-none-eabi/5.4.1/../../../../arm-none-eabi/lib/armv7-m\libc_nano.a(lib_a-lseekr.o)
 .debug_frame   0x000017f8       0x2c c:/nxp/lpcxpresso_8.2.2_650/lpcxpresso/tools/bin/../lib/gcc/arm-none-eabi/5.4.1/../../../../arm-none-eabi/lib/armv7-m\libc_nano.a(lib_a-readr.o)
 .debug_frame   0x00001824       0x2c c:/nxp/lpcxpresso_8.2.2_650/lpcxpresso/tools/bin/../lib/gcc/arm-none-eabi/5.4.1/../../../../arm-none-eabi/lib/armv7-m\libcr_newlib_semihost.a(_cr_sbrk.o)
 .debug_frame   0x00001850      0x328 c:/nxp/lpcxpresso_8.2.2_650/lpcxpresso/tools/bin/../lib/gcc/arm-none-eabi/5.4.1/../../../../arm-none-eabi/lib/armv7-m\libcr_newlib_semihost.a(syscalls.o)
 .debug_frame   0x00001b78       0x20 c:/nxp/lpcxpresso_8.2.2_650/lpcxpresso/tools/bin/../lib/gcc/arm-none-eabi/5.4.1/../../../../arm-none-eabi/lib/armv7-m\libcr_newlib_semihost.a(_cr_check_heap.o)
 .debug_frame   0x00001b98       0x20 c:/nxp/lpcxpresso_8.2.2_650/lpcxpresso/tools/bin/../lib/gcc/arm-none-eabi/5.4.1/../../../../arm-none-eabi/lib/armv7-m\libc_nano.a(lib_a-errno.o)

.debug_loc      0x00000000      0xd32
 .debug_loc     0x00000000       0x47 c:/nxp/lpcxpresso_8.2.2_650/lpcxpresso/tools/bin/../lib/gcc/arm-none-eabi/5.4.1/../../../../arm-none-eabi/lib/armv7-m\libcr_newlib_semihost.a(_cr_sbrk.o)
 .debug_loc     0x00000047      0xcb1 c:/nxp/lpcxpresso_8.2.2_650/lpcxpresso/tools/bin/../lib/gcc/arm-none-eabi/5.4.1/../../../../arm-none-eabi/lib/armv7-m\libcr_newlib_semihost.a(syscalls.o)
 .debug_loc     0x00000cf8       0x3a c:/nxp/lpcxpresso_8.2.2_650/lpcxpresso/tools/bin/../lib/gcc/arm-none-eabi/5.4.1/../../../../arm-none-eabi/lib/armv7-m\libcr_newlib_semihost.a(_cr_check_heap.o)
