Archive member included to satisfy reference by file (symbol)

c:/nxp/lpcxpresso_8.2.2_650/lpcxpresso/tools/bin/../lib/gcc/arm-none-eabi/5.4.1/../../../../arm-none-eabi/lib/armv7-m\libcr_semihost.a(_cr__main.o)
                              cr_startup_lpc17.o (__main)
c:/nxp/lpcxpresso_8.2.2_650/lpcxpresso/tools/bin/../lib/gcc/arm-none-eabi/5.4.1/../../../../arm-none-eabi/lib/armv7-m\libcr_c.a(memcpy.o)
                              event.o (memcpy)
c:/nxp/lpcxpresso_8.2.2_650/lpcxpresso/tools/bin/../lib/gcc/arm-none-eabi/5.4.1/../../../../arm-none-eabi/lib/armv7-m\libcr_c.a(memset.o)
                              eventos_test_framework.o (memset)
c:/nxp/lpcxpresso_8.2.2_650/lpcxpresso/tools/bin/../lib/gcc/arm-none-eabi/5.4.1/../../../../arm-none-eabi/lib/armv7-m\libcr_c.a(_deferredlazyseek.o)
                              unity.o (__flsbuf)
c:/nxp/lpcxpresso_8.2.2_650/lpcxpresso/tools/bin/../lib/gcc/arm-none-eabi/5.4.1/../../../../arm-none-eabi/lib/armv7-m\libcr_c.a(_fflush.o)
                              c:/nxp/lpcxpresso_8.2.2_650/lpcxpresso/tools/bin/../lib/gcc/arm-none-eabi/5.4.1/../../../../arm-none-eabi/lib/armv7-m\libcr_c.a(_deferredlazyseek.o) (_fflush)
c:/nxp/lpcxpresso_8.2.2_650/lpcxpresso/tools/bin/../lib/gcc/arm-none-eabi/5.4.1/../../../../arm-none-eabi/lib/armv7-m\libcr_c.a(_writebuf.o)
                              c:/nxp/lpcxpresso_8.2.2_650/lpcxpresso/tools/bin/../lib/gcc/arm-none-eabi/5.4.1/../../../../arm-none-eabi/lib/armv7-m\libcr_c.a(_deferredlazyseek.o) (_Cwritebuf)
c:/nxp/lpcxpresso_8.2.2_650/lpcxpresso/tools/bin/../lib/gcc/arm-none-eabi/5.4.1/../../../../arm-none-eabi/lib/armv7-m\libcr_c.a(alloc.o)
                              event.o (malloc)
c:/nxp/lpcxpresso_8.2.2_650/lpcxpresso/tools/bin/../lib/gcc/arm-none-eabi/5.4.1/../../../../arm-none-eabi/lib/armv7-m\libcr_c.a(fpprintf.o)
                              eventos_log.o (snprintf)
c:/nxp/lpcxpresso_8.2.2_650/lpcxpresso/tools/bin/../lib/gcc/arm-none-eabi/5.4.1/../../../../arm-none-eabi/lib/armv7-m\libcr_c.a(fseek.o)
                              c:/nxp/lpcxpresso_8.2.2_650/lpcxpresso/tools/bin/../lib/gcc/arm-none-eabi/5.4.1/../../../../arm-none-eabi/lib/armv7-m\libcr_c.a(_deferredlazyseek.o) (fseek)
c:/nxp/lpcxpresso_8.2.2_650/lpcxpresso/tools/bin/../lib/gcc/arm-none-eabi/5.4.1/../../../../arm-none-eabi/lib/armv7-m\libcr_c.a(ftell.o)
                              c:/nxp/lpcxpresso_8.2.2_650/lpcxpresso/tools/bin/../lib/gcc/arm-none-eabi/5.4.1/../../../../arm-none-eabi/lib/armv7-m\libcr_c.a(fseek.o) (ftell)
c:/nxp/lpcxpresso_8.2.2_650/lpcxpresso/tools/bin/../lib/gcc/arm-none-eabi/5.4.1/../../../../arm-none-eabi/lib/armv7-m\libcr_c.a(initio.o)
                              c:/nxp/lpcxpresso_8.2.2_650/lpcxpresso/tools/bin/../lib/gcc/arm-none-eabi/5.4.1/../../../../arm-none-eabi/lib/armv7-m\libcr_semihost.a(_cr__main.o) (_initio)
c:/nxp/lpcxpresso_8.2.2_650/lpcxpresso/tools/bin/../lib/gcc/arm-none-eabi/5.4.1/../../../../arm-none-eabi/lib/armv7-m\libcr_c.a(longjmp.o)
                              unity.o (longjmp)
c:/nxp/lpcxpresso_8.2.2_650/lpcxpresso/tools/bin/../lib/gcc/arm-none-eabi/5.4.1/../../../../arm-none-eabi/lib/armv7-m\libcr_c.a(printf.o)
                              c:/nxp/lpcxpresso_8.2.2_650/lpcxpresso/tools/bin/../lib/gcc/arm-none-eabi/5.4.1/../../../../arm-none-eabi/lib/armv7-m\libcr_c.a(fpprintf.o) (__vfprintf)
c:/nxp/lpcxpresso_8.2.2_650/lpcxpresso/tools/bin/../lib/gcc/arm-none-eabi/5.4.1/../../../../arm-none-eabi/lib/armv7-m\libcr_c.a(setjmp.o)
                              unity.o (setjmp)
c:/nxp/lpcxpresso_8.2.2_650/lpcxpresso/tools/bin/../lib/gcc/arm-none-eabi/5.4.1/../../../../arm-none-eabi/lib/armv7-m\libcr_c.a(setvbuf.o)
                              c:/nxp/lpcxpresso_8.2.2_650/lpcxpresso/tools/bin/../lib/gcc/arm-none-eabi/5.4.1/../../../../arm-none-eabi/lib/armv7-m\libcr_c.a(initio.o) (setvbuf)
c:/nxp/lpcxpresso_8.2.2_650/lpcxpresso/tools/bin/../lib/gcc/arm-none-eabi/5.4.1/../../../../arm-none-eabi/lib/armv7-m\libcr_c.a(stdio.o)
                              unity.o (__Ciob)
c:/nxp/lpcxpresso_8.2.2_650/lpcxpresso/tools/bin/../lib/gcc/arm-none-eabi/5.4.1/../../../../arm-none-eabi/lib/armv7-m\libcr_c.a(strcmp.o)
                              unity_fixture.o (strcmp)
c:/nxp/lpcxpresso_8.2.2_650/lpcxpresso/tools/bin/../lib/gcc/arm-none-eabi/5.4.1/../../../../arm-none-eabi/lib/armv7-m\libcr_c.a(strlen.o)
                              event.o (strlen)
c:/nxp/lpcxpresso_8.2.2_650/lpcxpresso/tools/bin/../lib/gcc/arm-none-eabi/5.4.1/../../../../arm-none-eabi/lib/armv7-m\libcr_c.a(strstr.o)
                              unity_fixture.o (strstr)
c:/nxp/lpcxpresso_8.2.2_650/lpcxpresso/tools/bin/../lib/gcc/arm-none-eabi/5.4.1/../../../../arm-none-eabi/lib/armv7-m\libcr_c.a(__fillbuf.o)
                              c:/nxp/lpcxpresso_8.2.2_650/lpcxpresso/tools/bin/../lib/gcc/arm-none-eabi/5.4.1/../../../../arm-none-eabi/lib/armv7-m\libcr_c.a(stdio.o) (__filbuf)
[...]
Memory Configuration

Name             Origin             Length             Attributes
MFlash512        0x00000000         0x00080000         xr
RamLoc32         0x10000000         0x00008000         xrw
RamAHB32         0x2007c000         0x00008000         xrw
*default*        0x00000000         0xffffffff

Linker script and memory map

LOAD main.o
LOAD board.o
LOAD core_cm3.o
LOAD system_LPC17xx.o
LOAD cr_startup_lpc17.o
LOAD eventos_test_event.o
LOAD eventos_test_framework.o
LOAD eventos_test_runner.o
LOAD event.o
LOAD list.o
LOAD port.o
LOAD eventos_log.o
LOAD unity.o
LOAD unity_fixture.o
START GROUP
LOAD c:/nxp/lpcxpresso_8.2.2_650/lpcxpresso/tools/bin/../lib/gcc/arm-none-eabi/5.4.1/../../../../arm-none-eabi/lib/armv7-m\libcr_semihost.a
LOAD c:/nxp/lpcxpresso_8.2.2_650/lpcxpresso/tools/bin/../lib/gcc/arm-none-eabi/5.4.1/../../../../arm-none-eabi/lib/armv7-m\libcr_c.a
LOAD c:/nxp/lpcxpresso_8.2.2_650/lpcxpresso/tools/bin/../lib/gcc/arm-none-eabi/5.4.1/armv7-m\libcr_eabihelpers.a
END GROUP
                0x00000000                __base_MFlash512 = 0x0
                0x00000000                __base_Flash = 0x0
                0x00080000                __top_MFlash512 = 0x80000
                0x00080000                __top_Flash = 0x80000
                0x10000000                __base_RamLoc32 = 0x10000000
                0x10000000                __base_RAM = 0x10000000
                0x10008000                __top_RamLoc32 = 0x10008000
                0x10008000                __top_RAM = 0x10008000
                0x2007c000                __base_RamAHB32 = 0x2007c000
                0x2007c000                __base_RAM2 = 0x2007c000
                0x20084000                __top_RamAHB32 = 0x20084000
                0x20084000                __top_RAM2 = 0x20084000

.text           0x00000000     0x2ad0
 FILL mask 0xff
                0x00000000                __vectors_start__ = ABSOLUTE (.)
 *(.isr_vector)
 .isr_vector    0x00000000       0xcc cr_startup_lpc17.o
                0x00000000                g_pfnVectors
                0x000000cc                . = ALIGN (0x4)
                0x000000cc                __section_table_start = .
                0x000000cc                __data_section_table = .
                0x000000cc        0x4 LONG 0x2ad0 LOADADDR (.data)
                0x000000d0        0x4 LONG 0x10000000 ADDR (.data)
                0x000000d4        0x4 LONG 0x14 SIZEOF (.data)
                0x000000d8        0x4 LONG 0x2ad0 LOADADDR (.data_RAM2)
                0x000000dc        0x4 LONG 0x2007c000 ADDR (.data_RAM2)
                0x000000e0        0x4 LONG 0x0 SIZEOF (.data_RAM2)
                0x000000e4                __data_section_table_end = .
                0x000000e4                __bss_section_table = .
                0x000000e4        0x4 LONG 0x10000014 ADDR (.bss)
                0x000000e8        0x4 LONG 0x4274 SIZEOF (.bss)
                0x000000ec        0x4 LONG 0x2007c000 ADDR (.bss_RAM2)
                0x000000f0        0x4 LONG 0x0 SIZEOF (.bss_RAM2)
                0x000000f4                __bss_section_table_end = .
                0x000000f4                __section_table_end = .
 *(.after_vectors*)
 *(.text*)
 .text.main     0x000000f4       0x4c main.o
                0x000000f4                main
 .text.vTest_StartTestEvent
                0x00000140       0x48 main.o
 .text.xPortSysTickHandler
                0x00000188       0x3c main.o
                0x00000188                xPortSysTickHandler
 .text.NVIC_SetPriority
                0x000001c4       0x54 board.o
 .text.SysTick_Config
                0x00000218       0x44 board.o
 .text.Board_initialize
                0x0000025c        0xc board.o
                0x0000025c                Board_initialize
 .text.Board_initSysTick
                0x00000268       0x2c board.o
 .text.SystemInit
                0x00000294      0x140 system_LPC17xx.o
                0x00000294                SystemInit
 .text.ResetISR
                0x000003d4       0x58 cr_startup_lpc17.o
                0x000003d4                ResetISR
 .text.NMI_Handler
                0x0000042c        0x8 cr_startup_lpc17.o
                0x0000042c                NMI_Handler
 .text.HardFault_Handler
                0x00000434        0x8 cr_startup_lpc17.o
                0x00000434                HardFault_Handler
 .text.MemManage_Handler
                0x0000043c        0x8 cr_startup_lpc17.o
                0x0000043c                MemManage_Handler
 .text.BusFault_Handler
                0x00000444        0x8 cr_startup_lpc17.o
                0x00000444                BusFault_Handler
 .text.UsageFault_Handler
                0x0000044c        0x8 cr_startup_lpc17.o
                0x0000044c                UsageFault_Handler
 .text.SVCall_Handler
                0x00000454        0x8 cr_startup_lpc17.o
                0x00000454                SVCall_Handler
 .text.DebugMon_Handler
                0x0000045c        0x8 cr_startup_lpc17.o
                0x0000045c                DebugMon_Handler
 .text.IntDefaultHandler
                0x00000464        0x8 cr_startup_lpc17.o
                0x00000464                TIMER2_IRQHandler
                0x00000464                RIT_IRQHandler
                0x00000464                I2C0_IRQHandler
                0x00000464                USBActivity_IRQHandler
                0x00000464                PWM1_IRQHandler
                0x00000464                I2C1_IRQHandler
                0x00000464                EINT2_IRQHandler
                0x00000464                UART1_IRQHandler
                0x00000464                EINT3_IRQHandler
                0x00000464                CANActivity_IRQHandler
                0x00000464                TIMER3_IRQHandler
                0x00000464                UART0_IRQHandler
                0x00000464                IntDefaultHandler
                0x00000464                PLL0_IRQHandler
                0x00000464                CAN_IRQHandler
                0x00000464                PLL1_IRQHandler
                0x00000464                SSP0_IRQHandler
                0x00000464                I2S_IRQHandler
                0x00000464                I2C2_IRQHandler
                0x00000464                RTC_IRQHandler
                0x00000464                TIMER0_IRQHandler
                0x00000464                SPI_IRQHandler
                0x00000464                EINT1_IRQHandler
                0x00000464                TIMER1_IRQHandler
                0x00000464                UART2_IRQHandler
                0x00000464                ADC_IRQHandler
                0x00000464                SSP1_IRQHandler
                0x00000464                USB_IRQHandler
                0x00000464                BOD_IRQHandler
                0x00000464                WDT_IRQHandler
                0x00000464                QEI_IRQHandler
                0x00000464                EINT0_IRQHandler
                0x00000464                DMA_IRQHandler
                0x00000464                UART3_IRQHandler
                0x00000464                MCPWM_IRQHandler
                0x00000464                ENET_IRQHandler
 .text.TEST_Full_EVENTOS_EVENT_SETUP
                0x0000046c       0x1c eventos_test_event.o
                0x0000046c                TEST_Full_EVENTOS_EVENT_SETUP
 .text.TEST_Full_EVENTOS_EVENT_TEAR_DOWN
                0x00000488        0xc eventos_test_event.o
                0x00000488                TEST_Full_EVENTOS_EVENT_TEAR_DOWN
 .text.TEST_Full_EVENTOS_EVENT_GROUP_RUNNER
                0x00000494       0x24 eventos_test_event.o
                0x00000494                TEST_Full_EVENTOS_EVENT_GROUP_RUNNER
 .text.TEST_Full_EVENTOS_EVENT_RegisterEventWithNullString_run
                0x000004b8       0x48 eventos_test_event.o
                0x000004b8                TEST_Full_EVENTOS_EVENT_RegisterEventWithNullString_run
 .text.TEST_Full_EVENTOS_EVENT_RegisterEventWithNullString_
                0x00000500       0x58 eventos_test_event.o
                0x00000500                TEST_Full_EVENTOS_EVENT_RegisterEventWithNullString_
 .text.TEST_Full_EVENTOS_EVENT_RegisterEventTwice_run
                0x00000558       0x48 eventos_test_event.o
                0x00000558                TEST_Full_EVENTOS_EVENT_RegisterEventTwice_run
 .text.TEST_Full_EVENTOS_EVENT_RegisterEventTwice_
                0x000005a0       0x84 eventos_test_event.o
                0x000005a0                TEST_Full_EVENTOS_EVENT_RegisterEventTwice_
 .text.TEST_Full_EVENTOS_EVENT_PublishInvalidEvent_run
                0x00000624       0x48 eventos_test_event.o
                0x00000624                TEST_Full_EVENTOS_EVENT_PublishInvalidEvent_run
 .text.TEST_Full_EVENTOS_EVENT_PublishInvalidEvent_
                0x0000066c       0x48 eventos_test_event.o
                0x0000066c                TEST_Full_EVENTOS_EVENT_PublishInvalidEvent_
 .text.TEST_Full_EVENTOS_EVENT_PublishInvalidPriority_run
                0x000006b4       0x48 eventos_test_event.o
                0x000006b4                TEST_Full_EVENTOS_EVENT_PublishInvalidPriority_run
 .text.TEST_Full_EVENTOS_EVENT_PublishInvalidPriority_
                0x000006fc       0x4c eventos_test_event.o
                0x000006fc                TEST_Full_EVENTOS_EVENT_PublishInvalidPriority_
 .text.TEST_Full_EVENTOS_EVENT_PublishInvalidOwner_run
                0x00000748       0x48 eventos_test_event.o
                0x00000748                TEST_Full_EVENTOS_EVENT_PublishInvalidOwner_run
 .text.TEST_Full_EVENTOS_EVENT_PublishInvalidOwner_
                0x00000790       0x70 eventos_test_event.o
                0x00000790                TEST_Full_EVENTOS_EVENT_PublishInvalidOwner_
 .text.TEST_Full_EVENTOS_EVENT_PublishInvalidPayload_run
                0x00000800       0x48 eventos_test_event.o
                0x00000800                TEST_Full_EVENTOS_EVENT_PublishInvalidPayload_run
 .text.TEST_Full_EVENTOS_EVENT_PublishInvalidPayload_
                0x00000848       0x48 eventos_test_event.o
                0x00000848                TEST_Full_EVENTOS_EVENT_PublishInvalidPayload_
 .text.TEST_Full_EVENTOS_EVENT_PublishValidEvent_run
                0x00000890       0x48 eventos_test_event.o
                0x00000890                TEST_Full_EVENTOS_EVENT_PublishValidEvent_run
 .text.TEST_Full_EVENTOS_EVENT_PublishValidEvent_
                0x000008d8       0x48 eventos_test_event.o
                0x000008d8                TEST_Full_EVENTOS_EVENT_PublishValidEvent_
 .text.RunTests
                0x00000920        0xc eventos_test_runner.o
 .text.TEST_RUNNER_RunTests
                0x0000092c       0x38 eventos_test_runner.o
                0x0000092c                TEST_RUNNER_RunTests
 .text.vEvent_startScheduler
                0x00000964        0xc event.o
                0x00000964                vEvent_startScheduler
 .text.xEvent_register
                0x00000970      0x12c event.o
                0x00000970                xEvent_register
 .text.xEvent_subscribe
                0x00000a9c       0xac event.o
                0x00000a9c                xEvent_subscribe
 .text.xEvent_publish
                0x00000b48      0x104 event.o
                0x00000b48                xEvent_publish
 .text.vEvent_processEvents
                0x00000c4c       0xe8 event.o
                0x00000c4c                vEvent_processEvents
 .text.prvEvent_getProcessStamp
                0x00000d34       0x20 event.o
 .text.prvEvent_initializeEventLists
                0x00000d54       0x38 event.o
 .text.prvEvent_initializeEventAdmin
                0x00000d8c       0x74 event.o
 .text.prvEvent_initializeSCBVariables
                0x00000e00       0x38 event.o
 .text.prvEvent_initializeECBVariables
                0x00000e38       0x60 event.o
 .text.prvEvent_incrementProcessStamp
                0x00000e98       0x1c event.o
 .text.prvEvent_updateLifeTime
                0x00000eb4       0xe0 event.o
 .text.prvEvent_getNextEvent
                0x00000f94       0x60 event.o
 .text.prvEvent_increaseEventPriority
                0x00000ff4       0x34 event.o
 .text.prvEvent_terminateEvent
                0x00001028       0x34 event.o
 .text.prvEvent_deleteECB
                0x0000105c       0x28 event.o
 .text.prvEvent_generateEventKey
                0x00001084       0x48 event.o
 .text.vList_initialize
                0x000010cc       0x48 list.o
                0x000010cc                vList_initialize
 .text.vList_initialiseNode
                0x00001114       0x18 list.o
                0x00001114                vList_initialiseNode
 .text.vList_insertHead
                0x0000112c       0x48 list.o
                0x0000112c                vList_insertHead
 .text.vList_insert
                0x00001174       0x70 list.o
                0x00001174                vList_insert
 .text.vList_remove
                0x000011e4       0x3c list.o
                0x000011e4                vList_remove
 .text.xPortStartScheduler
                0x00001220       0x20 port.o
                0x00001220                xPortStartScheduler
 .text.vPortEnterSleepMode
                0x00001240        0x8 port.o
                0x00001240                vPortEnterSleepMode
 .text.vPortGenerateEvent
                0x00001248       0x18 port.o
                0x00001248                vPortGenerateEvent
 .text.vPortDisableInterrupts
                0x00001260       0x10 port.o
                0x00001260                vPortDisableInterrupts
 .text.vPortEnableInterrupts
                0x00001270       0x10 port.o
                0x00001270                vPortEnableInterrupts
 .text.xPortPendSVHandler
                0x00001280        0xc port.o
                0x00001280                xPortPendSVHandler
 .text.UnityPrint
                0x0000128c      0x194 unity.o
                0x0000128c                UnityPrint
 .text.UnityPrintNumberByStyle
                0x00001420       0xac unity.o
                0x00001420                UnityPrintNumberByStyle
 .text.UnityPrintNumber
                0x000014cc       0x58 unity.o
                0x000014cc                UnityPrintNumber
 .text.UnityPrintNumberUnsigned
                0x00001524       0xb4 unity.o
                0x00001524                UnityPrintNumberUnsigned
 .text.UnityPrintNumberHex
                0x000015d8       0xc0 unity.o
                0x000015d8                UnityPrintNumberHex
 .text.UnityTestResultsBegin
                0x00001698       0xb4 unity.o
 .text.UnityTestResultsFailBegin
                0x0000174c       0x5c unity.o
 .text.UnityAddMsgIfSpecified
                0x000017a8       0x68 unity.o
 .text.UnityAssertEqualNumber
                0x00001810       0x78 unity.o
                0x00001810                UnityAssertEqualNumber
 .text.UnityFail
                0x00001888      0x100 unity.o
                0x00001888                UnityFail
 .text.UnityBegin
                0x00001988       0x54 unity.o
                0x00001988                UnityBegin
 .text.UnityEnd
                0x000019dc      0x124 unity.o
                0x000019dc                UnityEnd
 .text.selected
                0x00001b00       0x30 unity_fixture.o
 .text.testSelected
                0x00001b30       0x24 unity_fixture.o
 .text.groupSelected
                0x00001b54       0x24 unity_fixture.o
 .text.UnityTestRunner
                0x00001b78       0xec unity_fixture.o
                0x00001b78                UnityTestRunner
 .text.UnityMalloc_StartTest
                0x00001c64       0x24 unity_fixture.o
                0x00001c64                UnityMalloc_StartTest
 .text.UnityMalloc_EndTest
                0x00001c88       0x34 unity_fixture.o
                0x00001c88                UnityMalloc_EndTest
 .text.UnityPointer_Init
                0x00001cbc       0x18 unity_fixture.o
                0x00001cbc                UnityPointer_Init
 .text.UnityPointer_UndoAllSets
                0x00001cd4       0x40 unity_fixture.o
                0x00001cd4                UnityPointer_UndoAllSets
 .text.UnityConcludeFixtureTest
                0x00001d14       0xdc unity_fixture.o
                0x00001d14                UnityConcludeFixtureTest
 .text.__main   0x00001df0       0x14 c:/nxp/lpcxpresso_8.2.2_650/lpcxpresso/tools/bin/../lib/gcc/arm-none-eabi/5.4.1/../../../../arm-none-eabi/lib/armv7-m\libcr_semihost.a(_cr__main.o)
                0x00001df0                __CR_SEMIHOST
                0x00001df0                __main
 .text.memcpy   0x00001e04        0x4 c:/nxp/lpcxpresso_8.2.2_650/lpcxpresso/tools/bin/../lib/gcc/arm-none-eabi/5.4.1/../../../../arm-none-eabi/lib/armv7-m\libcr_c.a(memcpy.o)
                0x00001e04                memcpy
 .text.memset   0x00001e08        0x4 c:/nxp/lpcxpresso_8.2.2_650/lpcxpresso/tools/bin/../lib/gcc/arm-none-eabi/5.4.1/../../../../arm-none-eabi/lib/armv7-m\libcr_c.a(memset.o)
                0x00001e08                memset
 .text._deferredlazyseek
                0x00001e0c       0x44 c:/nxp/lpcxpresso_8.2.2_650/lpcxpresso/tools/bin/../lib/gcc/arm-none-eabi/5.4.1/../../../../arm-none-eabi/lib/armv7-m\libcr_c.a(_deferredlazyseek.o)
                0x00001e0c                _deferredlazyseek
 .text.__flsbuf
                0x00001e50      0x140 c:/nxp/lpcxpresso_8.2.2_650/lpcxpresso/tools/bin/../lib/gcc/arm-none-eabi/5.4.1/../../../../arm-none-eabi/lib/armv7-m\libcr_c.a(_deferredlazyseek.o)
                0x00001e50                __flsbuf
 .text._fflush  0x00001f90       0x58 c:/nxp/lpcxpresso_8.2.2_650/lpcxpresso/tools/bin/../lib/gcc/arm-none-eabi/5.4.1/../../../../arm-none-eabi/lib/armv7-m\libcr_c.a(_fflush.o)
                0x00001f90                _fflush
 .text._Cwritebuf
                0x00001fe8       0x68 c:/nxp/lpcxpresso_8.2.2_650/lpcxpresso/tools/bin/../lib/gcc/arm-none-eabi/5.4.1/../../../../arm-none-eabi/lib/armv7-m\libcr_c.a(_writebuf.o)
                0x00001fe8                _Cwritebuf
 .text.malloc   0x00002050       0xc8 c:/nxp/lpcxpresso_8.2.2_650/lpcxpresso/tools/bin/../lib/gcc/arm-none-eabi/5.4.1/../../../../arm-none-eabi/lib/armv7-m\libcr_c.a(alloc.o)
                0x00002050                malloc
 .text.free     0x00002118       0x30 c:/nxp/lpcxpresso_8.2.2_650/lpcxpresso/tools/bin/../lib/gcc/arm-none-eabi/5.4.1/../../../../arm-none-eabi/lib/armv7-m\libcr_c.a(alloc.o)
                0x00002118                free
 .text._Csys_alloc
                0x00002148       0x20 c:/nxp/lpcxpresso_8.2.2_650/lpcxpresso/tools/bin/../lib/gcc/arm-none-eabi/5.4.1/../../../../arm-none-eabi/lib/armv7-m\libcr_c.a(alloc.o)
                0x00002148                _Csys_alloc
 .text.fseek    0x00002168      0x110 c:/nxp/lpcxpresso_8.2.2_650/lpcxpresso/tools/bin/../lib/gcc/arm-none-eabi/5.4.1/../../../../arm-none-eabi/lib/armv7-m\libcr_c.a(fseek.o)
                0x00002168                fseek
 .text.ftell    0x00002278       0x4c c:/nxp/lpcxpresso_8.2.2_650/lpcxpresso/tools/bin/../lib/gcc/arm-none-eabi/5.4.1/../../../../arm-none-eabi/lib/armv7-m\libcr_c.a(ftell.o)
                0x00002278                ftell
 .text._initio  0x000022c4       0xa4 c:/nxp/lpcxpresso_8.2.2_650/lpcxpresso/tools/bin/../lib/gcc/arm-none-eabi/5.4.1/../../../../arm-none-eabi/lib/armv7-m\libcr_c.a(initio.o)
                0x000022c4                _initio
 *fill*         0x00002368        0x8 ff
 .text          0x00002370       0x10 c:/nxp/lpcxpresso_8.2.2_650/lpcxpresso/tools/bin/../lib/gcc/arm-none-eabi/5.4.1/../../../../arm-none-eabi/lib/armv7-m\libcr_c.a(longjmp.o)
                0x00002370                longjmp
 .text          0x00002380       0x10 c:/nxp/lpcxpresso_8.2.2_650/lpcxpresso/tools/bin/../lib/gcc/arm-none-eabi/5.4.1/../../../../arm-none-eabi/lib/armv7-m\libcr_c.a(setjmp.o)
                0x00002380                setjmp
 .text.setvbuf  0x00002390       0x40 c:/nxp/lpcxpresso_8.2.2_650/lpcxpresso/tools/bin/../lib/gcc/arm-none-eabi/5.4.1/../../../../arm-none-eabi/lib/armv7-m\libcr_c.a(setvbuf.o)
                0x00002390                setvbuf
 .text.strlen   0x000023d0       0x4a c:/nxp/lpcxpresso_8.2.2_650/lpcxpresso/tools/bin/../lib/gcc/arm-none-eabi/5.4.1/../../../../arm-none-eabi/lib/armv7-m\libcr_c.a(strlen.o)
                0x000023d0                strlen
 .text.strstr   0x0000241a       0x20 c:/nxp/lpcxpresso_8.2.2_650/lpcxpresso/tools/bin/../lib/gcc/arm-none-eabi/5.4.1/../../../../arm-none-eabi/lib/armv7-m\libcr_c.a(strstr.o)
                0x0000241a                strstr
 *fill*         0x0000243a        0x2 ff
 .text._sbrk    0x0000243c       0x40 c:/nxp/lpcxpresso_8.2.2_650/lpcxpresso/tools/bin/../lib/gcc/arm-none-eabi/5.4.1/../../../../arm-none-eabi/lib/armv7-m\libcr_c.a(_cr_sbrk.o)
                0x0000243c                _sbrk
 .text._fdopen  0x0000247c       0x6a c:/nxp/lpcxpresso_8.2.2_650/lpcxpresso/tools/bin/../lib/gcc/arm-none-eabi/5.4.1/../../../../arm-none-eabi/lib/armv7-m\libcr_c.a(_fdopen.o)
                0x0000247c                _fdopen
 .text.fclose   0x000024e6       0x6c c:/nxp/lpcxpresso_8.2.2_650/lpcxpresso/tools/bin/../lib/gcc/arm-none-eabi/5.4.1/../../../../arm-none-eabi/lib/armv7-m\libcr_c.a(fclose.o)
                0x000024e6                fclose
 *fill*         0x00002552        0x2 ff
 .text.fflush   0x00002554       0x30 c:/nxp/lpcxpresso_8.2.2_650/lpcxpresso/tools/bin/../lib/gcc/arm-none-eabi/5.4.1/../../../../arm-none-eabi/lib/armv7-m\libcr_c.a(fflush.o)
                0x00002554                fflush
 .text.remove   0x00002584       0x14 c:/nxp/lpcxpresso_8.2.2_650/lpcxpresso/tools/bin/../lib/gcc/arm-none-eabi/5.4.1/../../../../arm-none-eabi/lib/armv7-m\libcr_c.a(remove.o)
                0x00002584                remove
 .text.__check_heap_overflow
                0x00002598       0x18 c:/nxp/lpcxpresso_8.2.2_650/lpcxpresso/tools/bin/../lib/gcc/arm-none-eabi/5.4.1/../../../../arm-none-eabi/lib/armv7-m\libcr_c.a(_cr_check_heap.o)
                0x00002598                __check_heap_overflow
 .text._do_fflush
                0x000025b0       0x44 c:/nxp/lpcxpresso_8.2.2_650/lpcxpresso/tools/bin/../lib/gcc/arm-none-eabi/5.4.1/../../../../arm-none-eabi/lib/armv7-m\libcr_c.a(_do_fflush.o)
                0x000025b0                _do_fflush
 .text.__aeabi_memcpy
                0x000025f4       0x34 c:/nxp/lpcxpresso_8.2.2_650/lpcxpresso/tools/bin/../lib/gcc/arm-none-eabi/5.4.1/armv7-m\libcr_eabihelpers.a(memcpy.o)
                0x000025f4                __aeabi_memcpy
                0x000025fe                __aeabi_memcpy8
                0x000025fe                __aeabi_memcpy4
 .text.__aeabi_memset_lowlevel
                0x00002628       0x32 c:/nxp/lpcxpresso_8.2.2_650/lpcxpresso/tools/bin/../lib/gcc/arm-none-eabi/5.4.1/armv7-m\libcr_eabihelpers.a(memcpy.o)
                0x00002628                __aeabi_lowlevel_memset
 *fill*         0x0000265a        0x2 ff
 .text.__sys_appexit
                0x0000265c        0xc c:/nxp/lpcxpresso_8.2.2_650/lpcxpresso/tools/bin/../lib/gcc/arm-none-eabi/5.4.1/../../../../arm-none-eabi/lib/armv7-m\libcr_semihost.a(__sys_appexit.o)
                0x0000265c                __sys_appexit
                0x0000265c                __exit
 .text.__sys_close
                0x00002668        0xc c:/nxp/lpcxpresso_8.2.2_650/lpcxpresso/tools/bin/../lib/gcc/arm-none-eabi/5.4.1/../../../../arm-none-eabi/lib/armv7-m\libcr_semihost.a(__sys_close.o)
                0x00002668                __sys_close
 .text.__sys_flen
                0x00002674        0xc c:/nxp/lpcxpresso_8.2.2_650/lpcxpresso/tools/bin/../lib/gcc/arm-none-eabi/5.4.1/../../../../arm-none-eabi/lib/armv7-m\libcr_semihost.a(__sys_flen.o)
                0x00002674                __sys_flen
 .text.__sys_istty
                0x00002680        0xc c:/nxp/lpcxpresso_8.2.2_650/lpcxpresso/tools/bin/../lib/gcc/arm-none-eabi/5.4.1/../../../../arm-none-eabi/lib/armv7-m\libcr_semihost.a(__sys_istty.o)
                0x00002680                __sys_istty
 .text.__sys_remove
                0x0000268c        0xc c:/nxp/lpcxpresso_8.2.2_650/lpcxpresso/tools/bin/../lib/gcc/arm-none-eabi/5.4.1/../../../../arm-none-eabi/lib/armv7-m\libcr_semihost.a(__sys_remove.o)
                0x0000268c                __sys_remove
 .text.__sys_seek
                0x00002698        0xc c:/nxp/lpcxpresso_8.2.2_650/lpcxpresso/tools/bin/../lib/gcc/arm-none-eabi/5.4.1/../../../../arm-none-eabi/lib/armv7-m\libcr_semihost.a(__sys_seek.o)
                0x00002698                __sys_seek
 .text.__sys_tmpnam
                0x000026a4        0xc c:/nxp/lpcxpresso_8.2.2_650/lpcxpresso/tools/bin/../lib/gcc/arm-none-eabi/5.4.1/../../../../arm-none-eabi/lib/armv7-m\libcr_semihost.a(__sys_tmpnam.o)
                0x000026a4                __sys_tmpnam
 .text.__sys_write
                0x000026b0        0xc c:/nxp/lpcxpresso_8.2.2_650/lpcxpresso/tools/bin/../lib/gcc/arm-none-eabi/5.4.1/../../../../arm-none-eabi/lib/armv7-m\libcr_semihost.a(__sys_write.o)
                0x000026b0                __sys_write
                0x000026b0                __write
 *(.rodata .rodata.* .constdata .constdata.*)
 .rodata        0x000026bc       0x12 main.o
 *fill*         0x000026ce        0x2 ff
 .rodata        0x000026d0      0x27e eventos_test_event.o
 *fill*         0x0000294e        0x2 ff
 .rodata        0x00002950       0x3e eventos_test_runner.o
 *fill*         0x0000298e        0x2 ff
 .rodata.UnityStrOk
                0x00002990        0x3 unity.o
 *fill*         0x00002993        0x1 ff
 .rodata.UnityStrFail
                0x00002994        0x5 unity.o
 *fill*         0x00002999        0x3 ff
 .rodata.UnityStrSpacer
                0x0000299c        0x3 unity.o
 *fill*         0x0000299f        0x1 ff
 .rodata.UnityStrExpected
                0x000029a0        0xb unity.o
 *fill*         0x000029ab        0x1 ff
 .rodata.UnityStrWas
                0x000029ac        0x6 unity.o
 *fill*         0x000029b2        0x2 ff
 .rodata.UnityStrBreaker
                0x000029b4       0x18 unity.o
 .rodata.UnityStrResultsTests
                0x000029cc        0x8 unity.o
 .rodata.UnityStrResultsFailures
                0x000029d4        0xb unity.o
 *fill*         0x000029df        0x1 ff
 .rodata.UnityStrResultsIgnored
                0x000029e0        0xa unity.o
 *fill*         0x000029ea        0x2 ff
 .rodata.UnityStrDetail1Name
                0x000029ec        0xa unity.o
 *fill*         0x000029f6        0x2 ff
 .rodata.UnityStrDetail2Name
                0x000029f8        0xb unity.o
 *fill*         0x00002a03        0x1 ff
 .rodata        0x00002a04       0xae unity_fixture.o
 .rodata.str1.1
                0x00002ab2       0x18 c:/nxp/lpcxpresso_8.2.2_650/lpcxpresso/tools/bin/../lib/gcc/arm-none-eabi/5.4.1/../../../../arm-none-eabi/lib/armv7-m\libcr_c.a(alloc.o)
 .rodata.str1.1
                0x00002aca        0x4 c:/nxp/lpcxpresso_8.2.2_650/lpcxpresso/tools/bin/../lib/gcc/arm-none-eabi/5.4.1/../../../../arm-none-eabi/lib/armv7-m\libcr_c.a(initio.o)
                0x00002ad0                . = ALIGN (0x4)
 *fill*         0x00002ace        0x2 ff

.glue_7         0x00002ad0        0x0
 .glue_7        0x00002ad0        0x0 linker stubs

.glue_7t        0x00002ad0        0x0
 .glue_7t       0x00002ad0        0x0 linker stubs

.vfp11_veneer   0x00002ad0        0x0
 .vfp11_veneer  0x00002ad0        0x0 linker stubs

.v4_bx          0x00002ad0        0x0
 .v4_bx         0x00002ad0        0x0 linker stubs

.iplt           0x00002ad0        0x0
 .iplt          0x00002ad0        0x0 main.o

.rel.dyn        0x00002ad0        0x0
 .rel.iplt      0x00002ad0        0x0 main.o

.ARM.extab
 *(.ARM.extab* .gnu.linkonce.armextab.*)
                0x00002ad0                __exidx_start = .

.ARM.exidx
 *(.ARM.exidx* .gnu.linkonce.armexidx.*)
                0x00002ad0                __exidx_end = .
                0x00002ad0                _etext = .

.data_RAM2      0x2007c000        0x0 load address 0x00002ad0
 FILL mask 0xff
                [!provide]                PROVIDE (__start_data_RAM2, .)
 *(.ramfunc.$RAM2)
 *(.ramfunc.$RamAHB32)
 *(.data.$RAM2*)
 *(.data.$RamAHB32*)
                0x2007c000                . = ALIGN (0x4)
                [!provide]                PROVIDE (__end_data_RAM2, .)

.uninit_RESERVED
                0x10000000        0x0
 *(.bss.$RESERVED*)
                0x10000000                . = ALIGN (0x4)
                0x10000000                _end_uninit_RESERVED = .

.data           0x10000000       0x14 load address 0x00002ad0
 FILL mask 0xff
                0x10000000                _data = .
 *(vtable)
 *(.ramfunc*)
 *(.data*)
 .data.TEST_main_id
                0x10000000        0x4 main.o
 .data.SystemCoreClock
                0x10000004        0x4 system_LPC17xx.o
                0x10000004                SystemCoreClock
 .data.TEST_event_id
                0x10000008        0x4 eventos_test_event.o
 .data.TEST_GROUP_Full_EVENTOS_EVENT
                0x1000000c        0x4 eventos_test_event.o
 .data.malloc_fail_countdown
                0x10000010        0x4 unity_fixture.o
                0x10000014                . = ALIGN (0x4)
                0x10000014                _edata = .

.igot.plt       0x10000014        0x0 load address 0x00002ae4
 .igot.plt      0x10000014        0x0 main.o

.bss_RAM2       0x2007c000        0x0
                [!provide]                PROVIDE (__start_bss_RAM2, .)
 *(.bss.$RAM2*)
 *(.bss.$RamAHB32*)
                0x2007c000                . = ALIGN ((. != 0x0)?0x4:0x1)
                [!provide]                PROVIDE (__end_bss_RAM2, .)

.bss            0x10000014     0x4274
                0x10000014                _bss = .
 *(.bss*)
 .bss.TEST_main_key
                0x10000014        0x4 main.o
 .bss.TEST_main_pvHandler
                0x10000018        0x4 main.o
 .bss.TEST_main_sys_initialized
                0x1000001c        0x4 main.o
 .bss.TEST_event_key
                0x10000020        0x4 eventos_test_event.o
 .bss.TEST_event_pvHandler
                0x10000024        0x4 eventos_test_event.o
 .bss.pxEventsLists
                0x10000028       0x3c event.o
 .bss.pxEventAdminList
                0x10000064     0x4000 event.o
 .bss.pxCurrentECB
                0x10004064        0x4 event.o
 .bss.evt_ulCurrentNumberOfPubEvents
                0x10004068        0x4 event.o
 .bss.evt_ulCurrentNumberOfRegEvents
                0x1000406c        0x4 event.o
 .bss.evt_ulProcessStamp
                0x10004070        0x4 event.o
 .bss.pxSCB.4369
                0x10004074        0x4 event.o
 .bss.Unity     0x10004078       0x80 unity.o
                0x10004078                Unity
 .bss.UnityFixture
                0x100040f8       0x10 unity_fixture.o
                0x100040f8                UnityFixture
 .bss.malloc_count
                0x10004108        0x4 unity_fixture.o
 .bss.pointer_store
                0x1000410c       0x28 unity_fixture.o
 .bss.pointer_index
                0x10004134        0x4 unity_fixture.o
 .bss._extra    0x10004138        0x4 c:/nxp/lpcxpresso_8.2.2_650/lpcxpresso/tools/bin/../lib/gcc/arm-none-eabi/5.4.1/../../../../arm-none-eabi/lib/armv7-m\libcr_c.a(initio.o)
                0x10004138                _extra
 .bss.__Ciob    0x1000413c      0x140 c:/nxp/lpcxpresso_8.2.2_650/lpcxpresso/tools/bin/../lib/gcc/arm-none-eabi/5.4.1/../../../../arm-none-eabi/lib/armv7-m\libcr_c.a(stdio.o)
                0x1000413c                __Ciob
 .bss.__heaps   0x1000427c        0x4 c:/nxp/lpcxpresso_8.2.2_650/lpcxpresso/tools/bin/../lib/gcc/arm-none-eabi/5.4.1/../../../../arm-none-eabi/lib/armv7-m\libcr_c.a(__init_alloc.o)
                0x1000427c                __heaps
 .bss.__end_of_heap
                0x10004280        0x4 c:/nxp/lpcxpresso_8.2.2_650/lpcxpresso/tools/bin/../lib/gcc/arm-none-eabi/5.4.1/../../../../arm-none-eabi/lib/armv7-m\libcr_c.a(__init_alloc.o)
                0x10004280                __end_of_heap
 .bss.errno     0x10004284        0x4 c:/nxp/lpcxpresso_8.2.2_650/lpcxpresso/tools/bin/../lib/gcc/arm-none-eabi/5.4.1/../../../../arm-none-eabi/lib/armv7-m\libcr_c.a(errno.o)
                0x10004284                errno
 *(COMMON)
                0x10004288                . = ALIGN (0x4)
                0x10004288                _ebss = .
                [!provide]                PROVIDE (end, .)

.noinit_RAM2    0x2007c000        0x0
 *(.noinit.$RAM2*)
 *(.noinit.$RamAHB32*)
                0x2007c000                . = ALIGN (0x4)

.noinit         0x10004288        0x0
                0x10004288                _noinit = .
 *(.noinit*)
                0x10004288                . = ALIGN (0x4)
                0x10004288                _end_noinit = .
                0x10004288                PROVIDE (_pvHeapStart, DEFINED (__user_heap_base)?__user_heap_base:.)
                0x10008000                PROVIDE (_vStackTop, DEFINED (__user_stack_top)?__user_stack_top:(__top_RamLoc32 - 0x0))
                [!provide]                PROVIDE (__valid_user_code_checksum, (0x0 - ((((((_vStackTop + (ResetISR + 0x1)) + (NMI_Handler + 0x1)) + (HardFault_Handler + 0x1)) + (DEFINED (MemManage_Handler)?MemManage_Handler:0x0 + 0x1)) + (DEFINED (BusFault_Handler)?BusFault_Handler:0x0 + 0x1)) + (DEFINED (UsageFault_Handler)?UsageFault_Handler:0x0 + 0x1))))
OUTPUT(EventOS_unit_tests.axf elf32-littlearm)

.debug_info     0x00000000     0x3ad9
 .debug_info    0x00000000      0x18b main.o
 .debug_info    0x0000018b      0x549 board.o
 .debug_info    0x000006d4      0x318 system_LPC17xx.o
 .debug_info    0x000009ec      0x1bd cr_startup_lpc17.o
 .debug_info    0x00000ba9      0x474 eventos_test_event.o
 .debug_info    0x0000101d      0x1f2 eventos_test_runner.o
 .debug_info    0x0000120f      0x7cb event.o
 .debug_info    0x000019da      0x264 list.o
 .debug_info    0x00001c3e      0x16f port.o
 .debug_info    0x00001dad     0x151f unity.o
 .debug_info    0x000032cc      0x80d unity_fixture.o

.debug_abbrev   0x00000000      0xf43
 .debug_abbrev  0x00000000       0xd9 main.o
 .debug_abbrev  0x000000d9      0x196 board.o
 .debug_abbrev  0x0000026f       0xe6 system_LPC17xx.o
 .debug_abbrev  0x00000355       0xb9 cr_startup_lpc17.o
 .debug_abbrev  0x0000040e      0x10a eventos_test_event.o
 .debug_abbrev  0x00000518      0x129 eventos_test_runner.o
 .debug_abbrev  0x00000641      0x1ea event.o
 .debug_abbrev  0x0000082b       0xbf list.o
 .debug_abbrev  0x000008ea      0x106 port.o
 .debug_abbrev  0x000009f0      0x2d3 unity.o
 .debug_abbrev  0x00000cc3      0x280 unity_fixture.o

.debug_aranges  0x00000000      0x508
 .debug_aranges
                0x00000000       0x30 main.o
 .debug_aranges
                0x00000030       0x38 board.o
 .debug_aranges
                0x00000068       0x28 system_LPC17xx.o
 .debug_aranges
                0x00000090       0x70 cr_startup_lpc17.o
 .debug_aranges
                0x00000100       0xa0 eventos_test_event.o
 .debug_aranges
                0x000001a0       0x28 eventos_test_runner.o
 .debug_aranges
                0x000001c8       0xa0 event.o
 .debug_aranges
                0x00000268       0x40 list.o
 .debug_aranges
                0x000002a8       0x50 port.o
 .debug_aranges
                0x000002f8      0x150 unity.o
 .debug_aranges
                0x00000448       0xc0 unity_fixture.o

.debug_ranges   0x00000000      0x478
 .debug_ranges  0x00000000       0x20 main.o
 .debug_ranges  0x00000020       0x28 board.o
 .debug_ranges  0x00000048       0x18 system_LPC17xx.o
 .debug_ranges  0x00000060       0x60 cr_startup_lpc17.o
 .debug_ranges  0x000000c0       0x90 eventos_test_event.o
 .debug_ranges  0x00000150       0x18 eventos_test_runner.o
 .debug_ranges  0x00000168       0x90 event.o
 .debug_ranges  0x000001f8       0x30 list.o
 .debug_ranges  0x00000228       0x40 port.o
 .debug_ranges  0x00000268      0x160 unity.o
 .debug_ranges  0x000003c8       0xb0 unity_fixture.o

.debug_macro    0x00000000     0x3ea7
 .debug_macro   0x00000000      0x15b main.o
 .debug_macro   0x0000015b      0x880 main.o
 .debug_macro   0x000009db       0x10 main.o
 .debug_macro   0x000009eb      0x12d main.o
 .debug_macro   0x00000b18       0x28 main.o
 .debug_macro   0x00000b40       0x9a main.o
 .debug_macro   0x00000bda       0x28 main.o
 .debug_macro   0x00000c02       0xa6 main.o
 .debug_macro   0x00000ca8       0x2f main.o
 .debug_macro   0x00000cd7       0x16 main.o
 .debug_macro   0x00000ced       0x10 main.o
 .debug_macro   0x00000cfd       0xc4 main.o
 .debug_macro   0x00000dc1      0x5b2 main.o
 .debug_macro   0x00001373       0x7c main.o
 .debug_macro   0x000013ef       0x10 main.o
 .debug_macro   0x000013ff      0x54f main.o
 .debug_macro   0x0000194e      0x94a main.o
 .debug_macro   0x00002298       0x1c main.o
 .debug_macro   0x000022b4       0x2e main.o
 .debug_macro   0x000022e2       0x18 main.o
 .debug_macro   0x000022fa      0x7af main.o
 .debug_macro   0x00002aa9      0x2c7 main.o
 .debug_macro   0x00002d70       0xca board.o
 .debug_macro   0x00002e3a       0x82 board.o
 .debug_macro   0x00002ebc       0x34 board.o
 .debug_macro   0x00002ef0       0xa0 board.o
 .debug_macro   0x00002f90      0x12b system_LPC17xx.o
 .debug_macro   0x000030bb       0x52 cr_startup_lpc17.o
 .debug_macro   0x0000310d      0x14c eventos_test_event.o
 .debug_macro   0x00003259       0x22 eventos_test_event.o
 .debug_macro   0x0000327b       0x10 eventos_test_event.o
 .debug_macro   0x0000328b       0x4e eventos_test_event.o
 .debug_macro   0x000032d9      0x505 eventos_test_event.o
 .debug_macro   0x000037de       0x1c eventos_test_event.o
 .debug_macro   0x000037fa       0x28 eventos_test_event.o
 .debug_macro   0x00003822       0x10 eventos_test_event.o
 .debug_macro   0x00003832       0x64 eventos_test_event.o
 .debug_macro   0x00003896      0x161 eventos_test_runner.o
 .debug_macro   0x000039f7       0x16 eventos_test_runner.o
 .debug_macro   0x00003a0d       0x16 eventos_test_runner.o
 .debug_macro   0x00003a23       0xd2 event.o
 .debug_macro   0x00003af5       0x16 event.o
 .debug_macro   0x00003b0b       0x10 event.o
 .debug_macro   0x00003b1b       0x7f list.o
 .debug_macro   0x00003b9a       0xec port.o
 .debug_macro   0x00003c86       0xeb unity.o
 .debug_macro   0x00003d71       0x10 unity.o
 .debug_macro   0x00003d81      0x126 unity_fixture.o

.debug_line     0x00000000     0x3104
 .debug_line    0x00000000      0x429 main.o
 .debug_line    0x00000429      0x395 board.o
 .debug_line    0x000007be      0x260 system_LPC17xx.o
 .debug_line    0x00000a1e      0x27c cr_startup_lpc17.o
 .debug_line    0x00000c9a      0x4a9 eventos_test_event.o
 .debug_line    0x00001143      0x40e eventos_test_runner.o
 .debug_line    0x00001551      0x4f6 event.o
 .debug_line    0x00001a47      0x289 list.o
 .debug_line    0x00001cd0      0x349 port.o
 .debug_line    0x00002019      0xbce unity.o
 .debug_line    0x00002be7      0x51d unity_fixture.o

.debug_str      0x00000000    0x20051
 .debug_str     0x00000000    0x1c802 main.o
                              0x1c8c0 (size before relaxing)
 .debug_str     0x0001c802      0x8a5 board.o
                               0x8e36 (size before relaxing)
 .debug_str     0x0001d0a7      0x428 system_LPC17xx.o
                               0x81a0 (size before relaxing)
 .debug_str     0x0001d4cf      0x17e cr_startup_lpc17.o
                               0x3dea (size before relaxing)
 .debug_str     0x0001d64d      0xd71 eventos_test_event.o
                              0x1941c (size before relaxing)
 .debug_str     0x0001e3be      0x172 eventos_test_runner.o
                              0x19072 (size before relaxing)
 .debug_str     0x0001e530      0x7c7 event.o
                               0x3d31 (size before relaxing)
 .debug_str     0x0001ecf7       0xbc list.o
                               0x33aa (size before relaxing)
 .debug_str     0x0001edb3      0x1d7 port.o
                               0x88b2 (size before relaxing)
 .debug_str     0x0001ef8a      0xe0d unity.o
                              0x18e50 (size before relaxing)
 .debug_str     0x0001fd97      0x2ba unity_fixture.o
                              0x18c20 (size before relaxing)

.comment        0x00000000       0xdc
 .comment       0x00000000       0x6e main.o
                                 0x6f (size before relaxing)
 .comment       0x0000006e       0x6f board.o
 .comment       0x0000006e       0x6f system_LPC17xx.o
 .comment       0x0000006e       0x6f cr_startup_lpc17.o
 .comment       0x0000006e       0x6f eventos_test_event.o
 .comment       0x0000006e       0x6f eventos_test_runner.o
 .comment       0x0000006e       0x6f event.o
 .comment       0x0000006e       0x6f list.o
 .comment       0x0000006e       0x6f port.o
 .comment       0x0000006e       0x6f unity.o
 .comment       0x0000006e       0x6f unity_fixture.o
 .comment       0x0000006e       0x6e c:/nxp/lpcxpresso_8.2.2_650/lpcxpresso/tools/bin/../lib/gcc/arm-none-eabi/5.4.1/../../../../arm-none-eabi/lib/armv7-m\libcr_semihost.a(_cr__main.o)
                                 0x6f (size before relaxing)
 .comment       0x000000dc       0x6f c:/nxp/lpcxpresso_8.2.2_650/lpcxpresso/tools/bin/../lib/gcc/arm-none-eabi/5.4.1/../../../../arm-none-eabi/lib/armv7-m\libcr_c.a(memcpy.o)
 .comment       0x000000dc       0x6f c:/nxp/lpcxpresso_8.2.2_650/lpcxpresso/tools/bin/../lib/gcc/arm-none-eabi/5.4.1/../../../../arm-none-eabi/lib/armv7-m\libcr_c.a(memset.o)
 .comment       0x000000dc       0x6f c:/nxp/lpcxpresso_8.2.2_650/lpcxpresso/tools/bin/../lib/gcc/arm-none-eabi/5.4.1/../../../../arm-none-eabi/lib/armv7-m\libcr_c.a(_deferredlazyseek.o)
 .comment       0x000000dc       0x6f c:/nxp/lpcxpresso_8.2.2_650/lpcxpresso/tools/bin/../lib/gcc/arm-none-eabi/5.4.1/../../../../arm-none-eabi/lib/armv7-m\libcr_c.a(_fflush.o)
 .comment       0x000000dc       0x6f c:/nxp/lpcxpresso_8.2.2_650/lpcxpresso/tools/bin/../lib/gcc/arm-none-eabi/5.4.1/../../../../arm-none-eabi/lib/armv7-m\libcr_c.a(_writebuf.o)
 .comment       0x000000dc       0x6f c:/nxp/lpcxpresso_8.2.2_650/lpcxpresso/tools/bin/../lib/gcc/arm-none-eabi/5.4.1/../../../../arm-none-eabi/lib/armv7-m\libcr_c.a(alloc.o)
 .comment       0x000000dc       0x6f c:/nxp/lpcxpresso_8.2.2_650/lpcxpresso/tools/bin/../lib/gcc/arm-none-eabi/5.4.1/../../../../arm-none-eabi/lib/armv7-m\libcr_c.a(fseek.o)
 .comment       0x000000dc       0x6f c:/nxp/lpcxpresso_8.2.2_650/lpcxpresso/tools/bin/../lib/gcc/arm-none-eabi/5.4.1/../../../../arm-none-eabi/lib/armv7-m\libcr_c.a(ftell.o)
 .comment       0x000000dc       0x6f c:/nxp/lpcxpresso_8.2.2_650/lpcxpresso/tools/bin/../lib/gcc/arm-none-eabi/5.4.1/../../../../arm-none-eabi/lib/armv7-m\libcr_c.a(initio.o)
 .comment       0x000000dc       0x6f c:/nxp/lpcxpresso_8.2.2_650/lpcxpresso/tools/bin/../lib/gcc/arm-none-eabi/5.4.1/../../../../arm-none-eabi/lib/armv7-m\libcr_c.a(setvbuf.o)
 .comment       0x000000dc       0x6f c:/nxp/lpcxpresso_8.2.2_650/lpcxpresso/tools/bin/../lib/gcc/arm-none-eabi/5.4.1/../../../../arm-none-eabi/lib/armv7-m\libcr_c.a(stdio.o)
 .comment       0x000000dc       0x6f c:/nxp/lpcxpresso_8.2.2_650/lpcxpresso/tools/bin/../lib/gcc/arm-none-eabi/5.4.1/../../../../arm-none-eabi/lib/armv7-m\libcr_c.a(strlen.o)
 .comment       0x000000dc       0x6f c:/nxp/lpcxpresso_8.2.2_650/lpcxpresso/tools/bin/../lib/gcc/arm-none-eabi/5.4.1/../../../../arm-none-eabi/lib/armv7-m\libcr_c.a(strstr.o)
 .comment       0x000000dc       0x6f c:/nxp/lpcxpresso_8.2.2_650/lpcxpresso/tools/bin/../lib/gcc/arm-none-eabi/5.4.1/../../../../arm-none-eabi/lib/armv7-m\libcr_c.a(__init_alloc.o)
 .comment       0x000000dc       0x6f c:/nxp/lpcxpresso_8.2.2_650/lpcxpresso/tools/bin/../lib/gcc/arm-none-eabi/5.4.1/../../../../arm-none-eabi/lib/armv7-m\libcr_c.a(_cr_sbrk.o)
 .comment       0x000000dc       0x6f c:/nxp/lpcxpresso_8.2.2_650/lpcxpresso/tools/bin/../lib/gcc/arm-none-eabi/5.4.1/../../../../arm-none-eabi/lib/armv7-m\libcr_c.a(_fdopen.o)
 .comment       0x000000dc       0x6f c:/nxp/lpcxpresso_8.2.2_650/lpcxpresso/tools/bin/../lib/gcc/arm-none-eabi/5.4.1/../../../../arm-none-eabi/lib/armv7-m\libcr_c.a(errno.o)
 .comment       0x000000dc       0x6f c:/nxp/lpcxpresso_8.2.2_650/lpcxpresso/tools/bin/../lib/gcc/arm-none-eabi/5.4.1/../../../../arm-none-eabi/lib/armv7-m\libcr_c.a(fclose.o)
 .comment       0x000000dc       0x6f c:/nxp/lpcxpresso_8.2.2_650/lpcxpresso/tools/bin/../lib/gcc/arm-none-eabi/5.4.1/../../../../arm-none-eabi/lib/armv7-m\libcr_c.a(fflush.o)
 .comment       0x000000dc       0x6f c:/nxp/lpcxpresso_8.2.2_650/lpcxpresso/tools/bin/../lib/gcc/arm-none-eabi/5.4.1/../../../../arm-none-eabi/lib/armv7-m\libcr_c.a(remove.o)
 .comment       0x000000dc       0x6f c:/nxp/lpcxpresso_8.2.2_650/lpcxpresso/tools/bin/../lib/gcc/arm-none-eabi/5.4.1/../../../../arm-none-eabi/lib/armv7-m\libcr_c.a(_cr_check_heap.o)
 .comment       0x000000dc       0x6f c:/nxp/lpcxpresso_8.2.2_650/lpcxpresso/tools/bin/../lib/gcc/arm-none-eabi/5.4.1/../../../../arm-none-eabi/lib/armv7-m\libcr_c.a(_do_fflush.o)

.ARM.attributes
                0x00000000       0x31
 .ARM.attributes
                0x00000000       0x33 main.o
 .ARM.attributes
                0x00000033       0x33 board.o
 .ARM.attributes
                0x00000066       0x33 system_LPC17xx.o
 .ARM.attributes
                0x00000099       0x33 cr_startup_lpc17.o
 .ARM.attributes
                0x000000cc       0x33 eventos_test_event.o
 .ARM.attributes
                0x000000ff       0x33 eventos_test_runner.o
 .ARM.attributes
                0x00000132       0x33 event.o
 .ARM.attributes
                0x00000165       0x33 list.o
 .ARM.attributes
                0x00000198       0x33 port.o
 .ARM.attributes
                0x000001cb       0x33 unity.o
 .ARM.attributes
                0x000001fe       0x33 unity_fixture.o
 .ARM.attributes
                0x00000231       0x33 c:/nxp/lpcxpresso_8.2.2_650/lpcxpresso/tools/bin/../lib/gcc/arm-none-eabi/5.4.1/../../../../arm-none-eabi/lib/armv7-m\libcr_semihost.a(_cr__main.o)
 .ARM.attributes
                0x00000264       0x33 c:/nxp/lpcxpresso_8.2.2_650/lpcxpresso/tools/bin/../lib/gcc/arm-none-eabi/5.4.1/../../../../arm-none-eabi/lib/armv7-m\libcr_c.a(memcpy.o)
 .ARM.attributes
                0x00000297       0x33 c:/nxp/lpcxpresso_8.2.2_650/lpcxpresso/tools/bin/../lib/gcc/arm-none-eabi/5.4.1/../../../../arm-none-eabi/lib/armv7-m\libcr_c.a(memset.o)
 .ARM.attributes
                0x000002ca       0x33 c:/nxp/lpcxpresso_8.2.2_650/lpcxpresso/tools/bin/../lib/gcc/arm-none-eabi/5.4.1/../../../../arm-none-eabi/lib/armv7-m\libcr_c.a(_deferredlazyseek.o)
 .ARM.attributes
                0x000002fd       0x33 c:/nxp/lpcxpresso_8.2.2_650/lpcxpresso/tools/bin/../lib/gcc/arm-none-eabi/5.4.1/../../../../arm-none-eabi/lib/armv7-m\libcr_c.a(_fflush.o)
 .ARM.attributes
                0x00000330       0x33 c:/nxp/lpcxpresso_8.2.2_650/lpcxpresso/tools/bin/../lib/gcc/arm-none-eabi/5.4.1/../../../../arm-none-eabi/lib/armv7-m\libcr_c.a(_writebuf.o)
 .ARM.attributes
                0x00000363       0x33 c:/nxp/lpcxpresso_8.2.2_650/lpcxpresso/tools/bin/../lib/gcc/arm-none-eabi/5.4.1/../../../../arm-none-eabi/lib/armv7-m\libcr_c.a(alloc.o)
 .ARM.attributes
                0x00000396       0x33 c:/nxp/lpcxpresso_8.2.2_650/lpcxpresso/tools/bin/../lib/gcc/arm-none-eabi/5.4.1/../../../../arm-none-eabi/lib/armv7-m\libcr_c.a(fseek.o)
 .ARM.attributes
                0x000003c9       0x33 c:/nxp/lpcxpresso_8.2.2_650/lpcxpresso/tools/bin/../lib/gcc/arm-none-eabi/5.4.1/../../../../arm-none-eabi/lib/armv7-m\libcr_c.a(ftell.o)
 .ARM.attributes
                0x000003fc       0x33 c:/nxp/lpcxpresso_8.2.2_650/lpcxpresso/tools/bin/../lib/gcc/arm-none-eabi/5.4.1/../../../../arm-none-eabi/lib/armv7-m\libcr_c.a(initio.o)
 .ARM.attributes
                0x0000042f       0x21 c:/nxp/lpcxpresso_8.2.2_650/lpcxpresso/tools/bin/../lib/gcc/arm-none-eabi/5.4.1/../../../../arm-none-eabi/lib/armv7-m\libcr_c.a(longjmp.o)
 .ARM.attributes
                0x00000450       0x21 c:/nxp/lpcxpresso_8.2.2_650/lpcxpresso/tools/bin/../lib/gcc/arm-none-eabi/5.4.1/../../../../arm-none-eabi/lib/armv7-m\libcr_c.a(setjmp.o)
 .ARM.attributes
                0x00000471       0x33 c:/nxp/lpcxpresso_8.2.2_650/lpcxpresso/tools/bin/../lib/gcc/arm-none-eabi/5.4.1/../../../../arm-none-eabi/lib/armv7-m\libcr_c.a(setvbuf.o)
 .ARM.attributes
                0x000004a4       0x33 c:/nxp/lpcxpresso_8.2.2_650/lpcxpresso/tools/bin/../lib/gcc/arm-none-eabi/5.4.1/../../../../arm-none-eabi/lib/armv7-m\libcr_c.a(stdio.o)
 .ARM.attributes
                0x000004d7       0x33 c:/nxp/lpcxpresso_8.2.2_650/lpcxpresso/tools/bin/../lib/gcc/arm-none-eabi/5.4.1/../../../../arm-none-eabi/lib/armv7-m\libcr_c.a(strlen.o)
 .ARM.attributes
                0x0000050a       0x33 c:/nxp/lpcxpresso_8.2.2_650/lpcxpresso/tools/bin/../lib/gcc/arm-none-eabi/5.4.1/../../../../arm-none-eabi/lib/armv7-m\libcr_c.a(strstr.o)
 .ARM.attributes
                0x0000053d       0x33 c:/nxp/lpcxpresso_8.2.2_650/lpcxpresso/tools/bin/../lib/gcc/arm-none-eabi/5.4.1/../../../../arm-none-eabi/lib/armv7-m\libcr_c.a(__init_alloc.o)
 .ARM.attributes
                0x00000570       0x33 c:/nxp/lpcxpresso_8.2.2_650/lpcxpresso/tools/bin/../lib/gcc/arm-none-eabi/5.4.1/../../../../arm-none-eabi/lib/armv7-m\libcr_c.a(_cr_sbrk.o)
 .ARM.attributes
                0x000005a3       0x33 c:/nxp/lpcxpresso_8.2.2_650/lpcxpresso/tools/bin/../lib/gcc/arm-none-eabi/5.4.1/../../../../arm-none-eabi/lib/armv7-m\libcr_c.a(_fdopen.o)
 .ARM.attributes
                0x000005d6       0x33 c:/nxp/lpcxpresso_8.2.2_650/lpcxpresso/tools/bin/../lib/gcc/arm-none-eabi/5.4.1/../../../../arm-none-eabi/lib/armv7-m\libcr_c.a(errno.o)
 .ARM.attributes
                0x00000609       0x33 c:/nxp/lpcxpresso_8.2.2_650/lpcxpresso/tools/bin/../lib/gcc/arm-none-eabi/5.4.1/../../../../arm-none-eabi/lib/armv7-m\libcr_c.a(fclose.o)
 .ARM.attributes
                0x0000063c       0x33 c:/nxp/lpcxpresso_8.2.2_650/lpcxpresso/tools/bin/../lib/gcc/arm-none-eabi/5.4.1/../../../../arm-none-eabi/lib/armv7-m\libcr_c.a(fflush.o)
 .ARM.attributes
                0x0000066f       0x33 c:/nxp/lpcxpresso_8.2.2_650/lpcxpresso/tools/bin/../lib/gcc/arm-none-eabi/5.4.1/../../../../arm-none-eabi/lib/armv7-m\libcr_c.a(remove.o)
 .ARM.attributes
                0x000006a2       0x33 c:/nxp/lpcxpresso_8.2.2_650/lpcxpresso/tools/bin/../lib/gcc/arm-none-eabi/5.4.1/../../../../arm-none-eabi/lib/armv7-m\libcr_c.a(_cr_check_heap.o)
 .ARM.attributes
                0x000006d5       0x33 c:/nxp/lpcxpresso_8.2.2_650/lpcxpresso/tools/bin/../lib/gcc/arm-none-eabi/5.4.1/../../../../arm-none-eabi/lib/armv7-m\libcr_c.a(_do_fflush.o)
 .ARM.attributes
                0x00000708       0x21 c:/nxp/lpcxpresso_8.2.2_650/lpcxpresso/tools/bin/../lib/gcc/arm-none-eabi/5.4.1/armv7-m\libcr_eabihelpers.a(memcpy.o)
 .ARM.attributes
                0x00000729       0x21 c:/nxp/lpcxpresso_8.2.2_650/lpcxpresso/tools/bin/../lib/gcc/arm-none-eabi/5.4.1/../../../../arm-none-eabi/lib/armv7-m\libcr_semihost.a(__sys_appexit.o)
 .ARM.attributes
                0x0000074a       0x21 c:/nxp/lpcxpresso_8.2.2_650/lpcxpresso/tools/bin/../lib/gcc/arm-none-eabi/5.4.1/../../../../arm-none-eabi/lib/armv7-m\libcr_semihost.a(__sys_close.o)
 .ARM.attributes
                0x0000076b       0x21 c:/nxp/lpcxpresso_8.2.2_650/lpcxpresso/tools/bin/../lib/gcc/arm-none-eabi/5.4.1/../../../../arm-none-eabi/lib/armv7-m\libcr_semihost.a(__sys_flen.o)
 .ARM.attributes
                0x0000078c       0x21 c:/nxp/lpcxpresso_8.2.2_650/lpcxpresso/tools/bin/../lib/gcc/arm-none-eabi/5.4.1/../../../../arm-none-eabi/lib/armv7-m\libcr_semihost.a(__sys_istty.o)
 .ARM.attributes
                0x000007ad       0x21 c:/nxp/lpcxpresso_8.2.2_650/lpcxpresso/tools/bin/../lib/gcc/arm-none-eabi/5.4.1/../../../../arm-none-eabi/lib/armv7-m\libcr_semihost.a(__sys_remove.o)
 .ARM.attributes
                0x000007ce       0x21 c:/nxp/lpcxpresso_8.2.2_650/lpcxpresso/tools/bin/../lib/gcc/arm-none-eabi/5.4.1/../../../../arm-none-eabi/lib/armv7-m\libcr_semihost.a(__sys_seek.o)
 .ARM.attributes
                0x000007ef       0x21 c:/nxp/lpcxpresso_8.2.2_650/lpcxpresso/tools/bin/../lib/gcc/arm-none-eabi/5.4.1/../../../../arm-none-eabi/lib/armv7-m\libcr_semihost.a(__sys_tmpnam.o)
 .ARM.attributes
                0x00000810       0x21 c:/nxp/lpcxpresso_8.2.2_650/lpcxpresso/tools/bin/../lib/gcc/arm-none-eabi/5.4.1/../../../../arm-none-eabi/lib/armv7-m\libcr_semihost.a(__sys_write.o)

.debug_frame    0x00000000     0x11ec
 .debug_frame   0x00000000       0x74 main.o
 .debug_frame   0x00000074       0x94 board.o
 .debug_frame   0x00000108       0x64 system_LPC17xx.o
 .debug_frame   0x0000016c      0x120 cr_startup_lpc17.o
 .debug_frame   0x0000028c      0x268 eventos_test_event.o
 .debug_frame   0x000004f4       0x48 eventos_test_runner.o
 .debug_frame   0x0000053c      0x27c event.o
 .debug_frame   0x000007b8       0xd8 list.o
 .debug_frame   0x00000890       0xe4 port.o
 .debug_frame   0x00000974      0x58c unity.o
 .debug_frame   0x00000f00      0x2ec unity_fixture.o
